<html>
<body>
<pre>
<h1>µVision Build Log</h1>
<h2>Tool Versions:</h2>
IDE-Version: ¦ÌVision V5.23.0.0
Copyright (C) 2017 ARM Ltd and ARM Germany GmbH. All rights reserved.
License Information: yang yuan, duobao, LIC=8VRJ7-EW0AZ-FW62N-YBJTM-X8RHG-DJF7M
 
Tool Versions:
Toolchain:       MDK-ARM Plus  Version: 5.23
Toolchain Path:  C:\Keil_v5\ARM\ARMCC\Bin
C Compiler:      Armcc.exe V5.06 update 4 (build 422)
Assembler:       Armasm.exe V5.06 update 4 (build 422)
Linker/Locator:  ArmLink.exe V5.06 update 4 (build 422)
Library Manager: ArmAr.exe V5.06 update 4 (build 422)
Hex Converter:   FromElf.exe V5.06 update 4 (build 422)
CPU DLL:         SARMCM3.DLL V5.23
Dialog DLL:      DCM.DLL V1.15.0.0
Target DLL:      STLink\ST-LINKIII-KEIL_SWO.dll V2.0.18.0
Dialog DLL:      TCM.DLL V1.27.0.0
 
<h2>Project:</h2>
C:\Users\Administrator\Desktop\SmartOffice_repo\SmartOffice\SmartOffice\MDK-ARM\SmartOffice.uvprojx
Project File Date:  08/09/2024

<h2>Output:</h2>
*** Using Compiler 'V5.06 update 4 (build 422)', folder: 'C:\Keil_v5\ARM\ARMCC\Bin'
Rebuild target 'SmartOffice'
assembling startup_stm32f407xx.s...
compiling delay.c...
compiling gt9xxx.c...
compiling norflash.c...
compiling gpio.c...
compiling ft5206.c...
compiling ds18b20.c...
compiling fsmc.c...
compiling touch.c...
compiling ctiic.c...
compiling freertos.c...
compiling dht11.c...
compiling user_diskio.c...
compiling lcd.c...
compiling fatfs.c...
compiling main.c...
compiling spi.c...
compiling stm32f4xx_hal_i2c_ex.c...
compiling usart.c...
compiling stm32f4xx_ll_fsmc.c...
compiling i2c.c...
compiling stm32f4xx_hal_sram.c...
compiling stm32f4xx_hal_spi.c...
compiling stm32f4xx_hal_msp.c...
compiling stm32f4xx_it.c...
compiling stm32f4xx_hal_eth.c...
compiling stm32f4xx_hal_timebase_tim.c...
compiling ethernetif.c...
compiling lwip.c...
compiling stm32f4xx_hal_tim.c...
compiling stm32f4xx_hal_i2c.c...
compiling stm32f4xx_hal_rcc_ex.c...
compiling stm32f4xx_hal_flash_ramfunc.c...
compiling stm32f4xx_hal_flash_ex.c...
compiling stm32f4xx_hal_gpio.c...
compiling stm32f4xx_hal_pwr_ex.c...
compiling stm32f4xx_hal_exti.c...
compiling stm32f4xx_hal_flash.c...
compiling stm32f4xx_hal.c...
compiling stm32f4xx_hal_cortex.c...
compiling stm32f4xx_hal_dma_ex.c...
compiling stm32f4xx_hal_pwr.c...
compiling stm32f4xx_hal_dma.c...
compiling stm32f4xx_hal_tim_ex.c...
compiling stm32f4xx_hal_uart.c...
compiling stm32f4xx_hal_rcc.c...
compiling system_stm32f4xx.c...
compiling eap.c...
compiling ipcp.c...
compiling lcp.c...
compiling fsm.c...
compiling ccp.c...
compiling magic.c...
compiling ipv6cp.c...
compiling auth.c...
compiling chap_ms.c...
compiling demand.c...
compiling chap-new.c...
compiling mppe.c...
compiling eui64.c...
compiling chap-md5.c...
compiling pppcrypt.c...
compiling pppapi.c...
compiling pppol2tp.c...
compiling pppos.c...
compiling pppoe.c...
compiling ppp.c...
compiling vj.c...
compiling multilink.c...
compiling upap.c...
compiling lowpan6.c...
compiling utils.c...
compiling ecp.c...
compiling ethernet.c...
compiling slipif.c...
compiling api_lib.c...
compiling dns.c...
compiling altcp_alloc.c...
compiling altcp_tcp.c...
compiling altcp.c...
compiling def.c...
compiling if_api.c...
compiling netifapi.c...
compiling err.c...
compiling netdb.c...
compiling inet_chksum.c...
compiling tcpip.c...
compiling netbuf.c...
compiling sockets.c...
compiling init.c...
compiling api_msg.c...
compiling autoip.c...
compiling dhcp.c...
compiling stats.c...
compiling mem.c...
compiling sys.c...
compiling tcp_out.c...
compiling ip.c...
compiling tcp_in.c...
compiling udp.c...
compiling raw.c...
compiling tcp.c...
compiling timeouts.c...
compiling pbuf.c...
compiling netif.c...
compiling memp.c...
compiling ip6_addr.c...
compiling ethip6.c...
compiling icmp6.c...
compiling nd6.c...
compiling ip6.c...
compiling croutine.c...
compiling inet6.c...
compiling igmp.c...
compiling ip6_frag.c...
compiling etharp.c...
compiling icmp.c...
compiling ip4_addr.c...
compiling ip4_frag.c...
compiling ip4.c...
compiling dhcp6.c...
compiling mld6.c...
compiling event_groups.c...
compiling list.c...
compiling timers.c...
compiling heap_4.c...
compiling stream_buffer.c...
compiling queue.c...
compiling tasks.c...
compiling port.c...
compiling cmsis_os.c...
compiling ff_gen_drv.c...
compiling syscall.c...
compiling diskio.c...
compiling sys_arch.c...
compiling cc936.c...
compiling mqtt.c...
compiling ff.c...
linking...
Program Size: Code=90168 RO-data=188700 RW-data=556 ZI-data=84292  
FromELF: creating hex file...
"SmartOffice\SmartOffice.axf" - 0 Error(s), 0 Warning(s).

<h2>Collection of Component include folders:</h2>
  .\RTE\_SmartOffice
  C:\Keil_v5\ARM\PACK\Keil\STM32F4xx_DFP\2.12.0\Drivers\CMSIS\Device\ST\STM32F4xx\Include

<h2>Collection of Component Files used:</h2>
Build Time Elapsed:  00:00:44
</pre>
</body>
</html>
