Component: ARM Compiler 5.06 update 4 (build 422) Tool: armlink [4d35d2]

==============================================================================

Section Cross References

    startup_stm32f407xx.o(RESET) refers to startup_stm32f407xx.o(STACK) for __initial_sp
    startup_stm32f407xx.o(RESET) refers to startup_stm32f407xx.o(.text) for Reset_Handler
    startup_stm32f407xx.o(RESET) refers to stm32f4xx_it.o(i.NMI_Handler) for NMI_Handler
    startup_stm32f407xx.o(RESET) refers to stm32f4xx_it.o(i.HardFault_Handler) for HardFault_Handler
    startup_stm32f407xx.o(RESET) refers to stm32f4xx_it.o(i.MemManage_Handler) for MemManage_Handler
    startup_stm32f407xx.o(RESET) refers to stm32f4xx_it.o(i.BusFault_Handler) for BusFault_Handler
    startup_stm32f407xx.o(RESET) refers to stm32f4xx_it.o(i.UsageFault_Handler) for UsageFault_Handler
    startup_stm32f407xx.o(RESET) refers to stm32f4xx_it.o(i.SVC_Handler) for SVC_Handler
    startup_stm32f407xx.o(RESET) refers to stm32f4xx_it.o(i.DebugMon_Handler) for DebugMon_Handler
    startup_stm32f407xx.o(RESET) refers to stm32f4xx_it.o(i.PendSV_Handler) for PendSV_Handler
    startup_stm32f407xx.o(RESET) refers to stm32f4xx_it.o(i.SysTick_Handler) for SysTick_Handler
    startup_stm32f407xx.o(RESET) refers to stm32f4xx_it.o(i.OTG_FS_IRQHandler) for OTG_FS_IRQHandler
    startup_stm32f407xx.o(.text) refers to system_stm32f4xx.o(i.SystemInit) for SystemInit
    startup_stm32f407xx.o(.text) refers to entry.o(.ARM.Collect$$$$00000000) for __main
    system_stm32f4xx.o(i.SystemCoreClockUpdate) refers to system_stm32f4xx.o(.data) for .data
    system_stm32f4xx.o(i.SystemCoreClockUpdate) refers to system_stm32f4xx.o(.constdata) for .constdata
    stm32f4xx_hal_msp.o(i.HAL_MspInit) refers to stm32f4xx_hal_cortex.o(i.HAL_NVIC_SetPriorityGrouping) for HAL_NVIC_SetPriorityGrouping
    stm32f4xx_hal_msp.o(i.HAL_MspInit) refers to stm32f4xx_hal_cortex.o(i.HAL_NVIC_SetPriority) for HAL_NVIC_SetPriority
    main.o(i.SystemClock_Config) refers to stm32f4xx_hal_rcc.o(i.HAL_RCC_OscConfig) for HAL_RCC_OscConfig
    main.o(i.SystemClock_Config) refers to stm32f4xx_hal_rcc.o(i.HAL_RCC_ClockConfig) for HAL_RCC_ClockConfig
    main.o(i.SystemClock_Config) refers to stm32f4xx_hal_rcc.o(i.HAL_RCC_GetHCLKFreq) for HAL_RCC_GetHCLKFreq
    main.o(i.SystemClock_Config) refers to stm32f4xx_hal_cortex.o(i.HAL_SYSTICK_Config) for HAL_SYSTICK_Config
    main.o(i.SystemClock_Config) refers to stm32f4xx_hal_cortex.o(i.HAL_SYSTICK_CLKSourceConfig) for HAL_SYSTICK_CLKSourceConfig
    main.o(i.SystemClock_Config) refers to stm32f4xx_hal_cortex.o(i.HAL_NVIC_SetPriority) for HAL_NVIC_SetPriority
    main.o(i.USBH_UserProcess) refers to ff.o(i.f_mount) for f_mount
    main.o(i.USBH_UserProcess) refers to lcd.o(i.lcd_show_string) for lcd_show_string
    main.o(i.USBH_UserProcess) refers to lcd.o(i.lcd_fill) for lcd_fill
    main.o(i.USBH_UserProcess) refers to exfuns.o(i.exfuns_get_free) for exfuns_get_free
    main.o(i.USBH_UserProcess) refers to printf8.o(i.__0printf$8) for __2printf
    main.o(i.USBH_UserProcess) refers to lcd.o(i.lcd_show_num) for lcd_show_num
    main.o(i.USBH_UserProcess) refers to exfuns.o(.data) for fs
    main.o(i.main) refers to stm32f4xx_hal.o(i.HAL_Init) for HAL_Init
    main.o(i.main) refers to main.o(i.SystemClock_Config) for SystemClock_Config
    main.o(i.main) refers to gpio.o(i.MX_GPIO_Init) for MX_GPIO_Init
    main.o(i.main) refers to usart.o(i.MX_USART1_UART_Init) for MX_USART1_UART_Init
    main.o(i.main) refers to usb_otg.o(i.MX_USB_OTG_FS_HCD_Init) for MX_USB_OTG_FS_HCD_Init
    main.o(i.main) refers to fsmc.o(i.MX_FSMC_Init) for MX_FSMC_Init
    main.o(i.main) refers to spi.o(i.MX_SPI2_Init) for MX_SPI2_Init
    main.o(i.main) refers to delay.o(i.delay_init) for delay_init
    main.o(i.main) refers to lcd.o(i.lcd_init) for lcd_init
    main.o(i.main) refers to printf8.o(i.__0sprintf$8) for __2sprintf
    main.o(i.main) refers to malloc.o(i.my_mem_init) for my_mem_init
    main.o(i.main) refers to exfuns.o(i.exfuns_init) for exfuns_init
    main.o(i.main) refers to lcd.o(i.lcd_show_string) for lcd_show_string
    main.o(i.main) refers to usbh_core.o(i.USBH_Init) for USBH_Init
    main.o(i.main) refers to usbh_core.o(i.USBH_RegisterClass) for USBH_RegisterClass
    main.o(i.main) refers to usbh_core.o(i.USBH_Start) for USBH_Start
    main.o(i.main) refers to usbh_core.o(i.USBH_Process) for USBH_Process
    main.o(i.main) refers to delay.o(i.delay_ms) for delay_ms
    main.o(i.main) refers to stm32f4xx_hal_gpio.o(i.HAL_GPIO_TogglePin) for HAL_GPIO_TogglePin
    main.o(i.main) refers to lcd.o(.bss) for lcddev
    main.o(i.main) refers to main.o(.bss) for .bss
    main.o(i.main) refers to main.o(i.USBH_UserProcess) for USBH_UserProcess
    main.o(i.main) refers to usbh_msc.o(.data) for USBH_msc
    main.o(i.main) refers to main.o(.data) for .data
[...]
    _printf_pre_padding                      0x08005549   Thumb Code    46  printf8.o(i._printf_pre_padding)
    i._sputc                                 0x08005576   Section        0  printf8.o(i._sputc)
    _sputc                                   0x08005577   Thumb Code    10  printf8.o(i._sputc)
    i.check_fs                               0x08005580   Section        0  ff.o(i.check_fs)
    check_fs                                 0x08005581   Thumb Code   218  ff.o(i.check_fs)
    i.clst2sect                              0x08005674   Section        0  ff.o(i.clst2sect)
    clst2sect                                0x08005675   Thumb Code    24  ff.o(i.clst2sect)
    i.delay_init                             0x0800568c   Section        0  delay.o(i.delay_init)
    i.delay_ms                               0x08005698   Section        0  delay.o(i.delay_ms)
    i.delay_us                               0x080056a4   Section        0  delay.o(i.delay_us)
    i.disk_initialize                        0x080056d8   Section        0  diskio.o(i.disk_initialize)
    i.disk_read                              0x080056f6   Section        0  diskio.o(i.disk_read)
    i.disk_status                            0x08005740   Section        0  diskio.o(i.disk_status)
    i.disk_write                             0x08005744   Section        0  diskio.o(i.disk_write)
    i.exfuns_get_free                        0x0800578e   Section        0  exfuns.o(i.exfuns_get_free)
    i.exfuns_init                            0x080057bc   Section        0  exfuns.o(i.exfuns_init)
    i.f_getfree                              0x080057f0   Section        0  ff.o(i.f_getfree)
    i.f_mount                                0x08005908   Section        0  ff.o(i.f_mount)
    i.fputc                                  0x08005954   Section        0  usart.o(i.fputc)
    i.get_fat                                0x08005968   Section        0  ff.o(i.get_fat)
    get_fat                                  0x08005969   Thumb Code   308  ff.o(i.get_fat)
    i.get_ldnumber                           0x08005a9c   Section        0  ff.o(i.get_ldnumber)
    get_ldnumber                             0x08005a9d   Thumb Code    56  ff.o(i.get_ldnumber)
    i.lcd_clear                              0x08005ad4   Section        0  lcd.o(i.lcd_clear)
    i.lcd_display_dir                        0x08005b04   Section        0  lcd.o(i.lcd_display_dir)
    i.lcd_draw_point                         0x08005bf0   Section        0  lcd.o(i.lcd_draw_point)
    i.lcd_ex_ili9341_reginit                 0x08005c08   Section        0  lcd.o(i.lcd_ex_ili9341_reginit)
    i.lcd_ex_ili9806_reginit                 0x08005e36   Section        0  lcd.o(i.lcd_ex_ili9806_reginit)
    i.lcd_ex_nt35310_reginit                 0x08006178   Section        0  lcd.o(i.lcd_ex_nt35310_reginit)
    i.lcd_ex_nt35510_reginit                 0x0800706c   Section        0  lcd.o(i.lcd_ex_nt35510_reginit)
    i.lcd_ex_ssd1963_reginit                 0x08007f66   Section        0  lcd.o(i.lcd_ex_ssd1963_reginit)
    i.lcd_ex_st7789_reginit                  0x080080d6   Section        0  lcd.o(i.lcd_ex_st7789_reginit)
    i.lcd_ex_st7796_reginit                  0x08008280   Section        0  lcd.o(i.lcd_ex_st7796_reginit)
    i.lcd_fill                               0x08008448   Section        0  lcd.o(i.lcd_fill)
    i.lcd_init                               0x08008490   Section        0  lcd.o(i.lcd_init)
    i.lcd_pow                                0x08008728   Section        0  lcd.o(i.lcd_pow)
    lcd_pow                                  0x08008729   Thumb Code    16  lcd.o(i.lcd_pow)
    i.lcd_rd_data                            0x08008738   Section        0  lcd.o(i.lcd_rd_data)
    lcd_rd_data                              0x08008739   Thumb Code    22  lcd.o(i.lcd_rd_data)
    i.lcd_scan_dir                           0x08008754   Section        0  lcd.o(i.lcd_scan_dir)
    i.lcd_set_cursor                         0x080088d8   Section        0  lcd.o(i.lcd_set_cursor)
    i.lcd_show_char                          0x080089cc   Section        0  lcd.o(i.lcd_show_char)
    i.lcd_show_num                           0x08008aa8   Section        0  lcd.o(i.lcd_show_num)
    i.lcd_show_string                        0x08008b1a   Section        0  lcd.o(i.lcd_show_string)
    i.lcd_ssd_backlight_set                  0x08008b70   Section        0  lcd.o(i.lcd_ssd_backlight_set)
    i.lcd_wr_data                            0x08008bc0   Section        0  lcd.o(i.lcd_wr_data)
    i.lcd_wr_regno                           0x08008bd8   Section        0  lcd.o(i.lcd_wr_regno)
    i.lcd_write_ram_prepare                  0x08008bf0   Section        0  lcd.o(i.lcd_write_ram_prepare)
    i.lcd_write_reg                          0x08008c04   Section        0  lcd.o(i.lcd_write_reg)
    i.ld_dword                               0x08008c14   Section        0  ff.o(i.ld_dword)
    ld_dword                                 0x08008c15   Thumb Code    22  ff.o(i.ld_dword)
    i.ld_qword                               0x08008c2a   Section        0  ff.o(i.ld_qword)
    ld_qword                                 0x08008c2b   Thumb Code    86  ff.o(i.ld_qword)
    i.ld_word                                0x08008c80   Section        0  ff.o(i.ld_word)
    ld_word                                  0x08008c81   Thumb Code    10  ff.o(i.ld_word)
    i.main                                   0x08008c8c   Section        0  main.o(i.main)
    i.mf_free                                0x08008dd0   Section        0  fattester.o(i.mf_free)
    i.mf_init                                0x08008df0   Section        0  fattester.o(i.mf_init)
    i.mount_volume                           0x08008e24   Section        0  ff.o(i.mount_volume)
    mount_volume                             0x08008e25   Thumb Code   918  ff.o(i.mount_volume)
    i.move_window                            0x080091d4   Section        0  ff.o(i.move_window)
    move_window                              0x080091d5   Thumb Code    50  ff.o(i.move_window)
    i.my_mem_free                            0x08009208   Section        0  malloc.o(i.my_mem_free)
    i.my_mem_init                            0x08009260   Section        0  malloc.o(i.my_mem_init)
    i.my_mem_malloc                          0x0800928c   Section        0  malloc.o(i.my_mem_malloc)
    i.my_mem_perused                         0x0800931c   Section        0  malloc.o(i.my_mem_perused)
    i.my_mem_set                             0x08009358   Section        0  malloc.o(i.my_mem_set)
    i.myfree                                 0x08009368   Section        0  malloc.o(i.myfree)
    i.mymalloc                               0x08009380   Section        0  malloc.o(i.mymalloc)
    i.norflash_erase_sector                  0x080093a0   Section        0  norflash.o(i.norflash_erase_sector)
    i.norflash_init                          0x080093dc   Section        0  norflash.o(i.norflash_init)
    i.norflash_read                          0x0800946c   Section        0  norflash.o(i.norflash_read)
    i.norflash_read_id                       0x080094b4   Section        0  norflash.o(i.norflash_read_id)
    i.norflash_read_sr                       0x080094fc   Section        0  norflash.o(i.norflash_read_sr)
    i.norflash_send_address                  0x08009540   Section        0  norflash.o(i.norflash_send_address)
    norflash_send_address                    0x08009541   Thumb Code    48  norflash.o(i.norflash_send_address)
    i.norflash_wait_busy                     0x08009574   Section        0  norflash.o(i.norflash_wait_busy)
    norflash_wait_busy                       0x08009575   Thumb Code    14  norflash.o(i.norflash_wait_busy)
    i.norflash_write                         0x08009584   Section        0  norflash.o(i.norflash_write)
    i.norflash_write_enable                  0x08009620   Section        0  norflash.o(i.norflash_write_enable)
    i.norflash_write_nocheck                 0x08009648   Section        0  norflash.o(i.norflash_write_nocheck)
    norflash_write_nocheck                   0x08009649   Thumb Code   120  norflash.o(i.norflash_write_nocheck)
    i.norflash_write_sr                      0x080096c4   Section        0  norflash.o(i.norflash_write_sr)
    i.spi2_read_write_byte                   0x08009708   Section        0  spi.o(i.spi2_read_write_byte)
    i.spi2_set_speed                         0x08009728   Section        0  spi.o(i.spi2_set_speed)
    i.sync_window                            0x0800975c   Section        0  ff.o(i.sync_window)
    sync_window                              0x0800975d   Thumb Code    70  ff.o(i.sync_window)
    .constdata                               0x080097a2   Section       16  system_stm32f4xx.o(.constdata)
    .constdata                               0x080097b2   Section        8  system_stm32f4xx.o(.constdata)
    .constdata                               0x080097ba   Section    12160  lcd.o(.constdata)
    .constdata                               0x0800c73c   Section       24  malloc.o(.constdata)
    .conststring                             0x0800c754   Section       66  usbh_core.o(.conststring)
    .conststring                             0x0800c798   Section        4  usbh_msc.o(.conststring)
    .ARM.__AT_0x10000000                     0x10000000   Section    61440  malloc.o(.ARM.__AT_0x10000000)
    mem2base                                 0x10000000   Data       61440  malloc.o(.ARM.__AT_0x10000000)
    .ARM.__AT_0x1000F000                     0x1000f000   Section     3840  malloc.o(.ARM.__AT_0x1000F000)
    mem2mapbase                              0x1000f000   Data        3840  malloc.o(.ARM.__AT_0x1000F000)
    .data                                    0x20000000   Section        4  system_stm32f4xx.o(.data)
    .data                                    0x20000004   Section        1  main.o(.data)
    .data                                    0x20000008   Section        8  fsmc.o(.data)
    FSMC_Initialized                         0x20000008   Data           4  fsmc.o(.data)
    FSMC_DeInitialized                       0x2000000c   Data           4  fsmc.o(.data)
    .data                                    0x20000010   Section        4  delay.o(.data)
    g_fac_us                                 0x20000010   Data           4  delay.o(.data)
    .data                                    0x20000014   Section        4  lcd.o(.data)
    .data                                    0x20000018   Section       28  malloc.o(.data)
    .data                                    0x20000034   Section        2  norflash.o(.data)
    .data                                    0x20000038   Section       12  stm32f4xx_hal.o(.data)
    .data                                    0x20000044   Section       32  usbh_msc.o(.data)
    .data                                    0x20000064   Section       12  ff.o(.data)
    Fsid                                     0x20000064   Data           2  ff.o(.data)
    FatFs                                    0x20000068   Data           8  ff.o(.data)
    .data                                    0x20000070   Section        8  exfuns.o(.data)
    .data                                    0x20000078   Section        4  stdout.o(.data)
    .bss                                     0x2000007c   Section     1252  main.o(.bss)
    .bss                                     0x20000560   Section      772  usb_otg.o(.bss)
    .bss                                     0x20000864   Section       80  fsmc.o(.bss)
    .bss                                     0x200008b4   Section       68  usart.o(.bss)
    .bss                                     0x200008f8   Section       14  lcd.o(.bss)
    .bss                                     0x20000940   Section    102400  malloc.o(.bss)
    mem1base                                 0x20000940   Data       102400  malloc.o(.bss)
    .bss                                     0x20019940   Section     6400  malloc.o(.bss)
    mem1mapbase                              0x20019940   Data        6400  malloc.o(.bss)
    .bss                                     0x2001b240   Section     4096  norflash.o(.bss)
    .bss                                     0x2001c240   Section       88  spi.o(.bss)
    .bss                                     0x2001c298   Section      772  usbh_conf.o(.bss)
    .bss                                     0x2001c59c   Section     1120  ff.o(.bss)
    DirBuf                                   0x2001c59c   Data         608  ff.o(.bss)
    LfnBuf                                   0x2001c7fc   Data         512  ff.o(.bss)
    .bss                                     0x2001ca00   Section      384  fattester.o(.bss)
    STACK                                    0x2001cb80   Section     1024  startup_stm32f407xx.o(STACK)

    Global Symbols

    Symbol Name                              Value     Ov Type        Size  Object(Section)

    BuildAttributes$$THM_ISAv4$E$P$D$K$B$S$7EM$VFPi3$EXTD16$VFPS$VFMA$PE$A:L22UL41UL21$X:L11$S22US41US21$IEEE1$IW$USESV6$~STKCKD$USESV7$~SHL$OSPACE$ROPI$EBA8$MICROLIB$REQ8$PRES8$EABIv2 0x00000000   Number         0  anon$$obj.o ABSOLUTE
    __ARM_use_no_argv                        0x00000000   Number         0  main.o ABSOLUTE
    _printf_a                                0x00000000   Number         0  stubs.o ABSOLUTE
    _printf_c                                0x00000000   Number         0  stubs.o ABSOLUTE
    _printf_charcount                        0x00000000   Number         0  stubs.o ABSOLUTE
    _printf_d                                0x00000000   Number         0  stubs.o ABSOLUTE
    _printf_e                                0x00000000   Number         0  stubs.o ABSOLUTE
    _printf_f                                0x00000000   Number         0  stubs.o ABSOLUTE
    _printf_flags                            0x00000000   Number         0  stubs.o ABSOLUTE
    _printf_fp_dec                           0x00000000   Number         0  stubs.o ABSOLUTE
    _printf_fp_hex                           0x00000000   Number         0  stubs.o ABSOLUTE
    _printf_g                                0x00000000   Number         0  stubs.o ABSOLUTE
    _printf_i                                0x00000000   Number         0  stubs.o ABSOLUTE
    _printf_int_dec                          0x00000000   Number         0  stubs.o ABSOLUTE
    _printf_l                                0x00000000   Number         0  stubs.o ABSOLUTE
    _printf_lc                               0x00000000   Number         0  stubs.o ABSOLUTE
    _printf_ll                               0x00000000   Number         0  stubs.o ABSOLUTE
    _printf_lld                              0x00000000   Number         0  stubs.o ABSOLUTE
    _printf_lli                              0x00000000   Number         0  stubs.o ABSOLUTE
    _printf_llo                              0x00000000   Number         0  stubs.o ABSOLUTE
    _printf_llu                              0x00000000   Number         0  stubs.o ABSOLUTE
    _printf_llx                              0x00000000   Number         0  stubs.o ABSOLUTE
    _printf_longlong_dec                     0x00000000   Number         0  stubs.o ABSOLUTE
    _printf_longlong_hex                     0x00000000   Number         0  stubs.o ABSOLUTE
    _printf_longlong_oct                     0x00000000   Number         0  stubs.o ABSOLUTE
    _printf_ls                               0x00000000   Number         0  stubs.o ABSOLUTE
    _printf_mbtowc                           0x00000000   Number         0  stubs.o ABSOLUTE
    _printf_n                                0x00000000   Number         0  stubs.o ABSOLUTE
    _printf_o                                0x00000000   Number         0  stubs.o ABSOLUTE
    _printf_p                                0x00000000   Number         0  stubs.o ABSOLUTE
    _printf_percent                          0x00000000   Number         0  stubs.o ABSOLUTE
    _printf_pre_padding                      0x00000000   Number         0  stubs.o ABSOLUTE
    _printf_return_value                     0x00000000   Number         0  stubs.o ABSOLUTE
    _printf_s                                0x00000000   Number         0  stubs.o ABSOLUTE
    _printf_sizespec                         0x00000000   Number         0  stubs.o ABSOLUTE
    _printf_str                              0x00000000   Number         0  stubs.o ABSOLUTE
    _printf_truncate_signed                  0x00000000   Number         0  stubs.o ABSOLUTE
    _printf_truncate_unsigned                0x00000000   Number         0  stubs.o ABSOLUTE
    _printf_u                                0x00000000   Number         0  stubs.o ABSOLUTE
    _printf_wc                               0x00000000   Number         0  stubs.o ABSOLUTE
    _printf_wctomb                           0x00000000   Number         0  stubs.o ABSOLUTE
    _printf_widthprec                        0x00000000   Number         0  stubs.o ABSOLUTE
    _printf_x                                0x00000000   Number         0  stubs.o ABSOLUTE
    __cpp_initialize__aeabi_                  - Undefined Weak Reference
    __cxa_finalize                            - Undefined Weak Reference
    __decompress                              - Undefined Weak Reference
    _clock_init                               - Undefined Weak Reference
    _microlib_exit                            - Undefined Weak Reference
    __Vectors_Size                           0x00000188   Number         0  startup_stm32f407xx.o ABSOLUTE
    __Vectors                                0x08000000   Data           4  startup_stm32f407xx.o(RESET)
    __Vectors_End                            0x08000188   Data           0  startup_stm32f407xx.o(RESET)
    __main                                   0x08000189   Thumb Code     0  entry.o(.ARM.Collect$$$$00000000)
    _main_stk                                0x08000189   Thumb Code     0  entry2.o(.ARM.Collect$$$$00000001)
    _main_scatterload                        0x0800018d   Thumb Code     0  entry5.o(.ARM.Collect$$$$00000004)
    __main_after_scatterload                 0x08000191   Thumb Code     0  entry5.o(.ARM.Collect$$$$00000004)
    _main_clock                              0x08000191   Thumb Code     0  entry7b.o(.ARM.Collect$$$$00000008)
    _main_cpp_init                           0x08000191   Thumb Code     0  entry8b.o(.ARM.Collect$$$$0000000A)
    _main_init                               0x08000191   Thumb Code     0  entry9a.o(.ARM.Collect$$$$0000000B)
    __rt_final_cpp                           0x08000199   Thumb Code     0  entry10a.o(.ARM.Collect$$$$0000000D)
    __rt_final_exit                          0x08000199   Thumb Code     0  entry11a.o(.ARM.Collect$$$$0000000F)
    Reset_Handler                            0x0800019d   Thumb Code     8  startup_stm32f407xx.o(.text)
    ADC_IRQHandler                           0x080001b7   Thumb Code     0  startup_stm32f407xx.o(.text)
    CAN1_RX0_IRQHandler                      0x080001b7   Thumb Code     0  startup_stm32f407xx.o(.text)
    CAN1_RX1_IRQHandler                      0x080001b7   Thumb Code     0  startup_stm32f407xx.o(.text)
    CAN1_SCE_IRQHandler                      0x080001b7   Thumb Code     0  startup_stm32f407xx.o(.text)
    CAN1_TX_IRQHandler                       0x080001b7   Thumb Code     0  startup_stm32f407xx.o(.text)
    CAN2_RX0_IRQHandler                      0x080001b7   Thumb Code     0  startup_stm32f407xx.o(.text)
    CAN2_RX1_IRQHandler                      0x080001b7   Thumb Code     0  startup_stm32f407xx.o(.text)
    CAN2_SCE_IRQHandler                      0x080001b7   Thumb Code     0  startup_stm32f407xx.o(.text)
    CAN2_TX_IRQHandler                       0x080001b7   Thumb Code     0  startup_stm32f407xx.o(.text)
    DCMI_IRQHandler                          0x080001b7   Thumb Code     0  startup_stm32f407xx.o(.text)
    DMA1_Stream0_IRQHandler                  0x080001b7   Thumb Code     0  startup_stm32f407xx.o(.text)
    DMA1_Stream1_IRQHandler                  0x080001b7   Thumb Code     0  startup_stm32f407xx.o(.text)
    DMA1_Stream2_IRQHandler                  0x080001b7   Thumb Code     0  startup_stm32f407xx.o(.text)
    DMA1_Stream3_IRQHandler                  0x080001b7   Thumb Code     0  startup_stm32f407xx.o(.text)
    DMA1_Stream4_IRQHandler                  0x080001b7   Thumb Code     0  startup_stm32f407xx.o(.text)
    DMA1_Stream5_IRQHandler                  0x080001b7   Thumb Code     0  startup_stm32f407xx.o(.text)
    DMA1_Stream6_IRQHandler                  0x080001b7   Thumb Code     0  startup_stm32f407xx.o(.text)
    DMA1_Stream7_IRQHandler                  0x080001b7   Thumb Code     0  startup_stm32f407xx.o(.text)
    DMA2_Stream0_IRQHandler                  0x080001b7   Thumb Code     0  startup_stm32f407xx.o(.text)
    DMA2_Stream1_IRQHandler                  0x080001b7   Thumb Code     0  startup_stm32f407xx.o(.text)
    DMA2_Stream2_IRQHandler                  0x080001b7   Thumb Code     0  startup_stm32f407xx.o(.text)
    DMA2_Stream3_IRQHandler                  0x080001b7   Thumb Code     0  startup_stm32f407xx.o(.text)
    DMA2_Stream4_IRQHandler                  0x080001b7   Thumb Code     0  startup_stm32f407xx.o(.text)
    DMA2_Stream5_IRQHandler                  0x080001b7   Thumb Code     0  startup_stm32f407xx.o(.text)
    DMA2_Stream6_IRQHandler                  0x080001b7   Thumb Code     0  startup_stm32f407xx.o(.text)
    DMA2_Stream7_IRQHandler                  0x080001b7   Thumb Code     0  startup_stm32f407xx.o(.text)
    ETH_IRQHandler                           0x080001b7   Thumb Code     0  startup_stm32f407xx.o(.text)
    ETH_WKUP_IRQHandler                      0x080001b7   Thumb Code     0  startup_stm32f407xx.o(.text)
    EXTI0_IRQHandler                         0x080001b7   Thumb Code     0  startup_stm32f407xx.o(.text)
    EXTI15_10_IRQHandler                     0x080001b7   Thumb Code     0  startup_stm32f407xx.o(.text)
    EXTI1_IRQHandler                         0x080001b7   Thumb Code     0  startup_stm32f407xx.o(.text)
    EXTI2_IRQHandler                         0x080001b7   Thumb Code     0  startup_stm32f407xx.o(.text)
    EXTI3_IRQHandler                         0x080001b7   Thumb Code     0  startup_stm32f407xx.o(.text)
    EXTI4_IRQHandler                         0x080001b7   Thumb Code     0  startup_stm32f407xx.o(.text)
    EXTI9_5_IRQHandler                       0x080001b7   Thumb Code     0  startup_stm32f407xx.o(.text)
    FLASH_IRQHandler                         0x080001b7   Thumb Code     0  startup_stm32f407xx.o(.text)
    FMC_IRQHandler                           0x080001b7   Thumb Code     0  startup_stm32f407xx.o(.text)
    FPU_IRQHandler                           0x080001b7   Thumb Code     0  startup_stm32f407xx.o(.text)
    HASH_RNG_IRQHandler                      0x080001b7   Thumb Code     0  startup_stm32f407xx.o(.text)
    I2C1_ER_IRQHandler                       0x080001b7   Thumb Code     0  startup_stm32f407xx.o(.text)
    I2C1_EV_IRQHandler                       0x080001b7   Thumb Code     0  startup_stm32f407xx.o(.text)
    I2C2_ER_IRQHandler                       0x080001b7   Thumb Code     0  startup_stm32f407xx.o(.text)
    I2C2_EV_IRQHandler                       0x080001b7   Thumb Code     0  startup_stm32f407xx.o(.text)
    I2C3_ER_IRQHandler                       0x080001b7   Thumb Code     0  startup_stm32f407xx.o(.text)
    I2C3_EV_IRQHandler                       0x080001b7   Thumb Code     0  startup_stm32f407xx.o(.text)
    OTG_FS_WKUP_IRQHandler                   0x080001b7   Thumb Code     0  startup_stm32f407xx.o(.text)
    OTG_HS_EP1_IN_IRQHandler                 0x080001b7   Thumb Code     0  startup_stm32f407xx.o(.text)
    OTG_HS_EP1_OUT_IRQHandler                0x080001b7   Thumb Code     0  startup_stm32f407xx.o(.text)
    OTG_HS_IRQHandler                        0x080001b7   Thumb Code     0  startup_stm32f407xx.o(.text)
    OTG_HS_WKUP_IRQHandler                   0x080001b7   Thumb Code     0  startup_stm32f407xx.o(.text)
    PVD_IRQHandler                           0x080001b7   Thumb Code     0  startup_stm32f407xx.o(.text)
    RCC_IRQHandler                           0x080001b7   Thumb Code     0  startup_stm32f407xx.o(.text)
    RTC_Alarm_IRQHandler                     0x080001b7   Thumb Code     0  startup_stm32f407xx.o(.text)
    RTC_WKUP_IRQHandler                      0x080001b7   Thumb Code     0  startup_stm32f407xx.o(.text)
    SDIO_IRQHandler                          0x080001b7   Thumb Code     0  startup_stm32f407xx.o(.text)
    SPI1_IRQHandler                          0x080001b7   Thumb Code     0  startup_stm32f407xx.o(.text)
    SPI2_IRQHandler                          0x080001b7   Thumb Code     0  startup_stm32f407xx.o(.text)
    SPI3_IRQHandler                          0x080001b7   Thumb Code     0  startup_stm32f407xx.o(.text)
    TAMP_STAMP_IRQHandler                    0x080001b7   Thumb Code     0  startup_stm32f407xx.o(.text)
    TIM1_BRK_TIM9_IRQHandler                 0x080001b7   Thumb Code     0  startup_stm32f407xx.o(.text)
    TIM1_CC_IRQHandler                       0x080001b7   Thumb Code     0  startup_stm32f407xx.o(.text)
    TIM1_TRG_COM_TIM11_IRQHandler            0x080001b7   Thumb Code     0  startup_stm32f407xx.o(.text)
    TIM1_UP_TIM10_IRQHandler                 0x080001b7   Thumb Code     0  startup_stm32f407xx.o(.text)
    TIM2_IRQHandler                          0x080001b7   Thumb Code     0  startup_stm32f407xx.o(.text)
    TIM3_IRQHandler                          0x080001b7   Thumb Code     0  startup_stm32f407xx.o(.text)
    TIM4_IRQHandler                          0x080001b7   Thumb Code     0  startup_stm32f407xx.o(.text)
    TIM5_IRQHandler                          0x080001b7   Thumb Code     0  startup_stm32f407xx.o(.text)
    TIM6_DAC_IRQHandler                      0x080001b7   Thumb Code     0  startup_stm32f407xx.o(.text)
    TIM7_IRQHandler                          0x080001b7   Thumb Code     0  startup_stm32f407xx.o(.text)
    TIM8_BRK_TIM12_IRQHandler                0x080001b7   Thumb Code     0  startup_stm32f407xx.o(.text)
    TIM8_CC_IRQHandler                       0x080001b7   Thumb Code     0  startup_stm32f407xx.o(.text)
    TIM8_TRG_COM_TIM14_IRQHandler            0x080001b7   Thumb Code     0  startup_stm32f407xx.o(.text)
    TIM8_UP_TIM13_IRQHandler                 0x080001b7   Thumb Code     0  startup_stm32f407xx.o(.text)
    UART4_IRQHandler                         0x080001b7   Thumb Code     0  startup_stm32f407xx.o(.text)
    UART5_IRQHandler                         0x080001b7   Thumb Code     0  startup_stm32f407xx.o(.text)
    USART1_IRQHandler                        0x080001b7   Thumb Code     0  startup_stm32f407xx.o(.text)
    USART2_IRQHandler                        0x080001b7   Thumb Code     0  startup_stm32f407xx.o(.text)
    USART3_IRQHandler                        0x080001b7   Thumb Code     0  startup_stm32f407xx.o(.text)
    USART6_IRQHandler                        0x080001b7   Thumb Code     0  startup_stm32f407xx.o(.text)
    WWDG_IRQHandler                          0x080001b7   Thumb Code     0  startup_stm32f407xx.o(.text)
    __aeabi_uldivmod                         0x080001c1   Thumb Code    98  uldiv.o(.text)
    __aeabi_memcpy                           0x08000223   Thumb Code    36  memcpya.o(.text)
    __aeabi_memcpy4                          0x08000223   Thumb Code     0  memcpya.o(.text)
    __aeabi_memcpy8                          0x08000223   Thumb Code     0  memcpya.o(.text)
    __aeabi_memset                           0x08000247   Thumb Code    14  memseta.o(.text)
    __aeabi_memset4                          0x08000247   Thumb Code     0  memseta.o(.text)
    __aeabi_memset8                          0x08000247   Thumb Code     0  memseta.o(.text)
    __aeabi_memclr                           0x08000255   Thumb Code     4  memseta.o(.text)
    __aeabi_memclr4                          0x08000255   Thumb Code     0  memseta.o(.text)
    __aeabi_memclr8                          0x08000255   Thumb Code     0  memseta.o(.text)
    _memset$wrapper                          0x08000259   Thumb Code    18  memseta.o(.text)
    memcmp                                   0x0800026b   Thumb Code    26  memcmp.o(.text)
    __aeabi_dmul                             0x08000285   Thumb Code   228  dmul.o(.text)
    __aeabi_ui2d                             0x08000369   Thumb Code    26  dfltui.o(.text)
    __aeabi_d2uiz                            0x08000383   Thumb Code    50  dfixui.o(.text)
    __aeabi_llsl                             0x080003b5   Thumb Code    30  llshl.o(.text)
    _ll_shift_l                              0x080003b5   Thumb Code     0  llshl.o(.text)
    __aeabi_llsr                             0x080003d3   Thumb Code    32  llushr.o(.text)
    _ll_ushift_r                             0x080003d3   Thumb Code     0  llushr.o(.text)
    __I$use$fp                               0x080003f3   Thumb Code     0  iusefp.o(.text)
    _double_round                            0x080003f3   Thumb Code    30  depilogue.o(.text)
    _double_epilogue                         0x08000411   Thumb Code   156  depilogue.o(.text)
    __scatterload                            0x080004ad   Thumb Code    28  init.o(.text)
    __scatterload_rt2                        0x080004ad   Thumb Code     0  init.o(.text)
    BusFault_Handler                         0x080004d1   Thumb Code     2  stm32f4xx_it.o(i.BusFault_Handler)
    DebugMon_Handler                         0x08000525   Thumb Code     2  stm32f4xx_it.o(i.DebugMon_Handler)
    FSMC_NORSRAM_Extended_Timing_Init        0x08000529   Thumb Code    60  stm32f4xx_ll_fsmc.o(i.FSMC_NORSRAM_Extended_Timing_Init)
    FSMC_NORSRAM_Init                        0x08000569   Thumb Code    80  stm32f4xx_ll_fsmc.o(i.FSMC_NORSRAM_Init)
    FSMC_NORSRAM_Timing_Init                 0x080005bd   Thumb Code    64  stm32f4xx_ll_fsmc.o(i.FSMC_NORSRAM_Timing_Init)
    HAL_Delay                                0x08000601   Thumb Code     6  delay.o(i.HAL_Delay)
    HAL_GPIO_Init                            0x080006a1   Thumb Code   448  stm32f4xx_hal_gpio.o(i.HAL_GPIO_Init)
    HAL_GPIO_TogglePin                       0x0800088d   Thumb Code    16  stm32f4xx_hal_gpio.o(i.HAL_GPIO_TogglePin)
    HAL_GPIO_WritePin                        0x0800089d   Thumb Code    10  stm32f4xx_hal_gpio.o(i.HAL_GPIO_WritePin)
    HAL_GetTick                              0x080008a9   Thumb Code     6  stm32f4xx_hal.o(i.HAL_GetTick)
    HAL_HCD_Connect_Callback                 0x080008b5   Thumb Code    22  usbh_conf.o(i.HAL_HCD_Connect_Callback)
    HAL_HCD_Disconnect_Callback              0x080008dd   Thumb Code    22  usbh_conf.o(i.HAL_HCD_Disconnect_Callback)
    HAL_HCD_GetCurrentFrame                  0x08000905   Thumb Code     6  stm32f4xx_hal_hcd.o(i.HAL_HCD_GetCurrentFrame)
    HAL_HCD_GetCurrentSpeed                  0x0800090b   Thumb Code     6  stm32f4xx_hal_hcd.o(i.HAL_HCD_GetCurrentSpeed)
    HAL_HCD_HC_GetURBState                   0x08000911   Thumb Code    18  stm32f4xx_hal_hcd.o(i.HAL_HCD_HC_GetURBState)
    HAL_HCD_HC_GetXferCount                  0x08000923   Thumb Code    16  stm32f4xx_hal_hcd.o(i.HAL_HCD_HC_GetXferCount)
    HAL_HCD_HC_Halt                          0x08000933   Thumb Code    36  stm32f4xx_hal_hcd.o(i.HAL_HCD_HC_Halt)
    HAL_HCD_HC_Init                          0x08000957   Thumb Code   118  stm32f4xx_hal_hcd.o(i.HAL_HCD_HC_Init)
    HAL_HCD_HC_NotifyURBChange_Callback      0x080009cd   Thumb Code     2  usbh_conf.o(i.HAL_HCD_HC_NotifyURBChange_Callback)
    HAL_HCD_HC_SubmitRequest                 0x080009cf   Thumb Code   154  stm32f4xx_hal_hcd.o(i.HAL_HCD_HC_SubmitRequest)
    HAL_HCD_IRQHandler                       0x08000a69   Thumb Code   302  stm32f4xx_hal_hcd.o(i.HAL_HCD_IRQHandler)
    HAL_HCD_Init                             0x08000b97   Thumb Code   114  stm32f4xx_hal_hcd.o(i.HAL_HCD_Init)
    HAL_HCD_MspInit                          0x08000c09   Thumb Code    92  usb_otg.o(i.HAL_HCD_MspInit)
    HAL_HCD_PortDisabled_Callback            0x08000c6d   Thumb Code    22  usbh_conf.o(i.HAL_HCD_PortDisabled_Callback)
    HAL_HCD_PortEnabled_Callback             0x08000c9d   Thumb Code    22  usbh_conf.o(i.HAL_HCD_PortEnabled_Callback)
    HAL_HCD_ResetPort                        0x08000ccd   Thumb Code     6  stm32f4xx_hal_hcd.o(i.HAL_HCD_ResetPort)
    HAL_HCD_SOF_Callback                     0x08000cd3   Thumb Code     8  usbh_conf.o(i.HAL_HCD_SOF_Callback)
    HAL_HCD_Start                            0x08000cdb   Thumb Code    44  stm32f4xx_hal_hcd.o(i.HAL_HCD_Start)
    HAL_HCD_Stop                             0x08000d07   Thumb Code    36  stm32f4xx_hal_hcd.o(i.HAL_HCD_Stop)
    HAL_IncTick                              0x08000d2d   Thumb Code    12  stm32f4xx_hal.o(i.HAL_IncTick)
    HAL_Init                                 0x08000d3d   Thumb Code    48  stm32f4xx_hal.o(i.HAL_Init)
    HAL_InitTick                             0x08000d71   Thumb Code    54  stm32f4xx_hal.o(i.HAL_InitTick)
    HAL_MspInit                              0x08000db1   Thumb Code    88  stm32f4xx_hal_msp.o(i.HAL_MspInit)
    HAL_NVIC_EnableIRQ                       0x08000e09   Thumb Code    26  stm32f4xx_hal_cortex.o(i.HAL_NVIC_EnableIRQ)
    HAL_NVIC_SetPriority                     0x08000e25   Thumb Code    60  stm32f4xx_hal_cortex.o(i.HAL_NVIC_SetPriority)
    HAL_NVIC_SetPriorityGrouping             0x08000e65   Thumb Code    26  stm32f4xx_hal_cortex.o(i.HAL_NVIC_SetPriorityGrouping)
    HAL_RCC_ClockConfig                      0x08000e89   Thumb Code   288  stm32f4xx_hal_rcc.o(i.HAL_RCC_ClockConfig)
    HAL_RCC_GetHCLKFreq                      0x08000fbd   Thumb Code     6  stm32f4xx_hal_rcc.o(i.HAL_RCC_GetHCLKFreq)
    HAL_RCC_GetPCLK1Freq                     0x08000fc9   Thumb Code    20  stm32f4xx_hal_rcc.o(i.HAL_RCC_GetPCLK1Freq)
    HAL_RCC_GetPCLK2Freq                     0x08000fe9   Thumb Code    20  stm32f4xx_hal_rcc.o(i.HAL_RCC_GetPCLK2Freq)
    HAL_RCC_GetSysClockFreq                  0x08001009   Thumb Code    88  stm32f4xx_hal_rcc.o(i.HAL_RCC_GetSysClockFreq)
    HAL_RCC_OscConfig                        0x08001069   Thumb Code   856  stm32f4xx_hal_rcc.o(i.HAL_RCC_OscConfig)
    HAL_SPI_Init                             0x080013d5   Thumb Code   188  stm32f4xx_hal_spi.o(i.HAL_SPI_Init)
    HAL_SPI_MspInit                          0x08001491   Thumb Code    62  spi.o(i.HAL_SPI_MspInit)
    HAL_SPI_TransmitReceive                  0x080014dd   Thumb Code   482  stm32f4xx_hal_spi.o(i.HAL_SPI_TransmitReceive)
    HAL_SRAM_Init                            0x080016bf   Thumb Code    86  stm32f4xx_hal_sram.o(i.HAL_SRAM_Init)
    HAL_SRAM_MspInit                         0x08001715   Thumb Code     4  fsmc.o(i.HAL_SRAM_MspInit)
    HAL_SYSTICK_CLKSourceConfig              0x08001719   Thumb Code    24  stm32f4xx_hal_cortex.o(i.HAL_SYSTICK_CLKSourceConfig)
    HAL_SYSTICK_Callback                     0x08001731   Thumb Code     2  stm32f4xx_hal_cortex.o(i.HAL_SYSTICK_Callback)
    HAL_SYSTICK_Config                       0x08001733   Thumb Code    40  stm32f4xx_hal_cortex.o(i.HAL_SYSTICK_Config)
    HAL_SYSTICK_IRQHandler                   0x0800175b   Thumb Code     8  stm32f4xx_hal_cortex.o(i.HAL_SYSTICK_IRQHandler)
    HAL_UART_Init                            0x08001763   Thumb Code    98  stm32f4xx_hal_uart.o(i.HAL_UART_Init)
    HAL_UART_MspInit                         0x080017c5   Thumb Code    62  usart.o(i.HAL_UART_MspInit)
    HardFault_Handler                        0x08001e47   Thumb Code     2  stm32f4xx_it.o(i.HardFault_Handler)
    MX_FSMC_Init                             0x08001e49   Thumb Code   120  fsmc.o(i.MX_FSMC_Init)
    MX_GPIO_Init                             0x08001ed9   Thumb Code   222  gpio.o(i.MX_GPIO_Init)
    MX_SPI2_Init                             0x08001fc9   Thumb Code    68  spi.o(i.MX_SPI2_Init)
    MX_USART1_UART_Init                      0x08002025   Thumb Code    52  usart.o(i.MX_USART1_UART_Init)
    MX_USB_OTG_FS_HCD_Init                   0x08002071   Thumb Code    50  usb_otg.o(i.MX_USB_OTG_FS_HCD_Init)
    MemManage_Handler                        0x080020bd   Thumb Code     2  stm32f4xx_it.o(i.MemManage_Handler)
    NMI_Handler                              0x080020bf   Thumb Code     2  stm32f4xx_it.o(i.NMI_Handler)
    OTG_FS_IRQHandler                        0x080020c1   Thumb Code     6  stm32f4xx_it.o(i.OTG_FS_IRQHandler)
    PendSV_Handler                           0x080020cd   Thumb Code     2  stm32f4xx_it.o(i.PendSV_Handler)
    SVC_Handler                              0x080021e1   Thumb Code     2  stm32f4xx_it.o(i.SVC_Handler)
    SysTick_Handler                          0x080021e3   Thumb Code    14  stm32f4xx_it.o(i.SysTick_Handler)
    SystemClock_Config                       0x080021f1   Thumb Code   152  main.o(i.SystemClock_Config)
    SystemInit                               0x08002291   Thumb Code    12  system_stm32f4xx.o(i.SystemInit)
    USBH_AllocPipe                           0x080023ad   Thumb Code    56  usbh_pipes.o(i.USBH_AllocPipe)
    USBH_BulkReceiveData                     0x080023e5   Thumb Code    32  usbh_ioreq.o(i.USBH_BulkReceiveData)
    USBH_BulkSendData                        0x08002405   Thumb Code    40  usbh_ioreq.o(i.USBH_BulkSendData)
    USBH_ClosePipe                           0x0800242d   Thumb Code    10  usbh_pipes.o(i.USBH_ClosePipe)
    USBH_ClrFeature                          0x08002437   Thumb Code    30  usbh_ctlreq.o(i.USBH_ClrFeature)
    USBH_CtlReceiveData                      0x08002455   Thumb Code    30  usbh_ioreq.o(i.USBH_CtlReceiveData)
    USBH_CtlReq                              0x08002473   Thumb Code    58  usbh_ctlreq.o(i.USBH_CtlReq)
    USBH_CtlSendData                         0x080024ad   Thumb Code    40  usbh_ioreq.o(i.USBH_CtlSendData)
    USBH_CtlSendSetup                        0x080024d5   Thumb Code    30  usbh_ioreq.o(i.USBH_CtlSendSetup)
    USBH_Delay                               0x080024f3   Thumb Code     4  usbh_conf.o(i.USBH_Delay)
    USBH_FindInterface                       0x080024f9   Thumb Code    68  usbh_core.o(i.USBH_FindInterface)
    USBH_FreePipe                            0x0800253d   Thumb Code    24  usbh_pipes.o(i.USBH_FreePipe)
    USBH_GetDescriptor                       0x08002555   Thumb Code    52  usbh_ctlreq.o(i.USBH_GetDescriptor)
    USBH_GetNextDesc                         0x08002589   Thumb Code    14  usbh_ctlreq.o(i.USBH_GetNextDesc)
    USBH_Get_CfgDesc                         0x08002597   Thumb Code    44  usbh_ctlreq.o(i.USBH_Get_CfgDesc)
    USBH_Get_DevDesc                         0x080025c3   Thumb Code   144  usbh_ctlreq.o(i.USBH_Get_DevDesc)
    USBH_Get_StringDesc                      0x08002653   Thumb Code    72  usbh_ctlreq.o(i.USBH_Get_StringDesc)
    USBH_Get_USB_Status                      0x0800269b   Thumb Code    24  usbh_conf.o(i.USBH_Get_USB_Status)
    USBH_Init                                0x08002c5d   Thumb Code    80  usbh_core.o(i.USBH_Init)
    USBH_LL_ClosePipe                        0x08002ccd   Thumb Code    18  usbh_conf.o(i.USBH_LL_ClosePipe)
    USBH_LL_Connect                          0x08002cdf   Thumb Code    20  usbh_core.o(i.USBH_LL_Connect)
    USBH_LL_Disconnect                       0x08002cf3   Thumb Code    46  usbh_core.o(i.USBH_LL_Disconnect)
    USBH_LL_DriverVBUS                       0x08002d21   Thumb Code    12  usbh_conf.o(i.USBH_LL_DriverVBUS)
    USBH_LL_GetLastXferSize                  0x08002d2d   Thumb Code     8  usbh_conf.o(i.USBH_LL_GetLastXferSize)
    USBH_LL_GetSpeed                         0x08002d35   Thumb Code    48  usbh_conf.o(i.USBH_LL_GetSpeed)
    USBH_LL_GetToggle                        0x08002da9   Thumb Code    34  usbh_conf.o(i.USBH_LL_GetToggle)
    USBH_LL_GetURBState                      0x08002dcb   Thumb Code     8  usbh_conf.o(i.USBH_LL_GetURBState)
    USBH_LL_IncTimer                         0x08002dd3   Thumb Code    30  usbh_core.o(i.USBH_LL_IncTimer)
    USBH_LL_Init                             0x08002df1   Thumb Code   124  usbh_conf.o(i.USBH_LL_Init)
    USBH_LL_OpenPipe                         0x08002f09   Thumb Code    28  usbh_conf.o(i.USBH_LL_OpenPipe)
    USBH_LL_PortDisabled                     0x08002f25   Thumb Code     8  usbh_core.o(i.USBH_LL_PortDisabled)
    USBH_LL_PortEnabled                      0x08002f2d   Thumb Code     8  usbh_core.o(i.USBH_LL_PortEnabled)
    USBH_LL_ResetPort                        0x08002f35   Thumb Code    32  usbh_conf.o(i.USBH_LL_ResetPort)
    USBH_LL_SetTimer                         0x08002f69   Thumb Code     6  usbh_core.o(i.USBH_LL_SetTimer)
    USBH_LL_SetToggle                        0x08002f6f   Thumb Code    36  usbh_conf.o(i.USBH_LL_SetToggle)
    USBH_LL_Start                            0x08002f93   Thumb Code    18  usbh_conf.o(i.USBH_LL_Start)
    USBH_LL_Stop                             0x08002fa5   Thumb Code    18  usbh_conf.o(i.USBH_LL_Stop)
    USBH_LL_SubmitURB                        0x08002fb7   Thumb Code    34  usbh_conf.o(i.USBH_LL_SubmitURB)
    USBH_MSC_BOT_Init                        0x08002ff9   Thumb Code    26  usbh_msc_bot.o(i.USBH_MSC_BOT_Init)
    USBH_MSC_BOT_Process                     0x0800301d   Thumb Code   470  usbh_msc_bot.o(i.USBH_MSC_BOT_Process)
    USBH_MSC_BOT_REQ_GetMaxLUN               0x080031f9   Thumb Code    22  usbh_msc_bot.o(i.USBH_MSC_BOT_REQ_GetMaxLUN)
    USBH_MSC_BOT_REQ_Reset                   0x0800320f   Thumb Code    22  usbh_msc_bot.o(i.USBH_MSC_BOT_REQ_Reset)
    USBH_MSC_GetLUNInfo                      0x080032c9   Thumb Code    46  usbh_msc.o(i.USBH_MSC_GetLUNInfo)
    USBH_MSC_Read                            0x08003afd   Thumb Code   138  usbh_msc.o(i.USBH_MSC_Read)
    USBH_MSC_SCSI_Inquiry                    0x08003b87   Thumb Code   212  usbh_msc_scsi.o(i.USBH_MSC_SCSI_Inquiry)
    USBH_MSC_SCSI_Read                       0x08003c5b   Thumb Code   128  usbh_msc_scsi.o(i.USBH_MSC_SCSI_Read)
    USBH_MSC_SCSI_ReadCapacity               0x08003cdb   Thumb Code   122  usbh_msc_scsi.o(i.USBH_MSC_SCSI_ReadCapacity)
    USBH_MSC_SCSI_RequestSense               0x08003d55   Thumb Code   146  usbh_msc_scsi.o(i.USBH_MSC_SCSI_RequestSense)
    USBH_MSC_SCSI_TestUnitReady              0x08003de7   Thumb Code    76  usbh_msc_scsi.o(i.USBH_MSC_SCSI_TestUnitReady)
    USBH_MSC_SCSI_Write                      0x08003e33   Thumb Code   128  usbh_msc_scsi.o(i.USBH_MSC_SCSI_Write)
    USBH_MSC_Write                           0x08003eb7   Thumb Code   138  usbh_msc.o(i.USBH_MSC_Write)
    USBH_OpenPipe                            0x08003f41   Thumb Code    20  usbh_pipes.o(i.USBH_OpenPipe)
    USBH_Process                             0x08004031   Thumb Code   730  usbh_core.o(i.USBH_Process)
    USBH_RegisterClass                       0x080044c5   Thumb Code    58  usbh_core.o(i.USBH_RegisterClass)
    USBH_SelectInterface                     0x08004541   Thumb Code   120  usbh_core.o(i.USBH_SelectInterface)
    USBH_SetAddress                          0x08004635   Thumb Code    28  usbh_ctlreq.o(i.USBH_SetAddress)
    USBH_SetCfg                              0x08004651   Thumb Code    28  usbh_ctlreq.o(i.USBH_SetCfg)
    USBH_SetFeature                          0x0800466d   Thumb Code    28  usbh_ctlreq.o(i.USBH_SetFeature)
    USBH_Start                               0x08004689   Thumb Code    20  usbh_core.o(i.USBH_Start)
    USBH_UserProcess                         0x0800469d   Thumb Code   246  main.o(i.USBH_UserProcess)
    USBH_initialize                          0x0800483d   Thumb Code     4  usbh_diskio_dma.o(i.USBH_initialize)
    USBH_read                                0x08004841   Thumb Code   100  usbh_diskio_dma.o(i.USBH_read)
    USBH_write                               0x080048e1   Thumb Code   126  usbh_diskio_dma.o(i.USBH_write)
    USB_CoreInit                             0x080049bd   Thumb Code   112  stm32f4xx_ll_usb.o(i.USB_CoreInit)
    USB_DisableGlobalInt                     0x08004a69   Thumb Code    12  stm32f4xx_ll_usb.o(i.USB_DisableGlobalInt)
    USB_DoPing                               0x08004a75   Thumb Code    30  stm32f4xx_ll_usb.o(i.USB_DoPing)
    USB_DriveVbus                            0x08004a99   Thumb Code    44  stm32f4xx_ll_usb.o(i.USB_DriveVbus)
    USB_EnableGlobalInt                      0x08004ac5   Thumb Code    12  stm32f4xx_ll_usb.o(i.USB_EnableGlobalInt)
    USB_FlushRxFifo                          0x08004ad1   Thumb Code    28  stm32f4xx_ll_usb.o(i.USB_FlushRxFifo)
    USB_FlushTxFifo                          0x08004af1   Thumb Code    32  stm32f4xx_ll_usb.o(i.USB_FlushTxFifo)
    USB_GetCurrentFrame                      0x08004b15   Thumb Code     8  stm32f4xx_ll_usb.o(i.USB_GetCurrentFrame)
    USB_GetHostSpeed                         0x08004b1d   Thumb Code    14  stm32f4xx_ll_usb.o(i.USB_GetHostSpeed)
    USB_GetMode                              0x08004b2b   Thumb Code     8  stm32f4xx_ll_usb.o(i.USB_GetMode)
    USB_HC_Halt                              0x08004b33   Thumb Code   216  stm32f4xx_ll_usb.o(i.USB_HC_Halt)
    USB_HC_Init                              0x08004c0d   Thumb Code   250  stm32f4xx_ll_usb.o(i.USB_HC_Init)
    USB_HC_ReadInterrupt                     0x08004d07   Thumb Code     8  stm32f4xx_ll_usb.o(i.USB_HC_ReadInterrupt)
    USB_HC_StartXfer                         0x08004d0f   Thumb Code   320  stm32f4xx_ll_usb.o(i.USB_HC_StartXfer)
    USB_HostInit                             0x08004e51   Thumb Code   194  stm32f4xx_ll_usb.o(i.USB_HostInit)
    USB_InitFSLSPClkSel                      0x08004f29   Thumb Code    54  stm32f4xx_ll_usb.o(i.USB_InitFSLSPClkSel)
    USB_ReadInterrupts                       0x08004f5f   Thumb Code     8  stm32f4xx_ll_usb.o(i.USB_ReadInterrupts)
    USB_ReadPacket                           0x08004f67   Thumb Code    28  stm32f4xx_ll_usb.o(i.USB_ReadPacket)
    USB_ResetPort                            0x08004f83   Thumb Code    50  stm32f4xx_ll_usb.o(i.USB_ResetPort)
    USB_SetCurrentMode                       0x08004fb5   Thumb Code    46  stm32f4xx_ll_usb.o(i.USB_SetCurrentMode)
    USB_StopHost                             0x08004fe5   Thumb Code   126  stm32f4xx_ll_usb.o(i.USB_StopHost)
    USB_WritePacket                          0x08005063   Thumb Code    36  stm32f4xx_ll_usb.o(i.USB_WritePacket)
    UsageFault_Handler                       0x08005087   Thumb Code     2  stm32f4xx_it.o(i.UsageFault_Handler)
    _Error_Handler                           0x08005089   Thumb Code     2  main.o(i._Error_Handler)
    __0printf$8                              0x0800508d   Thumb Code    22  printf8.o(i.__0printf$8)
    __1printf$8                              0x0800508d   Thumb Code     0  printf8.o(i.__0printf$8)
    __2printf                                0x0800508d   Thumb Code     0  printf8.o(i.__0printf$8)
    __0sprintf$8                             0x080050ad   Thumb Code    34  printf8.o(i.__0sprintf$8)
    __1sprintf$8                             0x080050ad   Thumb Code     0  printf8.o(i.__0sprintf$8)
    __2sprintf                               0x080050ad   Thumb Code     0  printf8.o(i.__0sprintf$8)
    __scatterload_copy                       0x080050f5   Thumb Code    14  handlers.o(i.__scatterload_copy)
    __scatterload_null                       0x08005103   Thumb Code     2  handlers.o(i.__scatterload_null)
    __scatterload_zeroinit                   0x08005105   Thumb Code    14  handlers.o(i.__scatterload_zeroinit)
    delay_init                               0x0800568d   Thumb Code     6  delay.o(i.delay_init)
    delay_ms                                 0x08005699   Thumb Code    10  delay.o(i.delay_ms)
    delay_us                                 0x080056a5   Thumb Code    48  delay.o(i.delay_us)
    disk_initialize                          0x080056d9   Thumb Code    30  diskio.o(i.disk_initialize)
    disk_read                                0x080056f7   Thumb Code    74  diskio.o(i.disk_read)
    disk_status                              0x08005741   Thumb Code     4  diskio.o(i.disk_status)
    disk_write                               0x08005745   Thumb Code    74  diskio.o(i.disk_write)
    exfuns_get_free                          0x0800578f   Thumb Code    46  exfuns.o(i.exfuns_get_free)
    exfuns_init                              0x080057bd   Thumb Code    48  exfuns.o(i.exfuns_init)
    f_getfree                                0x080057f1   Thumb Code   278  ff.o(i.f_getfree)
    f_mount                                  0x08005909   Thumb Code    72  ff.o(i.f_mount)
    fputc                                    0x08005955   Thumb Code    14  usart.o(i.fputc)
    lcd_clear                                0x08005ad5   Thumb Code    40  lcd.o(i.lcd_clear)
    lcd_display_dir                          0x08005b05   Thumb Code   230  lcd.o(i.lcd_display_dir)
    lcd_draw_point                           0x08005bf1   Thumb Code    18  lcd.o(i.lcd_draw_point)
    lcd_ex_ili9341_reginit                   0x08005c09   Thumb Code   558  lcd.o(i.lcd_ex_ili9341_reginit)
    lcd_ex_ili9806_reginit                   0x08005e37   Thumb Code   834  lcd.o(i.lcd_ex_ili9806_reginit)
    lcd_ex_nt35310_reginit                   0x08006179   Thumb Code  3828  lcd.o(i.lcd_ex_nt35310_reginit)
    lcd_ex_nt35510_reginit                   0x0800706d   Thumb Code  3834  lcd.o(i.lcd_ex_nt35510_reginit)
    lcd_ex_ssd1963_reginit                   0x08007f67   Thumb Code   368  lcd.o(i.lcd_ex_ssd1963_reginit)
    lcd_ex_st7789_reginit                    0x080080d7   Thumb Code   426  lcd.o(i.lcd_ex_st7789_reginit)
    lcd_ex_st7796_reginit                    0x08008281   Thumb Code   456  lcd.o(i.lcd_ex_st7796_reginit)
    lcd_fill                                 0x08008449   Thumb Code    68  lcd.o(i.lcd_fill)
    lcd_init                                 0x08008491   Thumb Code   656  lcd.o(i.lcd_init)
    lcd_scan_dir                             0x08008755   Thumb Code   384  lcd.o(i.lcd_scan_dir)
    lcd_set_cursor                           0x080088d9   Thumb Code   238  lcd.o(i.lcd_set_cursor)
    lcd_show_char                            0x080089cd   Thumb Code   196  lcd.o(i.lcd_show_char)
    lcd_show_num                             0x08008aa9   Thumb Code   114  lcd.o(i.lcd_show_num)
    lcd_show_string                          0x08008b1b   Thumb Code    86  lcd.o(i.lcd_show_string)
    lcd_ssd_backlight_set                    0x08008b71   Thumb Code    72  lcd.o(i.lcd_ssd_backlight_set)
    lcd_wr_data                              0x08008bc1   Thumb Code    20  lcd.o(i.lcd_wr_data)
    lcd_wr_regno                             0x08008bd9   Thumb Code    20  lcd.o(i.lcd_wr_regno)
    lcd_write_ram_prepare                    0x08008bf1   Thumb Code    10  lcd.o(i.lcd_write_ram_prepare)
    lcd_write_reg                            0x08008c05   Thumb Code    10  lcd.o(i.lcd_write_reg)
    main                                     0x08008c8d   Thumb Code   228  main.o(i.main)
    mf_free                                  0x08008dd1   Thumb Code    26  fattester.o(i.mf_free)
    mf_init                                  0x08008df1   Thumb Code    48  fattester.o(i.mf_init)
    my_mem_free                              0x08009209   Thumb Code    78  malloc.o(i.my_mem_free)
    my_mem_init                              0x08009261   Thumb Code    34  malloc.o(i.my_mem_init)
    my_mem_malloc                            0x0800928d   Thumb Code   136  malloc.o(i.my_mem_malloc)
    my_mem_perused                           0x0800931d   Thumb Code    50  malloc.o(i.my_mem_perused)
    my_mem_set                               0x08009359   Thumb Code    14  malloc.o(i.my_mem_set)
    myfree                                   0x08009369   Thumb Code    20  malloc.o(i.myfree)
    mymalloc                                 0x08009381   Thumb Code    28  malloc.o(i.mymalloc)
    norflash_erase_sector                    0x080093a1   Thumb Code    54  norflash.o(i.norflash_erase_sector)
    norflash_init                            0x080093dd   Thumb Code   132  norflash.o(i.norflash_init)
    norflash_read                            0x0800946d   Thumb Code    68  norflash.o(i.norflash_read)
    norflash_read_id                         0x080094b5   Thumb Code    68  norflash.o(i.norflash_read_id)
    norflash_read_sr                         0x080094fd   Thumb Code    64  norflash.o(i.norflash_read_sr)
    norflash_write                           0x08009585   Thumb Code   152  norflash.o(i.norflash_write)
    norflash_write_enable                    0x08009621   Thumb Code    34  norflash.o(i.norflash_write_enable)
    norflash_write_sr                        0x080096c5   Thumb Code    64  norflash.o(i.norflash_write_sr)
    spi2_read_write_byte                     0x08009709   Thumb Code    28  spi.o(i.spi2_read_write_byte)
    spi2_set_speed                           0x08009729   Thumb Code    48  spi.o(i.spi2_set_speed)
    AHBPrescTable                            0x080097a2   Data          16  system_stm32f4xx.o(.constdata)
    APBPrescTable                            0x080097b2   Data           8  system_stm32f4xx.o(.constdata)
    asc2_1206                                0x080097ba   Data        1140  lcd.o(.constdata)
    asc2_1608                                0x08009c2e   Data        1520  lcd.o(.constdata)
    asc2_2412                                0x0800a21e   Data        3420  lcd.o(.constdata)
    asc2_3216                                0x0800af7a   Data        6080  lcd.o(.constdata)
    memtblsize                               0x0800c73c   Data           8  malloc.o(.constdata)
    memblksize                               0x0800c744   Data           8  malloc.o(.constdata)
    memsize                                  0x0800c74c   Data           8  malloc.o(.constdata)
    Region$$Table$$Base                      0x0800c79c   Number         0  anon$$obj.o(Region$$Table)
    Region$$Table$$Limit                     0x0800c7bc   Number         0  anon$$obj.o(Region$$Table)
    SystemCoreClock                          0x20000000   Data           4  system_stm32f4xx.o(.data)
    t                                        0x20000004   Data           1  main.o(.data)
    g_back_color                             0x20000014   Data           4  lcd.o(.data)
    mallco_dev                               0x20000018   Data          28  malloc.o(.data)
    g_norflash_type                          0x20000034   Data           2  norflash.o(.data)
    uwTickFreq                               0x20000038   Data           1  stm32f4xx_hal.o(.data)
    uwTickPrio                               0x2000003c   Data           4  stm32f4xx_hal.o(.data)
    uwTick                                   0x20000040   Data           4  stm32f4xx_hal.o(.data)
    USBH_msc                                 0x20000044   Data          32  usbh_msc.o(.data)
    fs                                       0x20000070   Data           8  exfuns.o(.data)
    __stdout                                 0x20000078   Data           4  stdout.o(.data)
    lcd_id                                   0x2000007c   Data          12  main.o(.bss)
    hUSBHost                                 0x20000088   Data        1240  main.o(.bss)
    hhcd_USB_OTG_FS                          0x20000560   Data         772  usb_otg.o(.bss)
    hsram1                                   0x20000864   Data          80  fsmc.o(.bss)
    huart1                                   0x200008b4   Data          68  usart.o(.bss)
    lcddev                                   0x200008f8   Data          14  lcd.o(.bss)
    g_norflash_buf                           0x2001b240   Data        4096  norflash.o(.bss)
    hspi2                                    0x2001c240   Data          88  spi.o(.bss)
    g_hhcd_USB_OTG_FS                        0x2001c298   Data         772  usbh_conf.o(.bss)
    fattester                                0x2001ca00   Data         384  fattester.o(.bss)
    __initial_sp                             0x2001cf80   Data           0  startup_stm32f407xx.o(STACK)



==============================================================================

Memory Map of the image

  Image Entry point : 0x08000189

  Load Region LR_IROM1 (Base: 0x08000000, Size: 0x0000c838, Max: 0x00100000, ABSOLUTE)

    Execution Region ER_IROM1 (Base: 0x08000000, Size: 0x0000c7bc, Max: 0x00100000, ABSOLUTE)

    Base Addr    Size         Type   Attr      Idx    E Section Name        Object

    0x08000000   0x00000188   Data   RO            3    RESET               startup_stm32f407xx.o
    0x08000188   0x00000000   Code   RO         5085  * .ARM.Collect$$$$00000000  mc_w.l(entry.o)
    0x08000188   0x00000004   Code   RO         5389    .ARM.Collect$$$$00000001  mc_w.l(entry2.o)
    0x0800018c   0x00000004   Code   RO         5392    .ARM.Collect$$$$00000004  mc_w.l(entry5.o)
    0x08000190   0x00000000   Code   RO         5394    .ARM.Collect$$$$00000008  mc_w.l(entry7b.o)
    0x08000190   0x00000000   Code   RO         5396    .ARM.Collect$$$$0000000A  mc_w.l(entry8b.o)
    0x08000190   0x00000008   Code   RO         5397    .ARM.Collect$$$$0000000B  mc_w.l(entry9a.o)
    0x08000198   0x00000000   Code   RO         5399    .ARM.Collect$$$$0000000D  mc_w.l(entry10a.o)
    0x08000198   0x00000000   Code   RO         5401    .ARM.Collect$$$$0000000F  mc_w.l(entry11a.o)
    0x08000198   0x00000004   Code   RO         5390    .ARM.Collect$$$$00002712  mc_w.l(entry2.o)
    0x0800019c   0x00000024   Code   RO            4    .text               startup_stm32f407xx.o
    0x080001c0   0x00000062   Code   RO         5088    .text               mc_w.l(uldiv.o)
    0x08000222   0x00000024   Code   RO         5090    .text               mc_w.l(memcpya.o)
    0x08000246   0x00000024   Code   RO         5092    .text               mc_w.l(memseta.o)
    0x0800026a   0x0000001a   Code   RO         5102    .text               mc_w.l(memcmp.o)
    0x08000284   0x000000e4   Code   RO         5371    .text               mf_w.l(dmul.o)
    0x08000368   0x0000001a   Code   RO         5379    .text               mf_w.l(dfltui.o)
    0x08000382   0x00000032   Code   RO         5383    .text               mf_w.l(dfixui.o)
    0x080003b4   0x0000001e   Code   RO         5406    .text               mc_w.l(llshl.o)
    0x080003d2   0x00000020   Code   RO         5408    .text               mc_w.l(llushr.o)
    0x080003f2   0x00000000   Code   RO         5412    .text               mc_w.l(iusefp.o)
    0x080003f2   0x000000ba   Code   RO         5413    .text               mf_w.l(depilogue.o)
    0x080004ac   0x00000024   Code   RO         5417    .text               mc_w.l(init.o)
    0x080004d0   0x00000002   Code   RO          309    i.BusFault_Handler  stm32f4xx_it.o
    0x080004d2   0x00000002   PAD
    0x080004d4   0x00000050   Code   RO         3566    i.DeInitStateMachine  usbh_core.o
    0x08000524   0x00000002   Code   RO          310    i.DebugMon_Handler  stm32f4xx_it.o
    0x08000526   0x00000002   PAD
    0x08000528   0x00000040   Code   RO         2587    i.FSMC_NORSRAM_Extended_Timing_Init  stm32f4xx_ll_fsmc.o
    0x08000568   0x00000054   Code   RO         2588    i.FSMC_NORSRAM_Init  stm32f4xx_ll_fsmc.o
    0x080005bc   0x00000044   Code   RO         2589    i.FSMC_NORSRAM_Timing_Init  stm32f4xx_ll_fsmc.o
    0x08000600   0x00000006   Code   RO          553    i.HAL_Delay         delay.o
    0x08000606   0x00000002   PAD
    0x08000608   0x00000098   Code   RO          457    i.HAL_FSMC_MspInit  fsmc.o
    0x080006a0   0x000001ec   Code   RO         2098    i.HAL_GPIO_Init     stm32f4xx_hal_gpio.o
    0x0800088c   0x00000010   Code   RO         2101    i.HAL_GPIO_TogglePin  stm32f4xx_hal_gpio.o
    0x0800089c   0x0000000a   Code   RO         2102    i.HAL_GPIO_WritePin  stm32f4xx_hal_gpio.o
    0x080008a6   0x00000002   PAD
    0x080008a8   0x0000000c   Code   RO         1637    i.HAL_GetTick       stm32f4xx_hal.o
    0x080008b4   0x00000028   Code   RO         4102    i.HAL_HCD_Connect_Callback  usbh_conf.o
    0x080008dc   0x00000028   Code   RO         4103    i.HAL_HCD_Disconnect_Callback  usbh_conf.o
    0x08000904   0x00000006   Code   RO         2708    i.HAL_HCD_GetCurrentFrame  stm32f4xx_hal_hcd.o
    0x0800090a   0x00000006   Code   RO         2709    i.HAL_HCD_GetCurrentSpeed  stm32f4xx_hal_hcd.o
    0x08000910   0x00000012   Code   RO         2712    i.HAL_HCD_HC_GetURBState  stm32f4xx_hal_hcd.o
    0x08000922   0x00000010   Code   RO         2713    i.HAL_HCD_HC_GetXferCount  stm32f4xx_hal_hcd.o
    0x08000932   0x00000024   Code   RO         2714    i.HAL_HCD_HC_Halt   stm32f4xx_hal_hcd.o
    0x08000956   0x00000076   Code   RO         2715    i.HAL_HCD_HC_Init   stm32f4xx_hal_hcd.o
    0x080009cc   0x00000002   Code   RO         4104    i.HAL_HCD_HC_NotifyURBChange_Callback  usbh_conf.o
    0x080009ce   0x0000009a   Code   RO         2717    i.HAL_HCD_HC_SubmitRequest  stm32f4xx_hal_hcd.o
    0x08000a68   0x0000012e   Code   RO         2718    i.HAL_HCD_IRQHandler  stm32f4xx_hal_hcd.o
    0x08000b96   0x00000072   Code   RO         2719    i.HAL_HCD_Init      stm32f4xx_hal_hcd.o
    0x08000c08   0x00000064   Code   RO          392    i.HAL_HCD_MspInit   usb_otg.o
    0x08000c6c   0x00000030   Code   RO         4105    i.HAL_HCD_PortDisabled_Callback  usbh_conf.o
    0x08000c9c   0x00000030   Code   RO         4106    i.HAL_HCD_PortEnabled_Callback  usbh_conf.o
    0x08000ccc   0x00000006   Code   RO         2724    i.HAL_HCD_ResetPort  stm32f4xx_hal_hcd.o
    0x08000cd2   0x00000008   Code   RO         4107    i.HAL_HCD_SOF_Callback  usbh_conf.o
    0x08000cda   0x0000002c   Code   RO         2726    i.HAL_HCD_Start     stm32f4xx_hal_hcd.o
    0x08000d06   0x00000024   Code   RO         2727    i.HAL_HCD_Stop      stm32f4xx_hal_hcd.o
    0x08000d2a   0x00000002   PAD
    0x08000d2c   0x00000010   Code   RO         1643    i.HAL_IncTick       stm32f4xx_hal.o
    0x08000d3c   0x00000034   Code   RO         1644    i.HAL_Init          stm32f4xx_hal.o
    0x08000d70   0x00000040   Code   RO         1645    i.HAL_InitTick      stm32f4xx_hal.o
    0x08000db0   0x00000058   Code   RO          150    i.HAL_MspInit       stm32f4xx_hal_msp.o
    0x08000e08   0x0000001a   Code   RO         1262    i.HAL_NVIC_EnableIRQ  stm32f4xx_hal_cortex.o
    0x08000e22   0x00000002   PAD
    0x08000e24   0x00000040   Code   RO         1268    i.HAL_NVIC_SetPriority  stm32f4xx_hal_cortex.o
    0x08000e64   0x00000024   Code   RO         1269    i.HAL_NVIC_SetPriorityGrouping  stm32f4xx_hal_cortex.o
    0x08000e88   0x00000134   Code   RO         1066    i.HAL_RCC_ClockConfig  stm32f4xx_hal_rcc.o
    0x08000fbc   0x0000000c   Code   RO         1071    i.HAL_RCC_GetHCLKFreq  stm32f4xx_hal_rcc.o
    0x08000fc8   0x00000020   Code   RO         1073    i.HAL_RCC_GetPCLK1Freq  stm32f4xx_hal_rcc.o
    0x08000fe8   0x00000020   Code   RO         1074    i.HAL_RCC_GetPCLK2Freq  stm32f4xx_hal_rcc.o
    0x08001008   0x00000060   Code   RO         1075    i.HAL_RCC_GetSysClockFreq  stm32f4xx_hal_rcc.o
    0x08001068   0x0000036c   Code   RO         1078    i.HAL_RCC_OscConfig  stm32f4xx_hal_rcc.o
    0x080013d4   0x000000bc   Code   RO         3255    i.HAL_SPI_Init      stm32f4xx_hal_spi.o
    0x08001490   0x0000004c   Code   RO         1012    i.HAL_SPI_MspInit   spi.o
    0x080014dc   0x000001e2   Code   RO         3264    i.HAL_SPI_TransmitReceive  stm32f4xx_hal_spi.o
    0x080016be   0x00000056   Code   RO         2165    i.HAL_SRAM_Init     stm32f4xx_hal_sram.o
    0x08001714   0x00000004   Code   RO          459    i.HAL_SRAM_MspInit  fsmc.o
    0x08001718   0x00000018   Code   RO         1271    i.HAL_SYSTICK_CLKSourceConfig  stm32f4xx_hal_cortex.o
    0x08001730   0x00000002   Code   RO         1272    i.HAL_SYSTICK_Callback  stm32f4xx_hal_cortex.o
    0x08001732   0x00000028   Code   RO         1273    i.HAL_SYSTICK_Config  stm32f4xx_hal_cortex.o
    0x0800175a   0x00000008   Code   RO         1274    i.HAL_SYSTICK_IRQHandler  stm32f4xx_hal_cortex.o
    0x08001762   0x00000062   Code   RO         2916    i.HAL_UART_Init     stm32f4xx_hal_uart.o
    0x080017c4   0x0000004c   Code   RO          506    i.HAL_UART_MspInit  usart.o
    0x08001810   0x0000027c   Code   RO         2729    i.HCD_HC_IN_IRQHandler  stm32f4xx_hal_hcd.o
    0x08001a8c   0x0000029a   Code   RO         2730    i.HCD_HC_OUT_IRQHandler  stm32f4xx_hal_hcd.o
    0x08001d26   0x00000094   Code   RO         2731    i.HCD_Port_IRQHandler  stm32f4xx_hal_hcd.o
    0x08001dba   0x0000008c   Code   RO         2732    i.HCD_RXQLVL_IRQHandler  stm32f4xx_hal_hcd.o
    0x08001e46   0x00000002   Code   RO          311    i.HardFault_Handler  stm32f4xx_it.o
    0x08001e48   0x00000090   Code   RO          460    i.MX_FSMC_Init      fsmc.o
    0x08001ed8   0x000000f0   Code   RO          433    i.MX_GPIO_Init      gpio.o
    0x08001fc8   0x0000005c   Code   RO         1013    i.MX_SPI2_Init      spi.o
    0x08002024   0x0000004c   Code   RO          507    i.MX_USART1_UART_Init  usart.o
    0x08002070   0x0000004c   Code   RO          393    i.MX_USB_OTG_FS_HCD_Init  usb_otg.o
    0x080020bc   0x00000002   Code   RO          312    i.MemManage_Handler  stm32f4xx_it.o
    0x080020be   0x00000002   Code   RO          313    i.NMI_Handler       stm32f4xx_it.o
    0x080020c0   0x0000000c   Code   RO          314    i.OTG_FS_IRQHandler  stm32f4xx_it.o
    0x080020cc   0x00000002   Code   RO          315    i.PendSV_Handler    stm32f4xx_it.o
    0x080020ce   0x00000002   PAD
    0x080020d0   0x00000058   Code   RO         3293    i.SPI_EndRxTxTransaction  stm32f4xx_hal_spi.o
    0x08002128   0x000000b8   Code   RO         3298    i.SPI_WaitFlagStateUntilTimeout  stm32f4xx_hal_spi.o
    0x080021e0   0x00000002   Code   RO          316    i.SVC_Handler       stm32f4xx_it.o
    0x080021e2   0x0000000e   Code   RO          317    i.SysTick_Handler   stm32f4xx_it.o
    0x080021f0   0x000000a0   Code   RO          178    i.SystemClock_Config  main.o
    0x08002290   0x00000010   Code   RO           14    i.SystemInit        system_stm32f4xx.o
    0x080022a0   0x0000010c   Code   RO         2942    i.UART_SetConfig    stm32f4xx_hal_uart.o
    0x080023ac   0x00000038   Code   RO         3868    i.USBH_AllocPipe    usbh_pipes.o
    0x080023e4   0x00000020   Code   RO         3796    i.USBH_BulkReceiveData  usbh_ioreq.o
    0x08002404   0x00000028   Code   RO         3797    i.USBH_BulkSendData  usbh_ioreq.o
    0x0800242c   0x0000000a   Code   RO         3869    i.USBH_ClosePipe    usbh_pipes.o
    0x08002436   0x0000001e   Code   RO         3702    i.USBH_ClrFeature   usbh_ctlreq.o
    0x08002454   0x0000001e   Code   RO         3798    i.USBH_CtlReceiveData  usbh_ioreq.o
    0x08002472   0x0000003a   Code   RO         3703    i.USBH_CtlReq       usbh_ctlreq.o
    0x080024ac   0x00000028   Code   RO         3799    i.USBH_CtlSendData  usbh_ioreq.o
    0x080024d4   0x0000001e   Code   RO         3800    i.USBH_CtlSendSetup  usbh_ioreq.o
    0x080024f2   0x00000004   Code   RO         4108    i.USBH_Delay        usbh_conf.o
    0x080024f6   0x00000002   PAD
    0x080024f8   0x00000044   Code   RO         3568    i.USBH_FindInterface  usbh_core.o
    0x0800253c   0x00000018   Code   RO         3870    i.USBH_FreePipe     usbh_pipes.o
    0x08002554   0x00000034   Code   RO         3704    i.USBH_GetDescriptor  usbh_ctlreq.o
    0x08002588   0x0000000e   Code   RO         3705    i.USBH_GetNextDesc  usbh_ctlreq.o
    0x08002596   0x0000002c   Code   RO         3706    i.USBH_Get_CfgDesc  usbh_ctlreq.o
    0x080025c2   0x00000090   Code   RO         3707    i.USBH_Get_DevDesc  usbh_ctlreq.o
    0x08002652   0x00000048   Code   RO         3708    i.USBH_Get_StringDesc  usbh_ctlreq.o
    0x0800269a   0x00000018   Code   RO         4109    i.USBH_Get_USB_Status  usbh_conf.o
    0x080026b2   0x00000002   PAD
    0x080026b4   0x000001d8   Code   RO         3709    i.USBH_HandleControl  usbh_ctlreq.o
    0x0800288c   0x000003d0   Code   RO         3571    i.USBH_HandleEnum   usbh_core.o
    0x08002c5c   0x00000070   Code   RO         3572    i.USBH_Init         usbh_core.o
    0x08002ccc   0x00000012   Code   RO         4110    i.USBH_LL_ClosePipe  usbh_conf.o
    0x08002cde   0x00000014   Code   RO         3574    i.USBH_LL_Connect   usbh_core.o
    0x08002cf2   0x0000002e   Code   RO         3575    i.USBH_LL_Disconnect  usbh_core.o
    0x08002d20   0x0000000c   Code   RO         4112    i.USBH_LL_DriverVBUS  usbh_conf.o
    0x08002d2c   0x00000008   Code   RO         4113    i.USBH_LL_GetLastXferSize  usbh_conf.o
    0x08002d34   0x00000074   Code   RO         4114    i.USBH_LL_GetSpeed  usbh_conf.o
    0x08002da8   0x00000022   Code   RO         4115    i.USBH_LL_GetToggle  usbh_conf.o
    0x08002dca   0x00000008   Code   RO         4116    i.USBH_LL_GetURBState  usbh_conf.o
    0x08002dd2   0x0000001e   Code   RO         3576    i.USBH_LL_IncTimer  usbh_core.o
    0x08002df0   0x00000118   Code   RO         4117    i.USBH_LL_Init      usbh_conf.o
    0x08002f08   0x0000001c   Code   RO         4118    i.USBH_LL_OpenPipe  usbh_conf.o
    0x08002f24   0x00000008   Code   RO         3577    i.USBH_LL_PortDisabled  usbh_core.o
    0x08002f2c   0x00000008   Code   RO         3578    i.USBH_LL_PortEnabled  usbh_core.o
    0x08002f34   0x00000034   Code   RO         4119    i.USBH_LL_ResetPort  usbh_conf.o
    0x08002f68   0x00000006   Code   RO         3579    i.USBH_LL_SetTimer  usbh_core.o
    0x08002f6e   0x00000024   Code   RO         4120    i.USBH_LL_SetToggle  usbh_conf.o
    0x08002f92   0x00000012   Code   RO         4121    i.USBH_LL_Start     usbh_conf.o
    0x08002fa4   0x00000012   Code   RO         4122    i.USBH_LL_Stop      usbh_conf.o
    0x08002fb6   0x00000022   Code   RO         4123    i.USBH_LL_SubmitURB  usbh_conf.o
    0x08002fd8   0x0000001e   Code   RO         4001    i.USBH_MSC_BOT_Abort  usbh_msc_bot.o
    0x08002ff6   0x00000002   PAD
    0x08002ff8   0x00000024   Code   RO         4002    i.USBH_MSC_BOT_Init  usbh_msc_bot.o
    0x0800301c   0x000001dc   Code   RO         4003    i.USBH_MSC_BOT_Process  usbh_msc_bot.o
    0x080031f8   0x00000016   Code   RO         4004    i.USBH_MSC_BOT_REQ_GetMaxLUN  usbh_msc_bot.o
    0x0800320e   0x00000016   Code   RO         4005    i.USBH_MSC_BOT_REQ_Reset  usbh_msc_bot.o
    0x08003224   0x000000a4   Code   RO         3910    i.USBH_MSC_ClassRequest  usbh_msc.o
    0x080032c8   0x0000002e   Code   RO         3911    i.USBH_MSC_GetLUNInfo  usbh_msc.o
    0x080032f6   0x0000004c   Code   RO         3913    i.USBH_MSC_InterfaceDeInit  usbh_msc.o
    0x08003342   0x00000002   PAD
    0x08003344   0x00000184   Code   RO         3914    i.USBH_MSC_InterfaceInit  usbh_msc.o
    0x080034c8   0x00000500   Code   RO         3916    i.USBH_MSC_Process  usbh_msc.o
    0x080039c8   0x00000134   Code   RO         3917    i.USBH_MSC_RdWrProcess  usbh_msc.o
    0x08003afc   0x0000008a   Code   RO         3918    i.USBH_MSC_Read     usbh_msc.o
    0x08003b86   0x000000d4   Code   RO         4048    i.USBH_MSC_SCSI_Inquiry  usbh_msc_scsi.o
    0x08003c5a   0x00000080   Code   RO         4049    i.USBH_MSC_SCSI_Read  usbh_msc_scsi.o
    0x08003cda   0x0000007a   Code   RO         4050    i.USBH_MSC_SCSI_ReadCapacity  usbh_msc_scsi.o
    0x08003d54   0x00000092   Code   RO         4051    i.USBH_MSC_SCSI_RequestSense  usbh_msc_scsi.o
    0x08003de6   0x0000004c   Code   RO         4052    i.USBH_MSC_SCSI_TestUnitReady  usbh_msc_scsi.o
    0x08003e32   0x00000080   Code   RO         4053    i.USBH_MSC_SCSI_Write  usbh_msc_scsi.o
    0x08003eb2   0x00000004   Code   RO         3919    i.USBH_MSC_SOFProcess  usbh_msc.o
    0x08003eb6   0x0000008a   Code   RO         3921    i.USBH_MSC_Write    usbh_msc.o
    0x08003f40   0x00000014   Code   RO         3871    i.USBH_OpenPipe     usbh_pipes.o
    0x08003f54   0x000000dc   Code   RO         3710    i.USBH_ParseCfgDesc  usbh_ctlreq.o
    0x08004030   0x00000494   Code   RO         3580    i.USBH_Process      usbh_core.o
    0x080044c4   0x0000007c   Code   RO         3582    i.USBH_RegisterClass  usbh_core.o
    0x08004540   0x000000f4   Code   RO         3583    i.USBH_SelectInterface  usbh_core.o
    0x08004634   0x0000001c   Code   RO         3711    i.USBH_SetAddress   usbh_ctlreq.o
    0x08004650   0x0000001c   Code   RO         3712    i.USBH_SetCfg       usbh_ctlreq.o
    0x0800466c   0x0000001c   Code   RO         3713    i.USBH_SetFeature   usbh_ctlreq.o
    0x08004688   0x00000014   Code   RO         3584    i.USBH_Start        usbh_core.o
    0x0800469c   0x000001a0   Code   RO          179    i.USBH_UserProcess  main.o
    0x0800483c   0x00000004   Code   RO         4254    i.USBH_initialize   usbh_diskio_dma.o
    0x08004840   0x000000a0   Code   RO         4256    i.USBH_read         usbh_diskio_dma.o
    0x080048e0   0x000000dc   Code   RO         4258    i.USBH_write        usbh_diskio_dma.o
    0x080049bc   0x00000074   Code   RO         2286    i.USB_CoreInit      stm32f4xx_ll_usb.o
    0x08004a30   0x00000038   Code   RO         2287    i.USB_CoreReset     stm32f4xx_ll_usb.o
    0x08004a68   0x0000000c   Code   RO         2294    i.USB_DisableGlobalInt  stm32f4xx_ll_usb.o
    0x08004a74   0x00000024   Code   RO         2295    i.USB_DoPing        stm32f4xx_ll_usb.o
    0x08004a98   0x0000002c   Code   RO         2296    i.USB_DriveVbus     stm32f4xx_ll_usb.o
    0x08004ac4   0x0000000c   Code   RO         2302    i.USB_EnableGlobalInt  stm32f4xx_ll_usb.o
    0x08004ad0   0x00000020   Code   RO         2303    i.USB_FlushRxFifo   stm32f4xx_ll_usb.o
    0x08004af0   0x00000024   Code   RO         2304    i.USB_FlushTxFifo   stm32f4xx_ll_usb.o
    0x08004b14   0x00000008   Code   RO         2305    i.USB_GetCurrentFrame  stm32f4xx_ll_usb.o
    0x08004b1c   0x0000000e   Code   RO         2307    i.USB_GetHostSpeed  stm32f4xx_ll_usb.o
    0x08004b2a   0x00000008   Code   RO         2308    i.USB_GetMode       stm32f4xx_ll_usb.o
    0x08004b32   0x000000d8   Code   RO         2309    i.USB_HC_Halt       stm32f4xx_ll_usb.o
    0x08004c0a   0x00000002   PAD
    0x08004c0c   0x000000fa   Code   RO         2310    i.USB_HC_Init       stm32f4xx_ll_usb.o
    0x08004d06   0x00000008   Code   RO         2311    i.USB_HC_ReadInterrupt  stm32f4xx_ll_usb.o
    0x08004d0e   0x00000140   Code   RO         2312    i.USB_HC_StartXfer  stm32f4xx_ll_usb.o
    0x08004e4e   0x00000002   PAD
    0x08004e50   0x000000d8   Code   RO         2313    i.USB_HostInit      stm32f4xx_ll_usb.o
    0x08004f28   0x00000036   Code   RO         2314    i.USB_InitFSLSPClkSel  stm32f4xx_ll_usb.o
    0x08004f5e   0x00000008   Code   RO         2319    i.USB_ReadInterrupts  stm32f4xx_ll_usb.o
    0x08004f66   0x0000001c   Code   RO         2320    i.USB_ReadPacket    stm32f4xx_ll_usb.o
    0x08004f82   0x00000032   Code   RO         2321    i.USB_ResetPort     stm32f4xx_ll_usb.o
    0x08004fb4   0x0000002e   Code   RO         2322    i.USB_SetCurrentMode  stm32f4xx_ll_usb.o
    0x08004fe2   0x00000002   PAD
    0x08004fe4   0x0000007e   Code   RO         2327    i.USB_StopHost      stm32f4xx_ll_usb.o
    0x08005062   0x00000024   Code   RO         2328    i.USB_WritePacket   stm32f4xx_ll_usb.o
    0x08005086   0x00000002   Code   RO          318    i.UsageFault_Handler  stm32f4xx_it.o
    0x08005088   0x00000002   Code   RO          180    i._Error_Handler    main.o
    0x0800508a   0x00000002   PAD
    0x0800508c   0x00000020   Code   RO         5315    i.__0printf$8       mc_w.l(printf8.o)
    0x080050ac   0x00000028   Code   RO         5317    i.__0sprintf$8      mc_w.l(printf8.o)
    0x080050d4   0x00000020   Code   RO         1275    i.__NVIC_SetPriority  stm32f4xx_hal_cortex.o
    0x080050f4   0x0000000e   Code   RO         5421    i.__scatterload_copy  mc_w.l(handlers.o)
    0x08005102   0x00000002   Code   RO         5422    i.__scatterload_null  mc_w.l(handlers.o)
    0x08005104   0x0000000e   Code   RO         5423    i.__scatterload_zeroinit  mc_w.l(handlers.o)
    0x08005112   0x00000002   PAD
    0x08005114   0x00000410   Code   RO         5322    i._printf_core      mc_w.l(printf8.o)
    0x08005524   0x00000024   Code   RO         5323    i._printf_post_padding  mc_w.l(printf8.o)
    0x08005548   0x0000002e   Code   RO         5324    i._printf_pre_padding  mc_w.l(printf8.o)
    0x08005576   0x0000000a   Code   RO         5326    i._sputc            mc_w.l(printf8.o)
    0x08005580   0x000000f4   Code   RO         4355    i.check_fs          ff.o
    0x08005674   0x00000018   Code   RO         4356    i.clst2sect         ff.o
    0x0800568c   0x0000000c   Code   RO          554    i.delay_init        delay.o
    0x08005698   0x0000000a   Code   RO          555    i.delay_ms          delay.o
    0x080056a2   0x00000002   PAD
    0x080056a4   0x00000034   Code   RO          556    i.delay_us          delay.o
    0x080056d8   0x0000001e   Code   RO         4309    i.disk_initialize   diskio.o
    0x080056f6   0x0000004a   Code   RO         4311    i.disk_read         diskio.o
    0x08005740   0x00000004   Code   RO         4312    i.disk_status       diskio.o
    0x08005744   0x0000004a   Code   RO         4313    i.disk_write        diskio.o
    0x0800578e   0x0000002e   Code   RO         4838    i.exfuns_get_free   exfuns.o
    0x080057bc   0x00000034   Code   RO         4840    i.exfuns_init       exfuns.o
    0x080057f0   0x00000116   Code   RO         4373    i.f_getfree         ff.o
    0x08005906   0x00000002   PAD
    0x08005908   0x0000004c   Code   RO         4379    i.f_mount           ff.o
    0x08005954   0x00000014   Code   RO          508    i.fputc             usart.o
    0x08005968   0x00000134   Code   RO         4400    i.get_fat           ff.o
    0x08005a9c   0x00000038   Code   RO         4402    i.get_ldnumber      ff.o
    0x08005ad4   0x00000030   Code   RO          597    i.lcd_clear         lcd.o
    0x08005b04   0x000000ec   Code   RO          599    i.lcd_display_dir   lcd.o
    0x08005bf0   0x00000018   Code   RO          605    i.lcd_draw_point    lcd.o
    0x08005c08   0x0000022e   Code   RO          607    i.lcd_ex_ili9341_reginit  lcd.o
    0x08005e36   0x00000342   Code   RO          608    i.lcd_ex_ili9806_reginit  lcd.o
    0x08006178   0x00000ef4   Code   RO          609    i.lcd_ex_nt35310_reginit  lcd.o
    0x0800706c   0x00000efa   Code   RO          610    i.lcd_ex_nt35510_reginit  lcd.o
    0x08007f66   0x00000170   Code   RO          611    i.lcd_ex_ssd1963_reginit  lcd.o
    0x080080d6   0x000001aa   Code   RO          612    i.lcd_ex_st7789_reginit  lcd.o
    0x08008280   0x000001c8   Code   RO          613    i.lcd_ex_st7796_reginit  lcd.o
    0x08008448   0x00000048   Code   RO          614    i.lcd_fill          lcd.o
    0x08008490   0x00000298   Code   RO          616    i.lcd_init          lcd.o
    0x08008728   0x00000010   Code   RO          617    i.lcd_pow           lcd.o
    0x08008738   0x0000001c   Code   RO          618    i.lcd_rd_data       lcd.o
    0x08008754   0x00000184   Code   RO          620    i.lcd_scan_dir      lcd.o
    0x080088d8   0x000000f4   Code   RO          621    i.lcd_set_cursor    lcd.o
    0x080089cc   0x000000dc   Code   RO          623    i.lcd_show_char     lcd.o
    0x08008aa8   0x00000072   Code   RO          624    i.lcd_show_num      lcd.o
    0x08008b1a   0x00000056   Code   RO          625    i.lcd_show_string   lcd.o
    0x08008b70   0x00000050   Code   RO          627    i.lcd_ssd_backlight_set  lcd.o
    0x08008bc0   0x00000018   Code   RO          628    i.lcd_wr_data       lcd.o
    0x08008bd8   0x00000018   Code   RO          629    i.lcd_wr_regno      lcd.o
    0x08008bf0   0x00000014   Code   RO          630    i.lcd_write_ram_prepare  lcd.o
    0x08008c04   0x00000010   Code   RO          631    i.lcd_write_reg     lcd.o
    0x08008c14   0x00000016   Code   RO         4407    i.ld_dword          ff.o
    0x08008c2a   0x00000056   Code   RO         4408    i.ld_qword          ff.o
    0x08008c80   0x0000000a   Code   RO         4409    i.ld_word           ff.o
    0x08008c8a   0x00000002   PAD
    0x08008c8c   0x00000144   Code   RO          181    i.main              main.o
    0x08008dd0   0x00000020   Code   RO         4922    i.mf_free           fattester.o
    0x08008df0   0x00000034   Code   RO         4925    i.mf_init           fattester.o
    0x08008e24   0x000003b0   Code   RO         4412    i.mount_volume      ff.o
    0x080091d4   0x00000032   Code   RO         4413    i.move_window       ff.o
    0x08009206   0x00000002   PAD
    0x08009208   0x00000058   Code   RO          840    i.my_mem_free       malloc.o
    0x08009260   0x0000002c   Code   RO          841    i.my_mem_init       malloc.o
    0x0800928c   0x00000090   Code   RO          842    i.my_mem_malloc     malloc.o
    0x0800931c   0x0000003c   Code   RO          843    i.my_mem_perused    malloc.o
    0x08009358   0x0000000e   Code   RO          844    i.my_mem_set        malloc.o
    0x08009366   0x00000002   PAD
    0x08009368   0x00000018   Code   RO          845    i.myfree            malloc.o
    0x08009380   0x00000020   Code   RO          846    i.mymalloc          malloc.o
    0x080093a0   0x0000003c   Code   RO          921    i.norflash_erase_sector  norflash.o
    0x080093dc   0x00000090   Code   RO          922    i.norflash_init     norflash.o
    0x0800946c   0x00000048   Code   RO          923    i.norflash_read     norflash.o
    0x080094b4   0x00000048   Code   RO          924    i.norflash_read_id  norflash.o
    0x080094fc   0x00000044   Code   RO          925    i.norflash_read_sr  norflash.o
    0x08009540   0x00000034   Code   RO          926    i.norflash_send_address  norflash.o
    0x08009574   0x0000000e   Code   RO          927    i.norflash_wait_busy  norflash.o
    0x08009582   0x00000002   PAD
    0x08009584   0x0000009c   Code   RO          928    i.norflash_write    norflash.o
    0x08009620   0x00000028   Code   RO          929    i.norflash_write_enable  norflash.o
    0x08009648   0x0000007c   Code   RO          930    i.norflash_write_nocheck  norflash.o
    0x080096c4   0x00000044   Code   RO          931    i.norflash_write_sr  norflash.o
    0x08009708   0x00000020   Code   RO         1014    i.spi2_read_write_byte  spi.o
    0x08009728   0x00000034   Code   RO         1015    i.spi2_set_speed    spi.o
    0x0800975c   0x00000046   Code   RO         4428    i.sync_window       ff.o
    0x080097a2   0x00000010   Data   RO           15    .constdata          system_stm32f4xx.o
    0x080097b2   0x00000008   Data   RO           16    .constdata          system_stm32f4xx.o
    0x080097ba   0x00002f80   Data   RO          633    .constdata          lcd.o
    0x0800c73a   0x00000002   PAD
    0x0800c73c   0x00000018   Data   RO          852    .constdata          malloc.o
    0x0800c754   0x00000042   Data   RO         3586    .conststring        usbh_core.o
    0x0800c796   0x00000002   PAD
    0x0800c798   0x00000004   Data   RO         3922    .conststring        usbh_msc.o
    0x0800c79c   0x00000020   Data   RO         5419    Region$$Table       anon$$obj.o


    Execution Region RW_IRAM1 (Base: 0x20000000, Size: 0x0001cf80, Max: 0x00020000, ABSOLUTE)

    Base Addr    Size         Type   Attr      Idx    E Section Name        Object

    0x20000000   0x00000004   Data   RW           17    .data               system_stm32f4xx.o
    0x20000004   0x00000001   Data   RW          185    .data               main.o
    0x20000005   0x00000003   PAD
    0x20000008   0x00000008   Data   RW          462    .data               fsmc.o
    0x20000010   0x00000004   Data   RW          557    .data               delay.o
    0x20000014   0x00000004   Data   RW          635    .data               lcd.o
    0x20000018   0x0000001c   Data   RW          853    .data               malloc.o
    0x20000034   0x00000002   Data   RW          933    .data               norflash.o
    0x20000036   0x00000002   PAD
    0x20000038   0x0000000c   Data   RW         1651    .data               stm32f4xx_hal.o
    0x20000044   0x00000020   Data   RW         3923    .data               usbh_msc.o
    0x20000064   0x0000000c   Data   RW         4437    .data               ff.o
    0x20000070   0x00000008   Data   RW         4843    .data               exfuns.o
    0x20000078   0x00000004   Data   RW         5403    .data               mc_w.l(stdout.o)
    0x2000007c   0x000004e4   Zero   RW          182    .bss                main.o
    0x20000560   0x00000304   Zero   RW          394    .bss                usb_otg.o
    0x20000864   0x00000050   Zero   RW          461    .bss                fsmc.o
    0x200008b4   0x00000044   Zero   RW          509    .bss                usart.o
    0x200008f8   0x0000000e   Zero   RW          632    .bss                lcd.o
    0x20000906   0x0000003a   PAD
    0x20000940   0x00019000   Zero   RW          850    .bss                malloc.o
    0x20019940   0x00001900   Zero   RW          851    .bss                malloc.o
    0x2001b240   0x00001000   Zero   RW          932    .bss                norflash.o
    0x2001c240   0x00000058   Zero   RW         1016    .bss                spi.o
    0x2001c298   0x00000304   Zero   RW         4124    .bss                usbh_conf.o
    0x2001c59c   0x00000460   Zero   RW         4434    .bss                ff.o
    0x2001c9fc   0x00000004   PAD
    0x2001ca00   0x00000180   Zero   RW         4943    .bss                fattester.o
    0x2001cb80   0x00000400   Zero   RW            1    STACK               startup_stm32f407xx.o



  Load Region LR$$.ARM.__AT_0x10000000 (Base: 0x10000000, Size: 0x00000000, Max: 0x0000f000, ABSOLUTE)

    Execution Region ER$$.ARM.__AT_0x10000000 (Base: 0x10000000, Size: 0x0000f000, Max: 0x0000f000, ABSOLUTE, UNINIT)

    Base Addr    Size         Type   Attr      Idx    E Section Name        Object

    0x10000000   0x0000f000   Zero   RW          848    .ARM.__AT_0x10000000  malloc.o



  Load Region LR$$.ARM.__AT_0x1000F000 (Base: 0x1000f000, Size: 0x00000000, Max: 0x00000f00, ABSOLUTE)

    Execution Region ER$$.ARM.__AT_0x1000F000 (Base: 0x1000f000, Size: 0x00000f00, Max: 0x00000f00, ABSOLUTE, UNINIT)

    Base Addr    Size         Type   Attr      Idx    E Section Name        Object

    0x1000f000   0x00000f00   Zero   RW          849    .ARM.__AT_0x1000F000  malloc.o


==============================================================================

Image component sizes


      Code (inc. data)   RO Data    RW Data    ZI Data      Debug   Object Name

        80         10          0          4          0       2767   delay.o
       182          0          0          0          0       3669   diskio.o
        98          4          0          8          0       2627   exfuns.o
        84         10          0          0        384       2704   fattester.o
      2168         56          0         12       1120      28694   ff.o
       300         44          0          8         80       2499   fsmc.o
       240         18          0          0          0       1167   gpio.o
     12608        120      12160          4         14      26391   lcd.o
       902        274          0          1       1252      21138   main.o
       406         46         24         28     174080       6875   malloc.o
       870         52          0          2       4096       8344   norflash.o
       252         46          0          0         88       2977   spi.o
        36          8        392          0       1024        880   startup_stm32f407xx.o
       144         24          0         12          0       9109   stm32f4xx_hal.o
       232         14          0          0          0      36125   stm32f4xx_hal_cortex.o
       518         44          0          0          0       3025   stm32f4xx_hal_gpio.o
      2446          0          0          0          0      14793   stm32f4xx_hal_hcd.o
        88          0          0          0          0        570   stm32f4xx_hal_msp.o
      1356         78          0          0          0       6060   stm32f4xx_hal_rcc.o
       942         12          0          0          0       5157   stm32f4xx_hal_spi.o
        86          0          0          0          0       1312   stm32f4xx_hal_sram.o
       366         10          0          0          0       2132   stm32f4xx_hal_uart.o
        42          6          0          0          0       5074   stm32f4xx_it.o
       216         12          0          0          0       2899   stm32f4xx_ll_fsmc.o
      1732         46          0          0          0      19499   stm32f4xx_ll_usb.o
        16          4         24          4          0     684635   system_stm32f4xx.o
       172         44          0          0         68       2386   usart.o
       176         34          0          0        772       1889   usb_otg.o
       876        332          0          0        772      15095   usbh_conf.o
      2914       1088         66          0          0      12409   usbh_core.o
      1190         64          0          0          0      11266   usbh_ctlreq.o
       384        154          0          0          0       3638   usbh_diskio_dma.o
       172          0          0          0          0       4656   usbh_ioreq.o
      2542        532          4         32          0      10838   usbh_msc.o
       586         28          0          0          0       5121   usbh_msc_bot.o
       812          0          0          0          0       6655   usbh_msc_scsi.o
       110          0          0          0          0       3606   usbh_pipes.o

    ----------------------------------------------------------------------
     36386       3214      12706        120     183812     978681   Object Totals
         0          0         32          0          0          0   (incl. Generated)
        42          0          4          5         62          0   (incl. Padding)

    ----------------------------------------------------------------------

      Code (inc. data)   RO Data    RW Data    ZI Data      Debug   Library Member Name

         0          0          0          0          0          0   entry.o
         0          0          0          0          0          0   entry10a.o
         0          0          0          0          0          0   entry11a.o
         8          4          0          0          0          0   entry2.o
         4          0          0          0          0          0   entry5.o
         0          0          0          0          0          0   entry7b.o
         0          0          0          0          0          0   entry8b.o
         8          4          0          0          0          0   entry9a.o
        30          0          0          0          0          0   handlers.o
        36          8          0          0          0         68   init.o
         0          0          0          0          0          0   iusefp.o
        30          0          0          0          0         68   llshl.o
        32          0          0          0          0         68   llushr.o
        26          0          0          0          0         80   memcmp.o
        36          0          0          0          0         68   memcpya.o
        36          0          0          0          0        108   memseta.o
      1204         60          0          0          0        504   printf8.o
         0          0          0          4          0          0   stdout.o
        98          0          0          0          0         92   uldiv.o
       186          0          0          0          0        176   depilogue.o
        50          0          0          0          0         76   dfixui.o
        26          0          0          0          0         76   dfltui.o
       228          0          0          0          0         96   dmul.o

    ----------------------------------------------------------------------
      2040         76          0          4          0       1480   Library Totals
         2          0          0          0          0          0   (incl. Padding)

    ----------------------------------------------------------------------

      Code (inc. data)   RO Data    RW Data    ZI Data      Debug   Library Name

      1548         76          0          4          0       1056   mc_w.l
       490          0          0          0          0        424   mf_w.l

    ----------------------------------------------------------------------
      2040         76          0          4          0       1480   Library Totals

    ----------------------------------------------------------------------

==============================================================================


      Code (inc. data)   RO Data    RW Data    ZI Data      Debug   

     38426       3290      12706        124     183812     956085   Grand Totals
     38426       3290      12706        124     183812     956085   ELF Image Totals
     38426       3290      12706        124          0          0   ROM Totals

==============================================================================

    Total RO  Size (Code + RO Data)                51132 (  49.93kB)
    Total RW  Size (RW Data + ZI Data)            183936 ( 179.63kB)
    Total ROM Size (Code + RO Data + RW Data)      51256 (  50.05kB)

==============================================================================

