<html>
<body>
<pre>
<h1>µVision Build Log</h1>
<h2>Tool Versions:</h2>
IDE-Version: ¦ÌVision V5.23.0.0
Copyright (C) 2017 ARM Ltd and ARM Germany GmbH. All rights reserved.
License Information: yang yuan, duobao, LIC=8VRJ7-EW0AZ-FW62N-YBJTM-X8RHG-DJF7M
 
Tool Versions:
Toolchain:       MDK-ARM Plus  Version: 5.23
Toolchain Path:  C:\Keil_v5\ARM\ARMCC\Bin
C Compiler:      Armcc.exe V5.06 update 4 (build 422)
Assembler:       Armasm.exe V5.06 update 4 (build 422)
Linker/Locator:  ArmLink.exe V5.06 update 4 (build 422)
Library Manager: ArmAr.exe V5.06 update 4 (build 422)
Hex Converter:   FromElf.exe V5.06 update 4 (build 422)
CPU DLL:         SARMCM3.DLL V5.23
Dialog DLL:      DCM.DLL V1.15.0.0
Target DLL:      STLink\ST-LINKIII-KEIL_SWO.dll V2.0.18.0
Dialog DLL:      TCM.DLL V1.27.0.0
 
<h2>Project:</h2>
C:\Users\Administrator\Desktop\cubemx\lwIP0\MDK-ARM\lwIP0.uvprojx
Project File Date:  06/16/2024

<h2>Output:</h2>
*** Using Compiler 'V5.06 update 4 (build 422)', folder: 'C:\Keil_v5\ARM\ARMCC\Bin'
Rebuild target 'lwIP0'
assembling startup_stm32f407xx.s...
compiling malloc.c...
compiling stm32f4xx_hal_flash_ramfunc.c...
compiling stm32f4xx_it.c...
compiling stm32f4xx_hal_tim_ex.c...
compiling usart.c...
compiling stm32f4xx_hal_flash.c...
compiling stm32f4xx_hal_tim.c...
compiling main.c...
compiling gpio.c...
compiling stm32f4xx_hal_rcc_ex.c...
compiling stm32f4xx_hal_flash_ex.c...
compiling stm32f4xx_hal_gpio.c...
compiling stm32f4xx_hal_msp.c...
compiling stm32f4xx_hal_dma_ex.c...
compiling stm32f4xx_hal_rcc.c...
compiling api_lib.c...
compiling api_msg.c...
compiling if_api.c...
compiling err.c...
compiling stm32f4xx_hal_uart.c...
compiling netbuf.c...
compiling netifapi.c...
compiling netdb.c...
compiling tcpip.c...
compiling sockets.c...
compiling altcp.c...
compiling altcp_alloc.c...
compiling dns.c...
compiling def.c...
compiling altcp_tcp.c...
compiling inet_chksum.c...
compiling ip.c...
compiling init.c...
compiling mem.c...
compiling memp.c...
compiling raw.c...
compiling netif.c...
compiling stats.c...
compiling pbuf.c...
compiling sys.c...
compiling timeouts.c...
compiling udp.c...
compiling autoip.c...
compiling tcp.c...
compiling tcp_in.c...
compiling tcp_out.c...
compiling dhcp.c...
compiling stm32f4xx_hal_pwr_ex.c...
compiling etharp.c...
compiling igmp.c...
compiling ip4_addr.c...
compiling icmp.c...
compiling ip4.c...
compiling ip4_frag.c...
compiling stm32f4xx_hal.c...
compiling stm32f4xx_hal_exti.c...
compiling stm32f4xx_hal_cortex.c...
compiling ethernet.c...
compiling ethernet.c...
compiling stm32f4xx_hal_eth.c...
compiling system_stm32f4xx.c...
compiling stm32f4xx_hal_dma.c...
compiling stm32f4xx_hal_pwr.c...
compiling ethernetif.c...
compiling lwip_comm.c...
linking...
Program Size: Code=40556 RO-data=1016 RW-data=228 ZI-data=192956  
FromELF: creating hex file...
"lwIP0\lwIP0.axf" - 0 Error(s), 0 Warning(s).

<h2>Collection of Component include folders:</h2>
  .\RTE\_lwIP0
  C:\Keil_v5\ARM\PACK\Keil\STM32F4xx_DFP\2.12.0\Drivers\CMSIS\Device\ST\STM32F4xx\Include

<h2>Collection of Component Files used:</h2>
Build Time Elapsed:  00:00:11
</pre>
</body>
</html>
