Component: ARM Compiler 5.06 update 4 (build 422) Tool: armlink [4d35d2]

==============================================================================

Section Cross References

    startup_stm32f407xx.o(RESET) refers to startup_stm32f407xx.o(STACK) for __initial_sp
    startup_stm32f407xx.o(RESET) refers to startup_stm32f407xx.o(.text) for Reset_Handler
    startup_stm32f407xx.o(RESET) refers to stm32f4xx_it.o(i.NMI_Handler) for NMI_Handler
    startup_stm32f407xx.o(RESET) refers to stm32f4xx_it.o(i.HardFault_Handler) for HardFault_Handler
    startup_stm32f407xx.o(RESET) refers to stm32f4xx_it.o(i.MemManage_Handler) for MemManage_Handler
    startup_stm32f407xx.o(RESET) refers to stm32f4xx_it.o(i.BusFault_Handler) for BusFault_Handler
    startup_stm32f407xx.o(RESET) refers to stm32f4xx_it.o(i.UsageFault_Handler) for UsageFault_Handler
    startup_stm32f407xx.o(RESET) refers to stm32f4xx_it.o(i.SVC_Handler) for SVC_Handler
    startup_stm32f407xx.o(RESET) refers to stm32f4xx_it.o(i.DebugMon_Handler) for DebugMon_Handler
    startup_stm32f407xx.o(RESET) refers to stm32f4xx_it.o(i.PendSV_Handler) for PendSV_Handler
    startup_stm32f407xx.o(RESET) refers to stm32f4xx_it.o(i.SysTick_Handler) for SysTick_Handler
    startup_stm32f407xx.o(RESET) refers to stm32f4xx_it.o(i.ETH_IRQHandler) for ETH_IRQHandler
    startup_stm32f407xx.o(.text) refers to system_stm32f4xx.o(i.SystemInit) for SystemInit
    startup_stm32f407xx.o(.text) refers to entry.o(.ARM.Collect$$$$00000000) for __main
    main.o(i.SystemClock_Config) refers to memseta.o(.text) for __aeabi_memclr4
    main.o(i.SystemClock_Config) refers to stm32f4xx_hal_rcc.o(i.HAL_RCC_OscConfig) for HAL_RCC_OscConfig
    main.o(i.SystemClock_Config) refers to stm32f4xx_hal_rcc.o(i.HAL_RCC_ClockConfig) for HAL_RCC_ClockConfig
    main.o(i.main) refers to stm32f4xx_hal.o(i.HAL_Init) for HAL_Init
    main.o(i.main) refers to main.o(i.SystemClock_Config) for SystemClock_Config
    main.o(i.main) refers to gpio.o(i.MX_GPIO_Init) for MX_GPIO_Init
    main.o(i.main) refers to lwip.o(i.MX_LWIP_Init) for MX_LWIP_Init
    main.o(i.main) refers to usart.o(i.MX_USART1_UART_Init) for MX_USART1_UART_Init
    main.o(i.main) refers to lwip.o(i.MX_LWIP_Process) for MX_LWIP_Process
    gpio.o(i.MX_GPIO_Init) refers to memseta.o(.text) for __aeabi_memclr4
    gpio.o(i.MX_GPIO_Init) refers to stm32f4xx_hal_gpio.o(i.HAL_GPIO_WritePin) for HAL_GPIO_WritePin
    gpio.o(i.MX_GPIO_Init) refers to stm32f4xx_hal_gpio.o(i.HAL_GPIO_Init) for HAL_GPIO_Init
    lwip.o(i.MX_LWIP_Init) refers to init.o(i.lwip_init) for lwip_init
    lwip.o(i.MX_LWIP_Init) refers to netif.o(i.netif_add) for netif_add
    lwip.o(i.MX_LWIP_Init) refers to netif.o(i.netif_set_default) for netif_set_default
    lwip.o(i.MX_LWIP_Init) refers to netif.o(i.netif_set_up) for netif_set_up
    lwip.o(i.MX_LWIP_Init) refers to netif.o(i.netif_set_down) for netif_set_down
    lwip.o(i.MX_LWIP_Init) refers to dhcp.o(i.dhcp_start) for dhcp_start
    lwip.o(i.MX_LWIP_Init) refers to lwip.o(.data) for .data
    lwip.o(i.MX_LWIP_Init) refers to ethernet.o(i.ethernet_input) for ethernet_input
    lwip.o(i.MX_LWIP_Init) refers to ethernetif.o(i.ethernetif_init) for ethernetif_init
    lwip.o(i.MX_LWIP_Init) refers to lwip.o(.bss) for .bss
    lwip.o(i.MX_LWIP_Process) refers to ethernetif.o(i.ethernetif_input) for ethernetif_input
    lwip.o(i.MX_LWIP_Process) refers to timeouts.o(i.sys_check_timeouts) for sys_check_timeouts
    lwip.o(i.MX_LWIP_Process) refers to lwip.o(.bss) for .bss
    ethernetif.o(i.HAL_ETH_MspDeInit) refers to stm32f4xx_hal_gpio.o(i.HAL_GPIO_DeInit) for HAL_GPIO_DeInit
    ethernetif.o(i.HAL_ETH_MspDeInit) refers to stm32f4xx_hal_cortex.o(i.HAL_NVIC_DisableIRQ) for HAL_NVIC_DisableIRQ
    ethernetif.o(i.HAL_ETH_MspInit) refers to memseta.o(.text) for __aeabi_memclr4
    ethernetif.o(i.HAL_ETH_MspInit) refers to stm32f4xx_hal_gpio.o(i.HAL_GPIO_Init) for HAL_GPIO_Init
    ethernetif.o(i.HAL_ETH_MspInit) refers to stm32f4xx_hal_cortex.o(i.HAL_NVIC_SetPriority) for HAL_NVIC_SetPriority
    ethernetif.o(i.HAL_ETH_MspInit) refers to stm32f4xx_hal_cortex.o(i.HAL_NVIC_EnableIRQ) for HAL_NVIC_EnableIRQ
    ethernetif.o(i.ethernetif_init) refers to printf3.o(i.__0printf$3) for __2printf
    ethernetif.o(i.ethernetif_init) refers to ethernetif.o(i.low_level_init) for low_level_init
    ethernetif.o(i.ethernetif_init) refers to etharp.o(i.etharp_output) for etharp_output
    ethernetif.o(i.ethernetif_init) refers to ethernetif.o(i.low_level_output) for low_level_output
    ethernetif.o(i.ethernetif_input) refers to ethernetif.o(i.low_level_input) for low_level_input
    ethernetif.o(i.ethernetif_input) refers to pbuf.o(i.pbuf_free) for pbuf_free
    ethernetif.o(i.low_level_init) refers to stm32f4xx_hal_eth.o(i.HAL_ETH_Init) for HAL_ETH_Init
[...]
    i.tcp_parseopt                           0x080097f0   Section        0  tcp_in.o(i.tcp_parseopt)
    tcp_parseopt                             0x080097f1   Thumb Code   126  tcp_in.o(i.tcp_parseopt)
    i.tcp_pcb_purge                          0x080098ec   Section        0  tcp.o(i.tcp_pcb_purge)
    i.tcp_pcb_remove                         0x080099b8   Section        0  tcp.o(i.tcp_pcb_remove)
    i.tcp_process                            0x08009b48   Section        0  tcp_in.o(i.tcp_process)
    tcp_process                              0x08009b49   Thumb Code  1218  tcp_in.o(i.tcp_process)
    i.tcp_process_refused_data               0x0800a00c   Section        0  tcp.o(i.tcp_process_refused_data)
    i.tcp_receive                            0x0800a110   Section        0  tcp_in.o(i.tcp_receive)
    tcp_receive                              0x0800a111   Thumb Code  2116  tcp_in.o(i.tcp_receive)
    i.tcp_recv_null                          0x0800aa14   Section        0  tcp.o(i.tcp_recv_null)
    i.tcp_recved                             0x0800aac4   Section        0  tcp.o(i.tcp_recved)
    i.tcp_remove_listener                    0x0800abc4   Section        0  tcp.o(i.tcp_remove_listener)
    tcp_remove_listener                      0x0800abc5   Thumb Code    42  tcp.o(i.tcp_remove_listener)
    i.tcp_rexmit                             0x0800ac1c   Section        0  tcp_out.o(i.tcp_rexmit)
    i.tcp_rexmit_fast                        0x0800ad08   Section        0  tcp_out.o(i.tcp_rexmit_fast)
    i.tcp_rexmit_rto                         0x0800adf0   Section        0  tcp_out.o(i.tcp_rexmit_rto)
    i.tcp_rexmit_rto_commit                  0x0800ae94   Section        0  tcp_out.o(i.tcp_rexmit_rto_commit)
    i.tcp_rexmit_rto_prepare                 0x0800af40   Section        0  tcp_out.o(i.tcp_rexmit_rto_prepare)
    i.tcp_route                              0x0800b038   Section        0  tcp_out.o(i.tcp_route)
    tcp_route                                0x0800b039   Thumb Code    16  tcp_out.o(i.tcp_route)
    i.tcp_rst                                0x0800b048   Section        0  tcp_out.o(i.tcp_rst)
    i.tcp_seg_copy                           0x0800b15c   Section        0  tcp.o(i.tcp_seg_copy)
    i.tcp_seg_free                           0x0800b208   Section        0  tcp.o(i.tcp_seg_free)
    i.tcp_segs_free                          0x0800b224   Section        0  tcp.o(i.tcp_segs_free)
    i.tcp_send_empty_ack                     0x0800b238   Section        0  tcp_out.o(i.tcp_send_empty_ack)
    i.tcp_send_fin                           0x0800b324   Section        0  tcp_out.o(i.tcp_send_fin)
    i.tcp_slowtmr                            0x0800b3f0   Section        0  tcp.o(i.tcp_slowtmr)
    i.tcp_split_unsent_seg                   0x0800b9c0   Section        0  tcp_out.o(i.tcp_split_unsent_seg)
    i.tcp_timer_needed                       0x0800bbec   Section        0  timeouts.o(i.tcp_timer_needed)
    i.tcp_timewait_input                     0x0800bc20   Section        0  tcp_in.o(i.tcp_timewait_input)
    tcp_timewait_input                       0x0800bc21   Thumb Code   118  tcp_in.o(i.tcp_timewait_input)
    i.tcp_tmr                                0x0800bd20   Section        0  tcp.o(i.tcp_tmr)
    i.tcp_trigger_input_pcb_close            0x0800bd40   Section        0  tcp_in.o(i.tcp_trigger_input_pcb_close)
    i.tcp_update_rcv_ann_wnd                 0x0800bd50   Section        0  tcp.o(i.tcp_update_rcv_ann_wnd)
    i.tcp_zero_window_probe                  0x0800be44   Section        0  tcp_out.o(i.tcp_zero_window_probe)
    i.tcpip_tcp_timer                        0x0800bf84   Section        0  timeouts.o(i.tcpip_tcp_timer)
    tcpip_tcp_timer                          0x0800bf85   Thumb Code    40  timeouts.o(i.tcpip_tcp_timer)
    i.udp_bind                               0x0800bfbc   Section        0  udp.o(i.udp_bind)
    i.udp_connect                            0x0800c0f0   Section        0  udp.o(i.udp_connect)
    i.udp_init                               0x0800c1f0   Section        0  udp.o(i.udp_init)
    i.udp_input                              0x0800c208   Section        0  udp.o(i.udp_input)
    i.udp_input_local_match                  0x0800c3f0   Section        0  udp.o(i.udp_input_local_match)
    udp_input_local_match                    0x0800c3f1   Thumb Code   100  udp.o(i.udp_input_local_match)
    i.udp_netif_ip_addr_changed              0x0800c4fc   Section        0  udp.o(i.udp_netif_ip_addr_changed)
    i.udp_new                                0x0800c530   Section        0  udp.o(i.udp_new)
    i.udp_recv                               0x0800c54c   Section        0  udp.o(i.udp_recv)
    i.udp_remove                             0x0800c5d4   Section        0  udp.o(i.udp_remove)
    i.udp_sendto_if                          0x0800c684   Section        0  udp.o(i.udp_sendto_if)
    i.udp_sendto_if_src                      0x0800c7c4   Section        0  udp.o(i.udp_sendto_if_src)
    .constdata                               0x0800ca0c   Section       16  system_stm32f4xx.o(.constdata)
    .constdata                               0x0800ca1c   Section        8  system_stm32f4xx.o(.constdata)
    .constdata                               0x0800ca24   Section        6  ethernet.o(.constdata)
    .constdata                               0x0800ca2a   Section        6  ethernet.o(.constdata)
    .constdata                               0x0800ca30   Section       12  memp.o(.constdata)
    .constdata                               0x0800ca3c   Section       12  memp.o(.constdata)
    .constdata                               0x0800ca48   Section       12  memp.o(.constdata)
    .constdata                               0x0800ca54   Section       12  memp.o(.constdata)
    .constdata                               0x0800ca60   Section       12  memp.o(.constdata)
    .constdata                               0x0800ca6c   Section       12  memp.o(.constdata)
    .constdata                               0x0800ca78   Section       12  memp.o(.constdata)
    .constdata                               0x0800ca84   Section       12  memp.o(.constdata)
    .constdata                               0x0800ca90   Section       12  memp.o(.constdata)
    .constdata                               0x0800ca9c   Section       36  memp.o(.constdata)
    .constdata                               0x0800cac0   Section       84  tcp.o(.constdata)
    tcp_persist_backoff                      0x0800cac0   Data           7  tcp.o(.constdata)
    tcp_state_str                            0x0800cac8   Data          44  tcp.o(.constdata)
    tcp_backoff                              0x0800caf4   Data          13  tcp.o(.constdata)
    .constdata                               0x0800cb14   Section       40  timeouts.o(.constdata)
    .constdata                               0x0800cb3c   Section        4  ip4_addr.o(.constdata)
    .constdata                               0x0800cb40   Section        4  ip4_addr.o(.constdata)
    .conststring                             0x0800cb44   Section      117  tcp.o(.conststring)
    .conststring                             0x0800cbbc   Section       85  tcp_out.o(.conststring)
    .conststring                             0x0800cc14   Section       66  dhcp.o(.conststring)
    .conststring                             0x0800cc58   Section       65  etharp.o(.conststring)
    .data                                    0x20000000   Section       12  lwip.o(.data)
    .data                                    0x2000000c   Section       12  stm32f4xx_hal.o(.data)
    .data                                    0x20000018   Section        4  system_stm32f4xx.o(.data)
    .data                                    0x2000001c   Section       12  mem.o(.data)
    ram                                      0x2000001c   Data           4  mem.o(.data)
    ram_end                                  0x20000020   Data           4  mem.o(.data)
    lfree                                    0x20000024   Data           4  mem.o(.data)
    .data                                    0x20000028   Section        4  memp.o(.data)
    memp_tab_UDP_PCB                         0x20000028   Data           4  memp.o(.data)
    .data                                    0x2000002c   Section        4  memp.o(.data)
    memp_tab_TCP_PCB                         0x2000002c   Data           4  memp.o(.data)
    .data                                    0x20000030   Section        4  memp.o(.data)
    memp_tab_TCP_PCB_LISTEN                  0x20000030   Data           4  memp.o(.data)
    .data                                    0x20000034   Section        4  memp.o(.data)
    memp_tab_TCP_SEG                         0x20000034   Data           4  memp.o(.data)
    .data                                    0x20000038   Section        4  memp.o(.data)
    memp_tab_REASSDATA                       0x20000038   Data           4  memp.o(.data)
    .data                                    0x2000003c   Section        4  memp.o(.data)
    memp_tab_FRAG_PBUF                       0x2000003c   Data           4  memp.o(.data)
    .data                                    0x20000040   Section        4  memp.o(.data)
    memp_tab_SYS_TIMEOUT                     0x20000040   Data           4  memp.o(.data)
    .data                                    0x20000044   Section        4  memp.o(.data)
    memp_tab_PBUF                            0x20000044   Data           4  memp.o(.data)
    .data                                    0x20000048   Section        4  memp.o(.data)
    memp_tab_PBUF_POOL                       0x20000048   Data           4  memp.o(.data)
    .data                                    0x2000004c   Section       12  netif.o(.data)
    netif_num                                0x2000004c   Data           1  netif.o(.data)
    .data                                    0x20000058   Section        1  pbuf.o(.data)
    .data                                    0x2000005c   Section       32  tcp.o(.data)
    tcp_timer                                0x2000005d   Data           1  tcp.o(.data)
    tcp_timer_ctr                            0x2000005e   Data           1  tcp.o(.data)
    tcp_port                                 0x20000060   Data           2  tcp.o(.data)
    iss                                      0x20000064   Data           4  tcp.o(.data)
    .data                                    0x2000007c   Section       36  tcp_in.o(.data)
    flags                                    0x2000007c   Data           1  tcp_in.o(.data)
    recv_flags                               0x2000007d   Data           1  tcp_in.o(.data)
    tcphdr_optlen                            0x2000007e   Data           2  tcp_in.o(.data)
    tcphdr_opt1len                           0x20000080   Data           2  tcp_in.o(.data)
    tcp_optidx                               0x20000082   Data           2  tcp_in.o(.data)
    recv_acked                               0x20000084   Data           2  tcp_in.o(.data)
    tcplen                                   0x20000086   Data           2  tcp_in.o(.data)
    tcphdr                                   0x20000088   Data           4  tcp_in.o(.data)
    tcphdr_opt2                              0x2000008c   Data           4  tcp_in.o(.data)
    seqno                                    0x20000090   Data           4  tcp_in.o(.data)
    ackno                                    0x20000094   Data           4  tcp_in.o(.data)
    recv_data                                0x20000098   Data           4  tcp_in.o(.data)
    .data                                    0x200000a0   Section       12  timeouts.o(.data)
    next_timeout                             0x200000a0   Data           4  timeouts.o(.data)
    current_timeout_due_time                 0x200000a4   Data           4  timeouts.o(.data)
    tcpip_tcp_timer_active                   0x200000a8   Data           4  timeouts.o(.data)
    .data                                    0x200000ac   Section        8  udp.o(.data)
    udp_port                                 0x200000ac   Data           2  udp.o(.data)
    .data                                    0x200000b4   Section       20  dhcp.o(.data)
    dhcp_pcb_refcount                        0x200000b4   Data           1  dhcp.o(.data)
    dhcp_discover_request_options            0x200000b5   Data           3  dhcp.o(.data)
    xid                                      0x200000b8   Data           4  dhcp.o(.data)
    dhcp_pcb                                 0x200000bc   Data           4  dhcp.o(.data)
    .data                                    0x200000c8   Section        1  etharp.o(.data)
    etharp_cached_entry                      0x200000c8   Data           1  etharp.o(.data)
    .data                                    0x200000ca   Section        2  ip4.o(.data)
    ip_id                                    0x200000ca   Data           2  ip4.o(.data)
    .data                                    0x200000cc   Section        8  ip4_frag.o(.data)
    ip_reass_pbufcount                       0x200000cc   Data           2  ip4_frag.o(.data)
    reassdatagrams                           0x200000d0   Data           4  ip4_frag.o(.data)
    .data                                    0x200000d4   Section        4  rand.o(.data)
    _rand_state                              0x200000d4   Data           4  rand.o(.data)
    .data                                    0x200000d8   Section        4  stdout.o(.data)
    .bss                                     0x200000dc   Section       52  lwip.o(.bss)
    .bss                                     0x20000110   Section    12520  ethernetif.o(.bss)
    .bss                                     0x200031f8   Section       68  usart.o(.bss)
    .bss                                     0x2000323c   Section       24  ip.o(.bss)
    .bss                                     0x20003254   Section     1619  mem.o(.bss)
    .bss                                     0x200038a7   Section      131  memp.o(.bss)
    .bss                                     0x2000392a   Section      783  memp.o(.bss)
    .bss                                     0x20003c39   Section      227  memp.o(.bss)
    .bss                                     0x20003d1c   Section      259  memp.o(.bss)
    .bss                                     0x20003e1f   Section      163  memp.o(.bss)
    .bss                                     0x20003ec2   Section      363  memp.o(.bss)
    .bss                                     0x2000402d   Section       83  memp.o(.bss)
    .bss                                     0x20004080   Section      259  memp.o(.bss)
    .bss                                     0x20004183   Section     9731  memp.o(.bss)
    .bss                                     0x20006788   Section       16  tcp_in.o(.bss)
    inseg                                    0x20006788   Data          16  tcp_in.o(.bss)
    .bss                                     0x20006798   Section       32  dhcp.o(.bss)
    .bss                                     0x200067b8   Section      240  etharp.o(.bss)
    arp_table                                0x200067b8   Data         240  etharp.o(.bss)
    STACK                                    0x200068a8   Section     1024  startup_stm32f407xx.o(STACK)

    Global Symbols

    Symbol Name                              Value     Ov Type        Size  Object(Section)

    BuildAttributes$$THM_ISAv4$E$P$D$K$B$S$7EM$VFPi3$EXTD16$VFPS$VFMA$PE$A:L22UL41UL21$X:L11$S22US41US21$IEEE1$IW$USESV6$~STKCKD$USESV7$~SHL$OSPACE$ROPI$EBA8$MICROLIB$REQ8$PRES8$EABIv2 0x00000000   Number         0  anon$$obj.o ABSOLUTE
    __ARM_use_no_argv                        0x00000000   Number         0  main.o ABSOLUTE
    _printf_a                                0x00000000   Number         0  stubs.o ABSOLUTE
    _printf_c                                0x00000000   Number         0  stubs.o ABSOLUTE
    _printf_charcount                        0x00000000   Number         0  stubs.o ABSOLUTE
    _printf_d                                0x00000000   Number         0  stubs.o ABSOLUTE
    _printf_e                                0x00000000   Number         0  stubs.o ABSOLUTE
    _printf_f                                0x00000000   Number         0  stubs.o ABSOLUTE
    _printf_flags                            0x00000000   Number         0  stubs.o ABSOLUTE
    _printf_fp_dec                           0x00000000   Number         0  stubs.o ABSOLUTE
    _printf_fp_hex                           0x00000000   Number         0  stubs.o ABSOLUTE
    _printf_g                                0x00000000   Number         0  stubs.o ABSOLUTE
    _printf_i                                0x00000000   Number         0  stubs.o ABSOLUTE
    _printf_int_dec                          0x00000000   Number         0  stubs.o ABSOLUTE
    _printf_l                                0x00000000   Number         0  stubs.o ABSOLUTE
    _printf_lc                               0x00000000   Number         0  stubs.o ABSOLUTE
    _printf_ll                               0x00000000   Number         0  stubs.o ABSOLUTE
    _printf_lld                              0x00000000   Number         0  stubs.o ABSOLUTE
    _printf_lli                              0x00000000   Number         0  stubs.o ABSOLUTE
    _printf_llo                              0x00000000   Number         0  stubs.o ABSOLUTE
    _printf_llu                              0x00000000   Number         0  stubs.o ABSOLUTE
    _printf_llx                              0x00000000   Number         0  stubs.o ABSOLUTE
    _printf_longlong_dec                     0x00000000   Number         0  stubs.o ABSOLUTE
    _printf_longlong_hex                     0x00000000   Number         0  stubs.o ABSOLUTE
    _printf_longlong_oct                     0x00000000   Number         0  stubs.o ABSOLUTE
    _printf_ls                               0x00000000   Number         0  stubs.o ABSOLUTE
    _printf_mbtowc                           0x00000000   Number         0  stubs.o ABSOLUTE
    _printf_n                                0x00000000   Number         0  stubs.o ABSOLUTE
    _printf_o                                0x00000000   Number         0  stubs.o ABSOLUTE
    _printf_p                                0x00000000   Number         0  stubs.o ABSOLUTE
    _printf_percent                          0x00000000   Number         0  stubs.o ABSOLUTE
    _printf_pre_padding                      0x00000000   Number         0  stubs.o ABSOLUTE
    _printf_return_value                     0x00000000   Number         0  stubs.o ABSOLUTE
    _printf_s                                0x00000000   Number         0  stubs.o ABSOLUTE
    _printf_sizespec                         0x00000000   Number         0  stubs.o ABSOLUTE
    _printf_str                              0x00000000   Number         0  stubs.o ABSOLUTE
    _printf_truncate_signed                  0x00000000   Number         0  stubs.o ABSOLUTE
    _printf_truncate_unsigned                0x00000000   Number         0  stubs.o ABSOLUTE
    _printf_u                                0x00000000   Number         0  stubs.o ABSOLUTE
    _printf_wc                               0x00000000   Number         0  stubs.o ABSOLUTE
    _printf_wctomb                           0x00000000   Number         0  stubs.o ABSOLUTE
    _printf_widthprec                        0x00000000   Number         0  stubs.o ABSOLUTE
    _printf_x                                0x00000000   Number         0  stubs.o ABSOLUTE
    __cpp_initialize__aeabi_                  - Undefined Weak Reference
    __cxa_finalize                            - Undefined Weak Reference
    __decompress                              - Undefined Weak Reference
    _clock_init                               - Undefined Weak Reference
    _microlib_exit                            - Undefined Weak Reference
    __Vectors_Size                           0x00000188   Number         0  startup_stm32f407xx.o ABSOLUTE
    __Vectors                                0x08000000   Data           4  startup_stm32f407xx.o(RESET)
    __Vectors_End                            0x08000188   Data           0  startup_stm32f407xx.o(RESET)
    __main                                   0x08000189   Thumb Code     0  entry.o(.ARM.Collect$$$$00000000)
    _main_stk                                0x08000189   Thumb Code     0  entry2.o(.ARM.Collect$$$$00000001)
    _main_scatterload                        0x0800018d   Thumb Code     0  entry5.o(.ARM.Collect$$$$00000004)
    __main_after_scatterload                 0x08000191   Thumb Code     0  entry5.o(.ARM.Collect$$$$00000004)
    _main_clock                              0x08000191   Thumb Code     0  entry7b.o(.ARM.Collect$$$$00000008)
    _main_cpp_init                           0x08000191   Thumb Code     0  entry8b.o(.ARM.Collect$$$$0000000A)
    _main_init                               0x08000191   Thumb Code     0  entry9a.o(.ARM.Collect$$$$0000000B)
    __rt_final_cpp                           0x08000199   Thumb Code     0  entry10a.o(.ARM.Collect$$$$0000000D)
    __rt_final_exit                          0x08000199   Thumb Code     0  entry11a.o(.ARM.Collect$$$$0000000F)
    Reset_Handler                            0x0800019d   Thumb Code     8  startup_stm32f407xx.o(.text)
    ADC_IRQHandler                           0x080001b7   Thumb Code     0  startup_stm32f407xx.o(.text)
    CAN1_RX0_IRQHandler                      0x080001b7   Thumb Code     0  startup_stm32f407xx.o(.text)
    CAN1_RX1_IRQHandler                      0x080001b7   Thumb Code     0  startup_stm32f407xx.o(.text)
    CAN1_SCE_IRQHandler                      0x080001b7   Thumb Code     0  startup_stm32f407xx.o(.text)
    CAN1_TX_IRQHandler                       0x080001b7   Thumb Code     0  startup_stm32f407xx.o(.text)
    CAN2_RX0_IRQHandler                      0x080001b7   Thumb Code     0  startup_stm32f407xx.o(.text)
    CAN2_RX1_IRQHandler                      0x080001b7   Thumb Code     0  startup_stm32f407xx.o(.text)
    CAN2_SCE_IRQHandler                      0x080001b7   Thumb Code     0  startup_stm32f407xx.o(.text)
    CAN2_TX_IRQHandler                       0x080001b7   Thumb Code     0  startup_stm32f407xx.o(.text)
    DCMI_IRQHandler                          0x080001b7   Thumb Code     0  startup_stm32f407xx.o(.text)
    DMA1_Stream0_IRQHandler                  0x080001b7   Thumb Code     0  startup_stm32f407xx.o(.text)
    DMA1_Stream1_IRQHandler                  0x080001b7   Thumb Code     0  startup_stm32f407xx.o(.text)
    DMA1_Stream2_IRQHandler                  0x080001b7   Thumb Code     0  startup_stm32f407xx.o(.text)
    DMA1_Stream3_IRQHandler                  0x080001b7   Thumb Code     0  startup_stm32f407xx.o(.text)
    DMA1_Stream4_IRQHandler                  0x080001b7   Thumb Code     0  startup_stm32f407xx.o(.text)
    DMA1_Stream5_IRQHandler                  0x080001b7   Thumb Code     0  startup_stm32f407xx.o(.text)
    DMA1_Stream6_IRQHandler                  0x080001b7   Thumb Code     0  startup_stm32f407xx.o(.text)
    DMA1_Stream7_IRQHandler                  0x080001b7   Thumb Code     0  startup_stm32f407xx.o(.text)
    DMA2_Stream0_IRQHandler                  0x080001b7   Thumb Code     0  startup_stm32f407xx.o(.text)
    DMA2_Stream1_IRQHandler                  0x080001b7   Thumb Code     0  startup_stm32f407xx.o(.text)
    DMA2_Stream2_IRQHandler                  0x080001b7   Thumb Code     0  startup_stm32f407xx.o(.text)
    DMA2_Stream3_IRQHandler                  0x080001b7   Thumb Code     0  startup_stm32f407xx.o(.text)
    DMA2_Stream4_IRQHandler                  0x080001b7   Thumb Code     0  startup_stm32f407xx.o(.text)
    DMA2_Stream5_IRQHandler                  0x080001b7   Thumb Code     0  startup_stm32f407xx.o(.text)
    DMA2_Stream6_IRQHandler                  0x080001b7   Thumb Code     0  startup_stm32f407xx.o(.text)
    DMA2_Stream7_IRQHandler                  0x080001b7   Thumb Code     0  startup_stm32f407xx.o(.text)
    ETH_WKUP_IRQHandler                      0x080001b7   Thumb Code     0  startup_stm32f407xx.o(.text)
    EXTI0_IRQHandler                         0x080001b7   Thumb Code     0  startup_stm32f407xx.o(.text)
    EXTI15_10_IRQHandler                     0x080001b7   Thumb Code     0  startup_stm32f407xx.o(.text)
    EXTI1_IRQHandler                         0x080001b7   Thumb Code     0  startup_stm32f407xx.o(.text)
    EXTI2_IRQHandler                         0x080001b7   Thumb Code     0  startup_stm32f407xx.o(.text)
    EXTI3_IRQHandler                         0x080001b7   Thumb Code     0  startup_stm32f407xx.o(.text)
    EXTI4_IRQHandler                         0x080001b7   Thumb Code     0  startup_stm32f407xx.o(.text)
    EXTI9_5_IRQHandler                       0x080001b7   Thumb Code     0  startup_stm32f407xx.o(.text)
    FLASH_IRQHandler                         0x080001b7   Thumb Code     0  startup_stm32f407xx.o(.text)
    FMC_IRQHandler                           0x080001b7   Thumb Code     0  startup_stm32f407xx.o(.text)
    FPU_IRQHandler                           0x080001b7   Thumb Code     0  startup_stm32f407xx.o(.text)
    HASH_RNG_IRQHandler                      0x080001b7   Thumb Code     0  startup_stm32f407xx.o(.text)
    I2C1_ER_IRQHandler                       0x080001b7   Thumb Code     0  startup_stm32f407xx.o(.text)
    I2C1_EV_IRQHandler                       0x080001b7   Thumb Code     0  startup_stm32f407xx.o(.text)
    I2C2_ER_IRQHandler                       0x080001b7   Thumb Code     0  startup_stm32f407xx.o(.text)
    I2C2_EV_IRQHandler                       0x080001b7   Thumb Code     0  startup_stm32f407xx.o(.text)
    I2C3_ER_IRQHandler                       0x080001b7   Thumb Code     0  startup_stm32f407xx.o(.text)
    I2C3_EV_IRQHandler                       0x080001b7   Thumb Code     0  startup_stm32f407xx.o(.text)
    OTG_FS_IRQHandler                        0x080001b7   Thumb Code     0  startup_stm32f407xx.o(.text)
    OTG_FS_WKUP_IRQHandler                   0x080001b7   Thumb Code     0  startup_stm32f407xx.o(.text)
    OTG_HS_EP1_IN_IRQHandler                 0x080001b7   Thumb Code     0  startup_stm32f407xx.o(.text)
    OTG_HS_EP1_OUT_IRQHandler                0x080001b7   Thumb Code     0  startup_stm32f407xx.o(.text)
    OTG_HS_IRQHandler                        0x080001b7   Thumb Code     0  startup_stm32f407xx.o(.text)
    OTG_HS_WKUP_IRQHandler                   0x080001b7   Thumb Code     0  startup_stm32f407xx.o(.text)
    PVD_IRQHandler                           0x080001b7   Thumb Code     0  startup_stm32f407xx.o(.text)
    RCC_IRQHandler                           0x080001b7   Thumb Code     0  startup_stm32f407xx.o(.text)
    RTC_Alarm_IRQHandler                     0x080001b7   Thumb Code     0  startup_stm32f407xx.o(.text)
    RTC_WKUP_IRQHandler                      0x080001b7   Thumb Code     0  startup_stm32f407xx.o(.text)
    SDIO_IRQHandler                          0x080001b7   Thumb Code     0  startup_stm32f407xx.o(.text)
    SPI1_IRQHandler                          0x080001b7   Thumb Code     0  startup_stm32f407xx.o(.text)
    SPI2_IRQHandler                          0x080001b7   Thumb Code     0  startup_stm32f407xx.o(.text)
    SPI3_IRQHandler                          0x080001b7   Thumb Code     0  startup_stm32f407xx.o(.text)
    TAMP_STAMP_IRQHandler                    0x080001b7   Thumb Code     0  startup_stm32f407xx.o(.text)
    TIM1_BRK_TIM9_IRQHandler                 0x080001b7   Thumb Code     0  startup_stm32f407xx.o(.text)
    TIM1_CC_IRQHandler                       0x080001b7   Thumb Code     0  startup_stm32f407xx.o(.text)
    TIM1_TRG_COM_TIM11_IRQHandler            0x080001b7   Thumb Code     0  startup_stm32f407xx.o(.text)
    TIM1_UP_TIM10_IRQHandler                 0x080001b7   Thumb Code     0  startup_stm32f407xx.o(.text)
    TIM2_IRQHandler                          0x080001b7   Thumb Code     0  startup_stm32f407xx.o(.text)
    TIM3_IRQHandler                          0x080001b7   Thumb Code     0  startup_stm32f407xx.o(.text)
    TIM4_IRQHandler                          0x080001b7   Thumb Code     0  startup_stm32f407xx.o(.text)
    TIM5_IRQHandler                          0x080001b7   Thumb Code     0  startup_stm32f407xx.o(.text)
    TIM6_DAC_IRQHandler                      0x080001b7   Thumb Code     0  startup_stm32f407xx.o(.text)
    TIM7_IRQHandler                          0x080001b7   Thumb Code     0  startup_stm32f407xx.o(.text)
    TIM8_BRK_TIM12_IRQHandler                0x080001b7   Thumb Code     0  startup_stm32f407xx.o(.text)
    TIM8_CC_IRQHandler                       0x080001b7   Thumb Code     0  startup_stm32f407xx.o(.text)
    TIM8_TRG_COM_TIM14_IRQHandler            0x080001b7   Thumb Code     0  startup_stm32f407xx.o(.text)
    TIM8_UP_TIM13_IRQHandler                 0x080001b7   Thumb Code     0  startup_stm32f407xx.o(.text)
    UART4_IRQHandler                         0x080001b7   Thumb Code     0  startup_stm32f407xx.o(.text)
    UART5_IRQHandler                         0x080001b7   Thumb Code     0  startup_stm32f407xx.o(.text)
    USART1_IRQHandler                        0x080001b7   Thumb Code     0  startup_stm32f407xx.o(.text)
    USART2_IRQHandler                        0x080001b7   Thumb Code     0  startup_stm32f407xx.o(.text)
    USART3_IRQHandler                        0x080001b7   Thumb Code     0  startup_stm32f407xx.o(.text)
    USART6_IRQHandler                        0x080001b7   Thumb Code     0  startup_stm32f407xx.o(.text)
    WWDG_IRQHandler                          0x080001b7   Thumb Code     0  startup_stm32f407xx.o(.text)
    __aeabi_uldivmod                         0x080001c1   Thumb Code    98  uldiv.o(.text)
    rand                                     0x08000225   Thumb Code    20  rand.o(.text)
    srand                                    0x08000239   Thumb Code     6  rand.o(.text)
    ___aeabi_memcpy4$move                    0x08000249   Thumb Code     0  memmovea.o(.text)
    ___aeabi_memcpy8$move                    0x08000249   Thumb Code     0  memmovea.o(.text)
    __aeabi_memcpy                           0x08000249   Thumb Code    64  memmovea.o(.text)
    __aeabi_memmove                          0x08000249   Thumb Code     0  memmovea.o(.text)
    __aeabi_memmove4                         0x08000249   Thumb Code     0  memmovea.o(.text)
    __aeabi_memmove8                         0x08000249   Thumb Code     0  memmovea.o(.text)
    __aeabi_memset                           0x08000289   Thumb Code    14  memseta.o(.text)
    __aeabi_memset4                          0x08000289   Thumb Code     0  memseta.o(.text)
    __aeabi_memset8                          0x08000289   Thumb Code     0  memseta.o(.text)
    __aeabi_memclr                           0x08000297   Thumb Code     4  memseta.o(.text)
    __aeabi_memclr4                          0x08000297   Thumb Code     0  memseta.o(.text)
    __aeabi_memclr8                          0x08000297   Thumb Code     0  memseta.o(.text)
    _memset$wrapper                          0x0800029b   Thumb Code    18  memseta.o(.text)
    memcmp                                   0x080002ad   Thumb Code    26  memcmp.o(.text)
    __aeabi_uidiv                            0x080002c7   Thumb Code     0  uidiv.o(.text)
    __aeabi_uidivmod                         0x080002c7   Thumb Code    44  uidiv.o(.text)
    __aeabi_llsl                             0x080002f3   Thumb Code    30  llshl.o(.text)
    _ll_shift_l                              0x080002f3   Thumb Code     0  llshl.o(.text)
    __aeabi_llsr                             0x08000311   Thumb Code    32  llushr.o(.text)
    _ll_ushift_r                             0x08000311   Thumb Code     0  llushr.o(.text)
    __scatterload                            0x08000331   Thumb Code    28  init.o(.text)
    __scatterload_rt2                        0x08000331   Thumb Code     0  init.o(.text)
    BusFault_Handler                         0x08000355   Thumb Code     2  stm32f4xx_it.o(i.BusFault_Handler)
    DebugMon_Handler                         0x08000357   Thumb Code     2  stm32f4xx_it.o(i.DebugMon_Handler)
    ETH_IRQHandler                           0x080003a9   Thumb Code     6  stm32f4xx_it.o(i.ETH_IRQHandler)
    Error_Handler                            0x080004d9   Thumb Code     2  main.o(i.Error_Handler)
    HAL_Delay                                0x080004dd   Thumb Code    32  stm32f4xx_hal.o(i.HAL_Delay)
    HAL_ETH_DMARxDescListInit                0x08000501   Thumb Code   116  stm32f4xx_hal_eth.o(i.HAL_ETH_DMARxDescListInit)
    HAL_ETH_DMATxDescListInit                0x08000575   Thumb Code   120  stm32f4xx_hal_eth.o(i.HAL_ETH_DMATxDescListInit)
    HAL_ETH_ErrorCallback                    0x080005ed   Thumb Code     2  stm32f4xx_hal_eth.o(i.HAL_ETH_ErrorCallback)
    HAL_ETH_GetReceivedFrame                 0x080005ef   Thumb Code   122  stm32f4xx_hal_eth.o(i.HAL_ETH_GetReceivedFrame)
    HAL_ETH_IRQHandler                       0x08000669   Thumb Code   122  stm32f4xx_hal_eth.o(i.HAL_ETH_IRQHandler)
    HAL_ETH_Init                             0x080006e5   Thumb Code   454  stm32f4xx_hal_eth.o(i.HAL_ETH_Init)
    HAL_ETH_MspInit                          0x080008d5   Thumb Code   210  ethernetif.o(i.HAL_ETH_MspInit)
    HAL_ETH_ReadPHYRegister                  0x080009bd   Thumb Code   132  stm32f4xx_hal_eth.o(i.HAL_ETH_ReadPHYRegister)
    HAL_ETH_RxCpltCallback                   0x08000a41   Thumb Code     2  stm32f4xx_hal_eth.o(i.HAL_ETH_RxCpltCallback)
    HAL_ETH_Start                            0x08000a43   Thumb Code   132  stm32f4xx_hal_eth.o(i.HAL_ETH_Start)
    HAL_ETH_TransmitFrame                    0x08000ac7   Thumb Code   264  stm32f4xx_hal_eth.o(i.HAL_ETH_TransmitFrame)
    HAL_ETH_TxCpltCallback                   0x08000bcf   Thumb Code     2  stm32f4xx_hal_eth.o(i.HAL_ETH_TxCpltCallback)
    HAL_ETH_WritePHYRegister                 0x08000bd1   Thumb Code   120  stm32f4xx_hal_eth.o(i.HAL_ETH_WritePHYRegister)
    HAL_GPIO_Init                            0x08000c49   Thumb Code   448  stm32f4xx_hal_gpio.o(i.HAL_GPIO_Init)
    HAL_GPIO_WritePin                        0x08000e35   Thumb Code    10  stm32f4xx_hal_gpio.o(i.HAL_GPIO_WritePin)
    HAL_GetTick                              0x08000e41   Thumb Code     6  stm32f4xx_hal.o(i.HAL_GetTick)
    HAL_IncTick                              0x08000e4d   Thumb Code    12  stm32f4xx_hal.o(i.HAL_IncTick)
    HAL_Init                                 0x08000e5d   Thumb Code    48  stm32f4xx_hal.o(i.HAL_Init)
    HAL_InitTick                             0x08000e91   Thumb Code    54  stm32f4xx_hal.o(i.HAL_InitTick)
    HAL_MspInit                              0x08000ed1   Thumb Code    48  stm32f4xx_hal_msp.o(i.HAL_MspInit)
    HAL_NVIC_EnableIRQ                       0x08000f05   Thumb Code    26  stm32f4xx_hal_cortex.o(i.HAL_NVIC_EnableIRQ)
    HAL_NVIC_SetPriority                     0x08000f21   Thumb Code    60  stm32f4xx_hal_cortex.o(i.HAL_NVIC_SetPriority)
    HAL_NVIC_SetPriorityGrouping             0x08000f61   Thumb Code    26  stm32f4xx_hal_cortex.o(i.HAL_NVIC_SetPriorityGrouping)
    HAL_RCC_ClockConfig                      0x08000f85   Thumb Code   288  stm32f4xx_hal_rcc.o(i.HAL_RCC_ClockConfig)
    HAL_RCC_GetHCLKFreq                      0x080010b9   Thumb Code     6  stm32f4xx_hal_rcc.o(i.HAL_RCC_GetHCLKFreq)
    HAL_RCC_GetPCLK1Freq                     0x080010c5   Thumb Code    20  stm32f4xx_hal_rcc.o(i.HAL_RCC_GetPCLK1Freq)
    HAL_RCC_GetPCLK2Freq                     0x080010e5   Thumb Code    20  stm32f4xx_hal_rcc.o(i.HAL_RCC_GetPCLK2Freq)
    HAL_RCC_GetSysClockFreq                  0x08001105   Thumb Code    88  stm32f4xx_hal_rcc.o(i.HAL_RCC_GetSysClockFreq)
    HAL_RCC_OscConfig                        0x08001165   Thumb Code   856  stm32f4xx_hal_rcc.o(i.HAL_RCC_OscConfig)
    HAL_SYSTICK_Config                       0x080014d1   Thumb Code    40  stm32f4xx_hal_cortex.o(i.HAL_SYSTICK_Config)
    HAL_UART_Init                            0x080014f9   Thumb Code    98  stm32f4xx_hal_uart.o(i.HAL_UART_Init)
    HAL_UART_MspInit                         0x0800155d   Thumb Code    92  usart.o(i.HAL_UART_MspInit)
    HardFault_Handler                        0x080015c5   Thumb Code     2  stm32f4xx_it.o(i.HardFault_Handler)
    MX_GPIO_Init                             0x080015c9   Thumb Code   150  gpio.o(i.MX_GPIO_Init)
    MX_LWIP_Init                             0x08001669   Thumb Code    82  lwip.o(i.MX_LWIP_Init)
    MX_LWIP_Process                          0x080016cd   Thumb Code    16  lwip.o(i.MX_LWIP_Process)
    MX_USART1_UART_Init                      0x080016e1   Thumb Code    48  usart.o(i.MX_USART1_UART_Init)
    MemManage_Handler                        0x08001719   Thumb Code     2  stm32f4xx_it.o(i.MemManage_Handler)
    NMI_Handler                              0x0800171b   Thumb Code     2  stm32f4xx_it.o(i.NMI_Handler)
    PendSV_Handler                           0x0800171d   Thumb Code     2  stm32f4xx_it.o(i.PendSV_Handler)
    SVC_Handler                              0x0800171f   Thumb Code     2  stm32f4xx_it.o(i.SVC_Handler)
    SysTick_Handler                          0x08001721   Thumb Code     4  stm32f4xx_it.o(i.SysTick_Handler)
    SystemClock_Config                       0x08001725   Thumb Code   126  main.o(i.SystemClock_Config)
    SystemInit                               0x080017ad   Thumb Code    12  system_stm32f4xx.o(i.SystemInit)
    UsageFault_Handler                       0x080018c9   Thumb Code     2  stm32f4xx_it.o(i.UsageFault_Handler)
    __0printf$3                              0x080018cd   Thumb Code    22  printf3.o(i.__0printf$3)
    __1printf$3                              0x080018cd   Thumb Code     0  printf3.o(i.__0printf$3)
    __2printf                                0x080018cd   Thumb Code     0  printf3.o(i.__0printf$3)
    __scatterload_copy                       0x0800190d   Thumb Code    14  handlers.o(i.__scatterload_copy)
    __scatterload_null                       0x0800191b   Thumb Code     2  handlers.o(i.__scatterload_null)
    __scatterload_zeroinit                   0x0800191d   Thumb Code    14  handlers.o(i.__scatterload_zeroinit)
    dhcp_arp_reply                           0x08001ae5   Thumb Code    42  dhcp.o(i.dhcp_arp_reply)
    dhcp_coarse_tmr                          0x08001d3d   Thumb Code   168  dhcp.o(i.dhcp_coarse_tmr)
    dhcp_fine_tmr                            0x08002209   Thumb Code    46  dhcp.o(i.dhcp_fine_tmr)
    dhcp_release_and_stop                    0x08002d29   Thumb Code   180  dhcp.o(i.dhcp_release_and_stop)
    dhcp_renew                               0x08002de5   Thumb Code   210  dhcp.o(i.dhcp_renew)
    dhcp_start                               0x080030cd   Thumb Code   148  dhcp.o(i.dhcp_start)
    dhcp_supplied_address                    0x080031f5   Thumb Code    28  dhcp.o(i.dhcp_supplied_address)
    etharp_cleanup_netif                     0x080033bd   Thumb Code    40  etharp.o(i.etharp_cleanup_netif)
    etharp_input                             0x0800366d   Thumb Code   166  etharp.o(i.etharp_input)
    etharp_output                            0x08003785   Thumb Code   280  etharp.o(i.etharp_output)
    etharp_query                             0x08003a45   Thumb Code   300  etharp.o(i.etharp_query)
    etharp_request                           0x08003da1   Thumb Code     6  etharp.o(i.etharp_request)
    etharp_tmr                               0x08003dcd   Thumb Code    90  etharp.o(i.etharp_tmr)
    ethernet_input                           0x08003f49   Thumb Code   160  ethernet.o(i.ethernet_input)
    ethernet_output                          0x08003fed   Thumb Code    98  ethernet.o(i.ethernet_output)
    ethernetif_init                          0x080040e5   Thumb Code    50  ethernetif.o(i.ethernetif_init)
    ethernetif_input                         0x0800416d   Thumb Code    34  ethernetif.o(i.ethernetif_input)
    fputc                                    0x08004191   Thumb Code    14  usart.o(i.fputc)
    icmp_dest_unreach                        0x080041a5   Thumb Code     8  icmp.o(i.icmp_dest_unreach)
    icmp_input                               0x080041ad   Thumb Code   280  icmp.o(i.icmp_input)
    icmp_time_exceeded                       0x080044a5   Thumb Code     8  icmp.o(i.icmp_time_exceeded)
    ip4_addr_isbroadcast_u32                 0x080044ad   Thumb Code    46  ip4_addr.o(i.ip4_addr_isbroadcast_u32)
    ip4_frag                                 0x080044dd   Thumb Code   426  ip4_frag.o(i.ip4_frag)
    ip4_input                                0x0800473d   Thumb Code   394  ip4.o(i.ip4_input)
    ip4_output_if                            0x080048fd   Thumb Code    30  ip4.o(i.ip4_output_if)
    ip4_output_if_src                        0x0800491d   Thumb Code   214  ip4.o(i.ip4_output_if_src)
    ip4_reass                                0x08004a95   Thumb Code   482  ip4_frag.o(i.ip4_reass)
    ip4_route                                0x08004d1d   Thumb Code    86  ip4.o(i.ip4_route)
    ip_reass_tmr                             0x08005329   Thumb Code    40  ip4_frag.o(i.ip_reass_tmr)
    lwip_htonl                               0x0800565d   Thumb Code     4  def.o(i.lwip_htonl)
    lwip_htons                               0x08005661   Thumb Code     4  def.o(i.lwip_htons)
    lwip_init                                0x08005665   Thumb Code    30  init.o(i.lwip_init)
    main                                     0x08005683   Thumb Code    26  main.o(i.main)
    mem_free                                 0x0800569d   Thumb Code   168  mem.o(i.mem_free)
    mem_init                                 0x0800583d   Thumb Code    46  mem.o(i.mem_init)
    mem_malloc                               0x08005875   Thumb Code   300  mem.o(i.mem_malloc)
    mem_trim                                 0x08005ac1   Thumb Code   284  mem.o(i.mem_trim)
    memp_free                                0x08005c85   Thumb Code    34  memp.o(i.memp_free)
    memp_init                                0x08005d21   Thumb Code    26  memp.o(i.memp_init)
    memp_init_pool                           0x08005d41   Thumb Code    42  memp.o(i.memp_init_pool)
    memp_malloc                              0x08005d6d   Thumb Code    38  memp.o(i.memp_malloc)
    netif_add                                0x08005e11   Thumb Code   236  netif.o(i.netif_add)
    netif_get_by_index                       0x080060f1   Thumb Code    34  netif.o(i.netif_get_by_index)
    netif_init                               0x08006119   Thumb Code     2  netif.o(i.netif_init)
    netif_set_addr                           0x080061e5   Thumb Code    90  netif.o(i.netif_set_addr)
    netif_set_default                        0x08006245   Thumb Code     6  netif.o(i.netif_set_default)
    netif_set_down                           0x08006251   Thumb Code    42  netif.o(i.netif_set_down)
    netif_set_up                             0x080062f9   Thumb Code    40  netif.o(i.netif_set_up)
    pbuf_add_header                          0x08006399   Thumb Code     6  pbuf.o(i.pbuf_add_header)
    pbuf_alloc                               0x08006461   Thumb Code   298  pbuf.o(i.pbuf_alloc)
    pbuf_alloc_reference                     0x08006695   Thumb Code    68  pbuf.o(i.pbuf_alloc_reference)
    pbuf_alloced_custom                      0x08006745   Thumb Code    54  pbuf.o(i.pbuf_alloced_custom)
    pbuf_cat                                 0x0800677d   Thumb Code    96  pbuf.o(i.pbuf_cat)
    pbuf_chain                               0x080068ad   Thumb Code    18  pbuf.o(i.pbuf_chain)
    pbuf_clen                                0x080068bf   Thumb Code    18  pbuf.o(i.pbuf_clen)
    pbuf_clone                               0x080068d1   Thumb Code    48  pbuf.o(i.pbuf_clone)
    pbuf_copy                                0x0800696d   Thumb Code   232  pbuf.o(i.pbuf_copy)
    pbuf_copy_partial                        0x08006b4d   Thumb Code   124  pbuf.o(i.pbuf_copy_partial)
    pbuf_free                                0x08006c65   Thumb Code   158  pbuf.o(i.pbuf_free)
    pbuf_free_ooseq                          0x08006db9   Thumb Code    28  pbuf.o(i.pbuf_free_ooseq)
    pbuf_header_force                        0x08006ddd   Thumb Code     6  pbuf.o(i.pbuf_header_force)
    pbuf_realloc                             0x08006e0d   Thumb Code   142  pbuf.o(i.pbuf_realloc)
    pbuf_ref                                 0x08006f41   Thumb Code    32  pbuf.o(i.pbuf_ref)
    pbuf_remove_header                       0x08006fcd   Thumb Code    74  pbuf.o(i.pbuf_remove_header)
    sys_check_timeouts                       0x08007249   Thumb Code    74  timeouts.o(i.sys_check_timeouts)
    sys_now                                  0x0800729d   Thumb Code     4  ethernetif.o(i.sys_now)
    sys_timeout                              0x080072a1   Thumb Code    46  timeouts.o(i.sys_timeout)
    sys_timeouts_init                        0x0800745d   Thumb Code    30  timeouts.o(i.sys_timeouts_init)
    tcp_abandon                              0x08007485   Thumb Code   256  tcp.o(i.tcp_abandon)
    tcp_abort                                0x08007631   Thumb Code     6  tcp.o(i.tcp_abort)
    tcp_alloc                                0x08007639   Thumb Code   280  tcp.o(i.tcp_alloc)
    tcp_close                                0x0800775d   Thumb Code    48  tcp.o(i.tcp_close)
    tcp_eff_send_mss_netif                   0x08007c1d   Thumb Code    54  tcp.o(i.tcp_eff_send_mss_netif)
    tcp_enqueue_flags                        0x08007cd5   Thumb Code   268  tcp_out.o(i.tcp_enqueue_flags)
    tcp_fasttmr                              0x08007f09   Thumb Code   102  tcp.o(i.tcp_fasttmr)
    tcp_free                                 0x08007f75   Thumb Code    34  tcp.o(i.tcp_free)
    tcp_free_ooseq                           0x08008141   Thumb Code    20  tcp.o(i.tcp_free_ooseq)
    tcp_init                                 0x0800817d   Thumb Code    20  tcp.o(i.tcp_init)
    tcp_input                                0x08008195   Thumb Code  1584  tcp_in.o(i.tcp_input)
    tcp_keepalive                            0x080088b9   Thumb Code    82  tcp_out.o(i.tcp_keepalive)
    tcp_netif_ip_addr_changed                0x08008c49   Thumb Code    70  tcp.o(i.tcp_netif_ip_addr_changed)
    tcp_next_iss                             0x08008d55   Thumb Code    32  tcp.o(i.tcp_next_iss)
    tcp_output                               0x08008ef9   Thumb Code   552  tcp_out.o(i.tcp_output)
    tcp_pcb_purge                            0x080098ed   Thumb Code    88  tcp.o(i.tcp_pcb_purge)
    tcp_pcb_remove                           0x080099b9   Thumb Code   174  tcp.o(i.tcp_pcb_remove)
    tcp_process_refused_data                 0x0800a00d   Thumb Code   132  tcp.o(i.tcp_process_refused_data)
    tcp_recv_null                            0x0800aa15   Thumb Code    60  tcp.o(i.tcp_recv_null)
    tcp_recved                               0x0800aac5   Thumb Code   104  tcp.o(i.tcp_recved)
    tcp_rexmit                               0x0800ac1d   Thumb Code   118  tcp_out.o(i.tcp_rexmit)
    tcp_rexmit_fast                          0x0800ad09   Thumb Code   108  tcp_out.o(i.tcp_rexmit_fast)
    tcp_rexmit_rto                           0x0800adf1   Thumb Code    42  tcp_out.o(i.tcp_rexmit_rto)
    tcp_rexmit_rto_commit                    0x0800ae95   Thumb Code    44  tcp_out.o(i.tcp_rexmit_rto_commit)
    tcp_rexmit_rto_prepare                   0x0800af41   Thumb Code   118  tcp_out.o(i.tcp_rexmit_rto_prepare)
    tcp_rst                                  0x0800b049   Thumb Code   128  tcp_out.o(i.tcp_rst)
    tcp_seg_copy                             0x0800b15d   Thumb Code    56  tcp.o(i.tcp_seg_copy)
    tcp_seg_free                             0x0800b209   Thumb Code    28  tcp.o(i.tcp_seg_free)
    tcp_segs_free                            0x0800b225   Thumb Code    18  tcp.o(i.tcp_segs_free)
    tcp_send_empty_ack                       0x0800b239   Thumb Code   110  tcp_out.o(i.tcp_send_empty_ack)
    tcp_send_fin                             0x0800b325   Thumb Code    84  tcp_out.o(i.tcp_send_fin)
    tcp_slowtmr                              0x0800b3f1   Thumb Code  1360  tcp.o(i.tcp_slowtmr)
    tcp_split_unsent_seg                     0x0800b9c1   Thumb Code   360  tcp_out.o(i.tcp_split_unsent_seg)
    tcp_timer_needed                         0x0800bbed   Thumb Code    36  timeouts.o(i.tcp_timer_needed)
    tcp_tmr                                  0x0800bd21   Thumb Code    28  tcp.o(i.tcp_tmr)
    tcp_trigger_input_pcb_close              0x0800bd41   Thumb Code    12  tcp_in.o(i.tcp_trigger_input_pcb_close)
    tcp_update_rcv_ann_wnd                   0x0800bd51   Thumb Code    92  tcp.o(i.tcp_update_rcv_ann_wnd)
    tcp_zero_window_probe                    0x0800be45   Thumb Code   190  tcp_out.o(i.tcp_zero_window_probe)
    udp_bind                                 0x0800bfbd   Thumb Code   186  udp.o(i.udp_bind)
    udp_connect                              0x0800c0f1   Thumb Code   108  udp.o(i.udp_connect)
    udp_init                                 0x0800c1f1   Thumb Code    20  udp.o(i.udp_init)
    udp_input                                0x0800c209   Thumb Code   310  udp.o(i.udp_input)
    udp_netif_ip_addr_changed                0x0800c4fd   Thumb Code    48  udp.o(i.udp_netif_ip_addr_changed)
    udp_new                                  0x0800c531   Thumb Code    26  udp.o(i.udp_new)
    udp_recv                                 0x0800c54d   Thumb Code    22  udp.o(i.udp_recv)
    udp_remove                               0x0800c5d5   Thumb Code    58  udp.o(i.udp_remove)
    udp_sendto_if                            0x0800c685   Thumb Code   110  udp.o(i.udp_sendto_if)
    udp_sendto_if_src                        0x0800c7c5   Thumb Code   274  udp.o(i.udp_sendto_if_src)
    AHBPrescTable                            0x0800ca0c   Data          16  system_stm32f4xx.o(.constdata)
    APBPrescTable                            0x0800ca1c   Data           8  system_stm32f4xx.o(.constdata)
    ethbroadcast                             0x0800ca24   Data           6  ethernet.o(.constdata)
    ethzero                                  0x0800ca2a   Data           6  ethernet.o(.constdata)
    memp_UDP_PCB                             0x0800ca30   Data          12  memp.o(.constdata)
    memp_TCP_PCB                             0x0800ca3c   Data          12  memp.o(.constdata)
    memp_TCP_PCB_LISTEN                      0x0800ca48   Data          12  memp.o(.constdata)
    memp_TCP_SEG                             0x0800ca54   Data          12  memp.o(.constdata)
    memp_REASSDATA                           0x0800ca60   Data          12  memp.o(.constdata)
    memp_FRAG_PBUF                           0x0800ca6c   Data          12  memp.o(.constdata)
    memp_SYS_TIMEOUT                         0x0800ca78   Data          12  memp.o(.constdata)
    memp_PBUF                                0x0800ca84   Data          12  memp.o(.constdata)
    memp_PBUF_POOL                           0x0800ca90   Data          12  memp.o(.constdata)
    memp_pools                               0x0800ca9c   Data          36  memp.o(.constdata)
    tcp_pcb_lists                            0x0800cb04   Data          16  tcp.o(.constdata)
    lwip_cyclic_timers                       0x0800cb14   Data          40  timeouts.o(.constdata)
    ip_addr_any                              0x0800cb3c   Data           4  ip4_addr.o(.constdata)
    ip_addr_broadcast                        0x0800cb40   Data           4  ip4_addr.o(.constdata)
    Region$$Table$$Base                      0x0800cc9c   Number         0  anon$$obj.o(Region$$Table)
    Region$$Table$$Limit                     0x0800ccbc   Number         0  anon$$obj.o(Region$$Table)
    ipaddr                                   0x20000000   Data           4  lwip.o(.data)
    netmask                                  0x20000004   Data           4  lwip.o(.data)
    gw                                       0x20000008   Data           4  lwip.o(.data)
    uwTickFreq                               0x2000000c   Data           1  stm32f4xx_hal.o(.data)
    uwTickPrio                               0x20000010   Data           4  stm32f4xx_hal.o(.data)
    uwTick                                   0x20000014   Data           4  stm32f4xx_hal.o(.data)
    SystemCoreClock                          0x20000018   Data           4  system_stm32f4xx.o(.data)
    netif_list                               0x20000050   Data           4  netif.o(.data)
    netif_default                            0x20000054   Data           4  netif.o(.data)
    pbuf_free_ooseq_pending                  0x20000058   Data           1  pbuf.o(.data)
    tcp_active_pcbs_changed                  0x2000005c   Data           1  tcp.o(.data)
    tcp_ticks                                0x20000068   Data           4  tcp.o(.data)
    tcp_bound_pcbs                           0x2000006c   Data           4  tcp.o(.data)
    tcp_listen_pcbs                          0x20000070   Data           4  tcp.o(.data)
    tcp_active_pcbs                          0x20000074   Data           4  tcp.o(.data)
    tcp_tw_pcbs                              0x20000078   Data           4  tcp.o(.data)
    tcp_input_pcb                            0x2000009c   Data           4  tcp_in.o(.data)
    udp_pcbs                                 0x200000b0   Data           4  udp.o(.data)
    dhcp_rx_options_given                    0x200000c0   Data           8  dhcp.o(.data)
    __stdout                                 0x200000d8   Data           4  stdout.o(.data)
    gnetif                                   0x200000dc   Data          52  lwip.o(.bss)
    DMARxDscrTab                             0x20000110   Data         128  ethernetif.o(.bss)
    DMATxDscrTab                             0x20000190   Data         128  ethernetif.o(.bss)
    Rx_Buff                                  0x20000210   Data        6096  ethernetif.o(.bss)
    Tx_Buff                                  0x200019e0   Data        6096  ethernetif.o(.bss)
    heth                                     0x200031b0   Data          72  ethernetif.o(.bss)
    huart1                                   0x200031f8   Data          68  usart.o(.bss)
    ip_data                                  0x2000323c   Data          24  ip.o(.bss)
    ram_heap                                 0x20003254   Data        1619  mem.o(.bss)
    memp_memory_UDP_PCB_base                 0x200038a7   Data         131  memp.o(.bss)
    memp_memory_TCP_PCB_base                 0x2000392a   Data         783  memp.o(.bss)
    memp_memory_TCP_PCB_LISTEN_base          0x20003c39   Data         227  memp.o(.bss)
    memp_memory_TCP_SEG_base                 0x20003d1c   Data         259  memp.o(.bss)
    memp_memory_REASSDATA_base               0x20003e1f   Data         163  memp.o(.bss)
    memp_memory_FRAG_PBUF_base               0x20003ec2   Data         363  memp.o(.bss)
    memp_memory_SYS_TIMEOUT_base             0x2000402d   Data          83  memp.o(.bss)
    memp_memory_PBUF_base                    0x20004080   Data         259  memp.o(.bss)
    memp_memory_PBUF_POOL_base               0x20004183   Data        9731  memp.o(.bss)
    dhcp_rx_options_val                      0x20006798   Data          32  dhcp.o(.bss)
    __initial_sp                             0x20006ca8   Data           0  startup_stm32f407xx.o(STACK)



==============================================================================

Memory Map of the image

  Image Entry point : 0x08000189

  Load Region LR_IROM1 (Base: 0x08000000, Size: 0x0000cd98, Max: 0x00100000, ABSOLUTE)

    Execution Region ER_IROM1 (Base: 0x08000000, Size: 0x0000ccbc, Max: 0x00100000, ABSOLUTE)

    Base Addr    Size         Type   Attr      Idx    E Section Name        Object

    0x08000000   0x00000188   Data   RO            3    RESET               startup_stm32f407xx.o
    0x08000188   0x00000000   Code   RO         5875  * .ARM.Collect$$$$00000000  mc_w.l(entry.o)
    0x08000188   0x00000004   Code   RO         6190    .ARM.Collect$$$$00000001  mc_w.l(entry2.o)
    0x0800018c   0x00000004   Code   RO         6193    .ARM.Collect$$$$00000004  mc_w.l(entry5.o)
    0x08000190   0x00000000   Code   RO         6195    .ARM.Collect$$$$00000008  mc_w.l(entry7b.o)
    0x08000190   0x00000000   Code   RO         6197    .ARM.Collect$$$$0000000A  mc_w.l(entry8b.o)
    0x08000190   0x00000008   Code   RO         6198    .ARM.Collect$$$$0000000B  mc_w.l(entry9a.o)
    0x08000198   0x00000000   Code   RO         6200    .ARM.Collect$$$$0000000D  mc_w.l(entry10a.o)
    0x08000198   0x00000000   Code   RO         6202    .ARM.Collect$$$$0000000F  mc_w.l(entry11a.o)
    0x08000198   0x00000004   Code   RO         6191    .ARM.Collect$$$$00002712  mc_w.l(entry2.o)
    0x0800019c   0x00000024   Code   RO            4    .text               startup_stm32f407xx.o
    0x080001c0   0x00000062   Code   RO         5878    .text               mc_w.l(uldiv.o)
    0x08000222   0x00000002   PAD
    0x08000224   0x00000024   Code   RO         5908    .text               mc_w.l(rand.o)
    0x08000248   0x00000040   Code   RO         5913    .text               mc_w.l(memmovea.o)
    0x08000288   0x00000024   Code   RO         5915    .text               mc_w.l(memseta.o)
    0x080002ac   0x0000001a   Code   RO         5919    .text               mc_w.l(memcmp.o)
    0x080002c6   0x0000002c   Code   RO         6205    .text               mc_w.l(uidiv.o)
    0x080002f2   0x0000001e   Code   RO         6207    .text               mc_w.l(llshl.o)
    0x08000310   0x00000020   Code   RO         6209    .text               mc_w.l(llushr.o)
    0x08000330   0x00000024   Code   RO         6231    .text               mc_w.l(init.o)
    0x08000354   0x00000002   Code   RO          506    i.BusFault_Handler  stm32f4xx_it.o
    0x08000356   0x00000002   Code   RO          507    i.DebugMon_Handler  stm32f4xx_it.o
    0x08000358   0x00000020   Code   RO          612    i.ETH_Delay         stm32f4xx_hal_eth.o
    0x08000378   0x0000002e   Code   RO          613    i.ETH_FlushTransmitFIFO  stm32f4xx_hal_eth.o
    0x080003a6   0x00000002   PAD
    0x080003a8   0x0000000c   Code   RO          508    i.ETH_IRQHandler    stm32f4xx_it.o
    0x080003b4   0x00000124   Code   RO          614    i.ETH_MACDMAConfig  stm32f4xx_hal_eth.o
    0x080004d8   0x00000002   Code   RO           13    i.Error_Handler     main.o
    0x080004da   0x00000002   PAD
    0x080004dc   0x00000024   Code   RO         2039    i.HAL_Delay         stm32f4xx_hal.o
    0x08000500   0x00000074   Code   RO          617    i.HAL_ETH_DMARxDescListInit  stm32f4xx_hal_eth.o
    0x08000574   0x00000078   Code   RO          618    i.HAL_ETH_DMATxDescListInit  stm32f4xx_hal_eth.o
    0x080005ec   0x00000002   Code   RO          620    i.HAL_ETH_ErrorCallback  stm32f4xx_hal_eth.o
    0x080005ee   0x0000007a   Code   RO          621    i.HAL_ETH_GetReceivedFrame  stm32f4xx_hal_eth.o
    0x08000668   0x0000007a   Code   RO          624    i.HAL_ETH_IRQHandler  stm32f4xx_hal_eth.o
    0x080006e2   0x00000002   PAD
    0x080006e4   0x000001f0   Code   RO          625    i.HAL_ETH_Init      stm32f4xx_hal_eth.o
    0x080008d4   0x000000e8   Code   RO          374    i.HAL_ETH_MspInit   ethernetif.o
    0x080009bc   0x00000084   Code   RO          628    i.HAL_ETH_ReadPHYRegister  stm32f4xx_hal_eth.o
    0x08000a40   0x00000002   Code   RO          629    i.HAL_ETH_RxCpltCallback  stm32f4xx_hal_eth.o
    0x08000a42   0x00000084   Code   RO          630    i.HAL_ETH_Start     stm32f4xx_hal_eth.o
    0x08000ac6   0x00000108   Code   RO          632    i.HAL_ETH_TransmitFrame  stm32f4xx_hal_eth.o
    0x08000bce   0x00000002   Code   RO          633    i.HAL_ETH_TxCpltCallback  stm32f4xx_hal_eth.o
    0x08000bd0   0x00000078   Code   RO          634    i.HAL_ETH_WritePHYRegister  stm32f4xx_hal_eth.o
    0x08000c48   0x000001ec   Code   RO         1513    i.HAL_GPIO_Init     stm32f4xx_hal_gpio.o
    0x08000e34   0x0000000a   Code   RO         1517    i.HAL_GPIO_WritePin  stm32f4xx_hal_gpio.o
    0x08000e3e   0x00000002   PAD
    0x08000e40   0x0000000c   Code   RO         2045    i.HAL_GetTick       stm32f4xx_hal.o
    0x08000e4c   0x00000010   Code   RO         2051    i.HAL_IncTick       stm32f4xx_hal.o
    0x08000e5c   0x00000034   Code   RO         2052    i.HAL_Init          stm32f4xx_hal.o
    0x08000e90   0x00000040   Code   RO         2053    i.HAL_InitTick      stm32f4xx_hal.o
    0x08000ed0   0x00000034   Code   RO          588    i.HAL_MspInit       stm32f4xx_hal_msp.o
    0x08000f04   0x0000001a   Code   RO         1902    i.HAL_NVIC_EnableIRQ  stm32f4xx_hal_cortex.o
    0x08000f1e   0x00000002   PAD
    0x08000f20   0x00000040   Code   RO         1908    i.HAL_NVIC_SetPriority  stm32f4xx_hal_cortex.o
    0x08000f60   0x00000024   Code   RO         1909    i.HAL_NVIC_SetPriorityGrouping  stm32f4xx_hal_cortex.o
    0x08000f84   0x00000134   Code   RO         1159    i.HAL_RCC_ClockConfig  stm32f4xx_hal_rcc.o
    0x080010b8   0x0000000c   Code   RO         1164    i.HAL_RCC_GetHCLKFreq  stm32f4xx_hal_rcc.o
    0x080010c4   0x00000020   Code   RO         1166    i.HAL_RCC_GetPCLK1Freq  stm32f4xx_hal_rcc.o
    0x080010e4   0x00000020   Code   RO         1167    i.HAL_RCC_GetPCLK2Freq  stm32f4xx_hal_rcc.o
    0x08001104   0x00000060   Code   RO         1168    i.HAL_RCC_GetSysClockFreq  stm32f4xx_hal_rcc.o
    0x08001164   0x0000036c   Code   RO         1171    i.HAL_RCC_OscConfig  stm32f4xx_hal_rcc.o
    0x080014d0   0x00000028   Code   RO         1913    i.HAL_SYSTICK_Config  stm32f4xx_hal_cortex.o
    0x080014f8   0x00000062   Code   RO          830    i.HAL_UART_Init     stm32f4xx_hal_uart.o
    0x0800155a   0x00000002   PAD
    0x0800155c   0x00000068   Code   RO          459    i.HAL_UART_MspInit  usart.o
    0x080015c4   0x00000002   Code   RO          509    i.HardFault_Handler  stm32f4xx_it.o
    0x080015c6   0x00000002   PAD
    0x080015c8   0x000000a0   Code   RO          283    i.MX_GPIO_Init      gpio.o
    0x08001668   0x00000064   Code   RO          307    i.MX_LWIP_Init      lwip.o
    0x080016cc   0x00000014   Code   RO          308    i.MX_LWIP_Process   lwip.o
    0x080016e0   0x00000038   Code   RO          460    i.MX_USART1_UART_Init  usart.o
    0x08001718   0x00000002   Code   RO          510    i.MemManage_Handler  stm32f4xx_it.o
    0x0800171a   0x00000002   Code   RO          511    i.NMI_Handler       stm32f4xx_it.o
    0x0800171c   0x00000002   Code   RO          512    i.PendSV_Handler    stm32f4xx_it.o
    0x0800171e   0x00000002   Code   RO          513    i.SVC_Handler       stm32f4xx_it.o
    0x08001720   0x00000004   Code   RO          514    i.SysTick_Handler   stm32f4xx_it.o
    0x08001724   0x00000088   Code   RO           14    i.SystemClock_Config  main.o
    0x080017ac   0x00000010   Code   RO         2291    i.SystemInit        system_stm32f4xx.o
    0x080017bc   0x0000010c   Code   RO          856    i.UART_SetConfig    stm32f4xx_hal_uart.o
    0x080018c8   0x00000002   Code   RO          515    i.UsageFault_Handler  stm32f4xx_it.o
    0x080018ca   0x00000002   PAD
    0x080018cc   0x00000020   Code   RO         6016    i.__0printf$3       mc_w.l(printf3.o)
    0x080018ec   0x00000020   Code   RO         1915    i.__NVIC_SetPriority  stm32f4xx_hal_cortex.o
    0x0800190c   0x0000000e   Code   RO         6243    i.__scatterload_copy  mc_w.l(handlers.o)
    0x0800191a   0x00000002   Code   RO         6244    i.__scatterload_null  mc_w.l(handlers.o)
    0x0800191c   0x0000000e   Code   RO         6245    i.__scatterload_zeroinit  mc_w.l(handlers.o)
    0x0800192a   0x00000002   PAD
    0x0800192c   0x000001b8   Code   RO         6023    i._printf_core      mc_w.l(printf3.o)
    0x08001ae4   0x0000009c   Code   RO         4899    i.dhcp_arp_reply    dhcp.o
    0x08001b80   0x00000188   Code   RO         4900    i.dhcp_bind         dhcp.o
    0x08001d08   0x00000034   Code   RO         4901    i.dhcp_check        dhcp.o
    0x08001d3c   0x000000ac   Code   RO         4903    i.dhcp_coarse_tmr   dhcp.o
    0x08001de8   0x000001e4   Code   RO         4904    i.dhcp_create_msg   dhcp.o
    0x08001fcc   0x000000b8   Code   RO         4905    i.dhcp_dec_pcb_refcount  dhcp.o
    0x08002084   0x0000009c   Code   RO         4906    i.dhcp_decline      dhcp.o
    0x08002120   0x000000e8   Code   RO         4907    i.dhcp_discover     dhcp.o
    0x08002208   0x00000034   Code   RO         4908    i.dhcp_fine_tmr     dhcp.o
    0x0800223c   0x00000064   Code   RO         4909    i.dhcp_handle_ack   dhcp.o
    0x080022a0   0x000000ec   Code   RO         4910    i.dhcp_inc_pcb_refcount  dhcp.o
    0x0800238c   0x00000098   Code   RO         4913    i.dhcp_option       dhcp.o
    0x08002424   0x000000bc   Code   RO         4914    i.dhcp_option_byte  dhcp.o
    0x080024e0   0x000000d8   Code   RO         4915    i.dhcp_option_long  dhcp.o
    0x080025b8   0x000000c8   Code   RO         4916    i.dhcp_option_short  dhcp.o
    0x08002680   0x00000020   Code   RO         4917    i.dhcp_option_trailer  dhcp.o
    0x080026a0   0x00000390   Code   RO         4918    i.dhcp_parse_reply  dhcp.o
    0x08002a30   0x000000d8   Code   RO         4919    i.dhcp_rebind       dhcp.o
    0x08002b08   0x00000100   Code   RO         4920    i.dhcp_reboot       dhcp.o
    0x08002c08   0x00000120   Code   RO         4921    i.dhcp_recv         dhcp.o
    0x08002d28   0x000000bc   Code   RO         4923    i.dhcp_release_and_stop  dhcp.o
    0x08002de4   0x000000d8   Code   RO         4924    i.dhcp_renew        dhcp.o
    0x08002ebc   0x00000200   Code   RO         4925    i.dhcp_select       dhcp.o
    0x080030bc   0x00000010   Code   RO         4926    i.dhcp_set_state    dhcp.o
    0x080030cc   0x00000128   Code   RO         4928    i.dhcp_start        dhcp.o
    0x080031f4   0x0000001c   Code   RO         4930    i.dhcp_supplied_address  dhcp.o
    0x08003210   0x0000006c   Code   RO         4931    i.dhcp_timeout      dhcp.o
    0x0800327c   0x0000009c   Code   RO         3488    i.do_memp_free_pool  memp.o
    0x08003318   0x000000a4   Code   RO         3489    i.do_memp_malloc_pool  memp.o
    0x080033bc   0x0000002c   Code   RO         5106    i.etharp_cleanup_netif  etharp.o
    0x080033e8   0x00000260   Code   RO         5108    i.etharp_find_entry  etharp.o
    0x08003648   0x00000024   Code   RO         5109    i.etharp_free_entry  etharp.o
    0x0800366c   0x00000118   Code   RO         5111    i.etharp_input      etharp.o
    0x08003784   0x000001b0   Code   RO         5112    i.etharp_output     etharp.o
    0x08003934   0x00000110   Code   RO         5113    i.etharp_output_to_arp_index  etharp.o
    0x08003a44   0x000001e8   Code   RO         5114    i.etharp_query      etharp.o
    0x08003c2c   0x00000174   Code   RO         5115    i.etharp_raw        etharp.o
    0x08003da0   0x0000000c   Code   RO         5116    i.etharp_request    etharp.o
    0x08003dac   0x00000020   Code   RO         5117    i.etharp_request_dst  etharp.o
    0x08003dcc   0x00000060   Code   RO         5118    i.etharp_tmr        etharp.o
    0x08003e2c   0x0000011c   Code   RO         5119    i.etharp_update_arp_entry  etharp.o
    0x08003f48   0x000000a4   Code   RO         2766    i.ethernet_input    ethernet.o
    0x08003fec   0x000000f8   Code   RO         2767    i.ethernet_output   ethernet.o
    0x080040e4   0x00000088   Code   RO          375    i.ethernetif_init   ethernetif.o
    0x0800416c   0x00000022   Code   RO          376    i.ethernetif_input  ethernetif.o
    0x0800418e   0x00000002   PAD
    0x08004190   0x00000014   Code   RO          461    i.fputc             usart.o
    0x080041a4   0x00000008   Code   RO         5206    i.icmp_dest_unreach  icmp.o
    0x080041ac   0x000001e8   Code   RO         5207    i.icmp_input        icmp.o
    0x08004394   0x00000110   Code   RO         5208    i.icmp_send_response  icmp.o
    0x080044a4   0x00000008   Code   RO         5209    i.icmp_time_exceeded  icmp.o
    0x080044ac   0x0000002e   Code   RO         5327    i.ip4_addr_isbroadcast_u32  ip4_addr.o
    0x080044da   0x00000002   PAD
    0x080044dc   0x00000260   Code   RO         5396    i.ip4_frag          ip4_frag.o
    0x0800473c   0x00000194   Code   RO         5272    i.ip4_input         ip4.o
    0x080048d0   0x0000002c   Code   RO         5273    i.ip4_input_accept  ip4.o
    0x080048fc   0x0000001e   Code   RO         5275    i.ip4_output_if     ip4.o
    0x0800491a   0x00000002   PAD
    0x0800491c   0x00000178   Code   RO         5276    i.ip4_output_if_src  ip4.o
    0x08004a94   0x00000288   Code   RO         5397    i.ip4_reass         ip4_frag.o
    0x08004d1c   0x00000060   Code   RO         5277    i.ip4_route         ip4.o
    0x08004d7c   0x00000090   Code   RO         5398    i.ip_frag_free_pbuf_custom_ref  ip4_frag.o
    0x08004e0c   0x00000248   Code   RO         5399    i.ip_reass_chain_frag_into_datagram_and_validate  ip4_frag.o
    0x08005054   0x000000bc   Code   RO         5400    i.ip_reass_dequeue_datagram  ip4_frag.o
    0x08005110   0x00000198   Code   RO         5401    i.ip_reass_free_complete_datagram  ip4_frag.o
    0x080052a8   0x00000080   Code   RO         5402    i.ip_reass_remove_oldest_datagram  ip4_frag.o
    0x08005328   0x0000002c   Code   RO         5403    i.ip_reass_tmr      ip4_frag.o
    0x08005354   0x00000098   Code   RO         5404    i.ipfrag_free_pbuf_custom  ip4_frag.o
    0x080053ec   0x000000cc   Code   RO          377    i.low_level_init    ethernetif.o
    0x080054b8   0x000000c0   Code   RO          378    i.low_level_input   ethernetif.o
    0x08005578   0x000000a8   Code   RO          379    i.low_level_output  ethernetif.o
    0x08005620   0x0000003c   Code   RO         4667    i.lwip_cyclic_timer  timeouts.o
    0x0800565c   0x00000004   Code   RO         3155    i.lwip_htonl        def.o
    0x08005660   0x00000004   Code   RO         3156    i.lwip_htons        def.o
    0x08005664   0x0000001e   Code   RO         3307    i.lwip_init         init.o
    0x08005682   0x0000001a   Code   RO           15    i.main              main.o
    0x0800569c   0x000001a0   Code   RO         3412    i.mem_free          mem.o
    0x0800583c   0x00000038   Code   RO         3413    i.mem_init          mem.o
    0x08005874   0x0000023c   Code   RO         3414    i.mem_malloc        mem.o
    0x08005ab0   0x00000010   Code   RO         3415    i.mem_to_ptr        mem.o
    0x08005ac0   0x000001c4   Code   RO         3416    i.mem_trim          mem.o
    0x08005c84   0x0000009c   Code   RO         3490    i.memp_free         memp.o
    0x08005d20   0x00000020   Code   RO         3492    i.memp_init         memp.o
    0x08005d40   0x0000002a   Code   RO         3493    i.memp_init_pool    memp.o
    0x08005d6a   0x00000002   PAD
    0x08005d6c   0x000000a4   Code   RO         3494    i.memp_malloc       memp.o
    0x08005e10   0x000001d8   Code   RO         3622    i.netif_add         netif.o
    0x08005fe8   0x00000016   Code   RO         3624    i.netif_do_ip_addr_changed  netif.o
    0x08005ffe   0x00000016   Code   RO         3625    i.netif_do_set_gw   netif.o
    0x08006014   0x000000c4   Code   RO         3626    i.netif_do_set_ipaddr  netif.o
    0x080060d8   0x00000016   Code   RO         3627    i.netif_do_set_netmask  netif.o
    0x080060ee   0x00000002   PAD
    0x080060f0   0x00000028   Code   RO         3629    i.netif_get_by_index  netif.o
    0x08006118   0x00000002   Code   RO         3631    i.netif_init        netif.o
    0x0800611a   0x00000002   PAD
    0x0800611c   0x000000c0   Code   RO         3633    i.netif_issue_reports  netif.o
    0x080061dc   0x00000006   Code   RO         3635    i.netif_null_output_ip4  netif.o
    0x080061e2   0x00000002   PAD
    0x080061e4   0x00000060   Code   RO         3637    i.netif_set_addr    netif.o
    0x08006244   0x0000000c   Code   RO         3638    i.netif_set_default  netif.o
    0x08006250   0x000000a8   Code   RO         3639    i.netif_set_down    netif.o
    0x080062f8   0x000000a0   Code   RO         3645    i.netif_set_up      netif.o
    0x08006398   0x00000006   Code   RO         3804    i.pbuf_add_header   pbuf.o
    0x0800639e   0x00000002   PAD
    0x080063a0   0x000000c0   Code   RO         3806    i.pbuf_add_header_impl  pbuf.o
    0x08006460   0x00000234   Code   RO         3807    i.pbuf_alloc        pbuf.o
    0x08006694   0x000000b0   Code   RO         3808    i.pbuf_alloc_reference  pbuf.o
    0x08006744   0x00000036   Code   RO         3809    i.pbuf_alloced_custom  pbuf.o
    0x0800677a   0x00000002   PAD
    0x0800677c   0x00000130   Code   RO         3810    i.pbuf_cat          pbuf.o
    0x080068ac   0x00000012   Code   RO         3811    i.pbuf_chain        pbuf.o
    0x080068be   0x00000012   Code   RO         3812    i.pbuf_clen         pbuf.o
    0x080068d0   0x0000009c   Code   RO         3813    i.pbuf_clone        pbuf.o
    0x0800696c   0x000001e0   Code   RO         3815    i.pbuf_copy         pbuf.o
    0x08006b4c   0x00000118   Code   RO         3816    i.pbuf_copy_partial  pbuf.o
    0x08006c64   0x00000154   Code   RO         3818    i.pbuf_free         pbuf.o
    0x08006db8   0x00000024   Code   RO         3820    i.pbuf_free_ooseq   pbuf.o
    0x08006ddc   0x00000006   Code   RO         3824    i.pbuf_header_force  pbuf.o
    0x08006de2   0x0000000e   Code   RO         3825    i.pbuf_header_impl  pbuf.o
    0x08006df0   0x0000001c   Code   RO         3826    i.pbuf_init_alloced_pbuf  pbuf.o
    0x08006e0c   0x00000134   Code   RO         3830    i.pbuf_realloc      pbuf.o
    0x08006f40   0x0000008c   Code   RO         3831    i.pbuf_ref          pbuf.o
    0x08006fcc   0x000000d0   Code   RO         3832    i.pbuf_remove_header  pbuf.o
    0x0800709c   0x000001a0   Code   RO         3417    i.plug_holes        mem.o
    0x0800723c   0x0000000c   Code   RO         3418    i.ptr_to_mem        mem.o
    0x08007248   0x00000054   Code   RO         4668    i.sys_check_timeouts  timeouts.o
    0x0800729c   0x00000004   Code   RO          381    i.sys_now           ethernetif.o
    0x080072a0   0x000000c4   Code   RO         4670    i.sys_timeout       timeouts.o
    0x08007364   0x000000f8   Code   RO         4671    i.sys_timeout_abs   timeouts.o
    0x0800745c   0x00000028   Code   RO         4672    i.sys_timeouts_init  timeouts.o
    0x08007484   0x000001ac   Code   RO         4101    i.tcp_abandon       tcp.o
    0x08007630   0x00000006   Code   RO         4102    i.tcp_abort         tcp.o
    0x08007636   0x00000002   PAD
    0x08007638   0x00000124   Code   RO         4105    i.tcp_alloc         tcp.o
    0x0800775c   0x000000a0   Code   RO         4109    i.tcp_close         tcp.o
    0x080077fc   0x000001dc   Code   RO         4110    i.tcp_close_shutdown  tcp.o
    0x080079d8   0x000000c4   Code   RO         4111    i.tcp_close_shutdown_fin  tcp.o
    0x08007a9c   0x00000180   Code   RO         4507    i.tcp_create_segment  tcp_out.o
    0x08007c1c   0x000000b8   Code   RO         4114    i.tcp_eff_send_mss_netif  tcp.o
    0x08007cd4   0x00000234   Code   RO         4508    i.tcp_enqueue_flags  tcp_out.o
    0x08007f08   0x0000006c   Code   RO         4116    i.tcp_fasttmr       tcp.o
    0x08007f74   0x00000090   Code   RO         4117    i.tcp_free          tcp.o
    0x08008004   0x0000013c   Code   RO         4418    i.tcp_free_acked_segments  tcp_in.o
    0x08008140   0x00000014   Code   RO         4118    i.tcp_free_ooseq    tcp.o
    0x08008154   0x00000028   Code   RO         4419    i.tcp_get_next_optbyte  tcp_in.o
    0x0800817c   0x00000018   Code   RO         4119    i.tcp_init          tcp.o
    0x08008194   0x00000650   Code   RO         4420    i.tcp_input         tcp_in.o
    0x080087e4   0x000000d4   Code   RO         4421    i.tcp_input_delayed_close  tcp_in.o
    0x080088b8   0x000000cc   Code   RO         4509    i.tcp_keepalive     tcp_out.o
    0x08008984   0x000000bc   Code   RO         4120    i.tcp_kill_state    tcp.o
    0x08008a40   0x00000070   Code   RO         4121    i.tcp_listen_closed  tcp.o
    0x08008ab0   0x00000198   Code   RO         4422    i.tcp_listen_input  tcp_in.o
    0x08008c48   0x0000004c   Code   RO         4124    i.tcp_netif_ip_addr_changed  tcp.o
    0x08008c94   0x000000c0   Code   RO         4125    i.tcp_netif_ip_addr_changed_pcblist  tcp.o
    0x08008d54   0x00000098   Code   RO         4129    i.tcp_next_iss      tcp.o
    0x08008dec   0x0000010c   Code   RO         4423    i.tcp_oos_insert_segment  tcp_in.o
    0x08008ef8   0x000002e0   Code   RO         4510    i.tcp_output        tcp_out.o
    0x080091d8   0x000000cc   Code   RO         4511    i.tcp_output_alloc_header  tcp_out.o
    0x080092a4   0x00000110   Code   RO         4512    i.tcp_output_alloc_header_common  tcp_out.o
    0x080093b4   0x000000e0   Code   RO         4513    i.tcp_output_control_segment  tcp_out.o
    0x08009494   0x000000d8   Code   RO         4514    i.tcp_output_fill_options  tcp_out.o
    0x0800956c   0x000001dc   Code   RO         4515    i.tcp_output_segment  tcp_out.o
    0x08009748   0x000000a8   Code   RO         4516    i.tcp_output_segment_busy  tcp_out.o
    0x080097f0   0x000000fc   Code   RO         4424    i.tcp_parseopt      tcp_in.o
    0x080098ec   0x000000cc   Code   RO         4130    i.tcp_pcb_purge     tcp.o
    0x080099b8   0x00000190   Code   RO         4131    i.tcp_pcb_remove    tcp.o
    0x08009b48   0x000004c2   Code   RO         4425    i.tcp_process       tcp_in.o
    0x0800a00a   0x00000002   PAD
    0x0800a00c   0x00000104   Code   RO         4133    i.tcp_process_refused_data  tcp.o
    0x0800a110   0x00000904   Code   RO         4426    i.tcp_receive       tcp_in.o
    0x0800aa14   0x000000b0   Code   RO         4135    i.tcp_recv_null     tcp.o
    0x0800aac4   0x00000100   Code   RO         4136    i.tcp_recved        tcp.o
    0x0800abc4   0x00000058   Code   RO         4137    i.tcp_remove_listener  tcp.o
    0x0800ac1c   0x000000ec   Code   RO         4518    i.tcp_rexmit        tcp_out.o
    0x0800ad08   0x000000e8   Code   RO         4519    i.tcp_rexmit_fast   tcp_out.o
    0x0800adf0   0x000000a4   Code   RO         4520    i.tcp_rexmit_rto    tcp_out.o
    0x0800ae94   0x000000ac   Code   RO         4521    i.tcp_rexmit_rto_commit  tcp_out.o
    0x0800af40   0x000000f8   Code   RO         4522    i.tcp_rexmit_rto_prepare  tcp_out.o
    0x0800b038   0x00000010   Code   RO         4523    i.tcp_route         tcp_out.o
    0x0800b048   0x00000114   Code   RO         4524    i.tcp_rst           tcp_out.o
    0x0800b15c   0x000000ac   Code   RO         4138    i.tcp_seg_copy      tcp.o
    0x0800b208   0x0000001c   Code   RO         4139    i.tcp_seg_free      tcp.o
    0x0800b224   0x00000012   Code   RO         4140    i.tcp_segs_free     tcp.o
    0x0800b236   0x00000002   PAD
    0x0800b238   0x000000ec   Code   RO         4525    i.tcp_send_empty_ack  tcp_out.o
    0x0800b324   0x000000cc   Code   RO         4526    i.tcp_send_fin      tcp_out.o
    0x0800b3f0   0x000005d0   Code   RO         4144    i.tcp_slowtmr       tcp.o
    0x0800b9c0   0x0000022c   Code   RO         4527    i.tcp_split_unsent_seg  tcp_out.o
    0x0800bbec   0x00000034   Code   RO         4675    i.tcp_timer_needed  timeouts.o
    0x0800bc20   0x00000100   Code   RO         4427    i.tcp_timewait_input  tcp_in.o
    0x0800bd20   0x00000020   Code   RO         4146    i.tcp_tmr           tcp.o
    0x0800bd40   0x00000010   Code   RO         4428    i.tcp_trigger_input_pcb_close  tcp_in.o
    0x0800bd50   0x000000f4   Code   RO         4148    i.tcp_update_rcv_ann_wnd  tcp.o
    0x0800be44   0x00000140   Code   RO         4530    i.tcp_zero_window_probe  tcp_out.o
    0x0800bf84   0x00000038   Code   RO         4676    i.tcpip_tcp_timer   timeouts.o
    0x0800bfbc   0x00000134   Code   RO         4756    i.udp_bind          udp.o
    0x0800c0f0   0x00000100   Code   RO         4758    i.udp_connect       udp.o
    0x0800c1f0   0x00000018   Code   RO         4760    i.udp_init          udp.o
    0x0800c208   0x000001e8   Code   RO         4761    i.udp_input         udp.o
    0x0800c3f0   0x0000010c   Code   RO         4762    i.udp_input_local_match  udp.o
    0x0800c4fc   0x00000034   Code   RO         4763    i.udp_netif_ip_addr_changed  udp.o
    0x0800c530   0x0000001a   Code   RO         4764    i.udp_new           udp.o
    0x0800c54a   0x00000002   PAD
    0x0800c54c   0x00000088   Code   RO         4766    i.udp_recv          udp.o
    0x0800c5d4   0x000000b0   Code   RO         4767    i.udp_remove        udp.o
    0x0800c684   0x00000140   Code   RO         4770    i.udp_sendto_if     udp.o
    0x0800c7c4   0x00000248   Code   RO         4771    i.udp_sendto_if_src  udp.o
    0x0800ca0c   0x00000010   Data   RO         2292    .constdata          system_stm32f4xx.o
    0x0800ca1c   0x00000008   Data   RO         2293    .constdata          system_stm32f4xx.o
    0x0800ca24   0x00000006   Data   RO         2768    .constdata          ethernet.o
    0x0800ca2a   0x00000006   Data   RO         2769    .constdata          ethernet.o
    0x0800ca30   0x0000000c   Data   RO         3505    .constdata          memp.o
    0x0800ca3c   0x0000000c   Data   RO         3506    .constdata          memp.o
    0x0800ca48   0x0000000c   Data   RO         3507    .constdata          memp.o
    0x0800ca54   0x0000000c   Data   RO         3508    .constdata          memp.o
    0x0800ca60   0x0000000c   Data   RO         3509    .constdata          memp.o
    0x0800ca6c   0x0000000c   Data   RO         3510    .constdata          memp.o
    0x0800ca78   0x0000000c   Data   RO         3511    .constdata          memp.o
    0x0800ca84   0x0000000c   Data   RO         3512    .constdata          memp.o
    0x0800ca90   0x0000000c   Data   RO         3513    .constdata          memp.o
    0x0800ca9c   0x00000024   Data   RO         3514    .constdata          memp.o
    0x0800cac0   0x00000054   Data   RO         4149    .constdata          tcp.o
    0x0800cb14   0x00000028   Data   RO         4677    .constdata          timeouts.o
    0x0800cb3c   0x00000004   Data   RO         5334    .constdata          ip4_addr.o
    0x0800cb40   0x00000004   Data   RO         5335    .constdata          ip4_addr.o
    0x0800cb44   0x00000075   Data   RO         4150    .conststring        tcp.o
    0x0800cbb9   0x00000003   PAD
    0x0800cbbc   0x00000055   Data   RO         4531    .conststring        tcp_out.o
    0x0800cc11   0x00000003   PAD
    0x0800cc14   0x00000042   Data   RO         4933    .conststring        dhcp.o
    0x0800cc56   0x00000002   PAD
    0x0800cc58   0x00000041   Data   RO         5121    .conststring        etharp.o
    0x0800cc99   0x00000003   PAD
    0x0800cc9c   0x00000020   Data   RO         6241    Region$$Table       anon$$obj.o


    Execution Region RW_IRAM1 (Base: 0x20000000, Size: 0x00006ca8, Max: 0x00020000, ABSOLUTE)

    Base Addr    Size         Type   Attr      Idx    E Section Name        Object

    0x20000000   0x0000000c   Data   RW          316    .data               lwip.o
    0x2000000c   0x0000000c   Data   RW         2059    .data               stm32f4xx_hal.o
    0x20000018   0x00000004   Data   RW         2294    .data               system_stm32f4xx.o
    0x2000001c   0x0000000c   Data   RW         3420    .data               mem.o
    0x20000028   0x00000004   Data   RW         3515    .data               memp.o
    0x2000002c   0x00000004   Data   RW         3516    .data               memp.o
    0x20000030   0x00000004   Data   RW         3517    .data               memp.o
    0x20000034   0x00000004   Data   RW         3518    .data               memp.o
    0x20000038   0x00000004   Data   RW         3519    .data               memp.o
    0x2000003c   0x00000004   Data   RW         3520    .data               memp.o
    0x20000040   0x00000004   Data   RW         3521    .data               memp.o
    0x20000044   0x00000004   Data   RW         3522    .data               memp.o
    0x20000048   0x00000004   Data   RW         3523    .data               memp.o
    0x2000004c   0x0000000c   Data   RW         3646    .data               netif.o
    0x20000058   0x00000001   Data   RW         3839    .data               pbuf.o
    0x20000059   0x00000003   PAD
    0x2000005c   0x00000020   Data   RW         4151    .data               tcp.o
    0x2000007c   0x00000024   Data   RW         4430    .data               tcp_in.o
    0x200000a0   0x0000000c   Data   RW         4679    .data               timeouts.o
    0x200000ac   0x00000008   Data   RW         4772    .data               udp.o
    0x200000b4   0x00000014   Data   RW         4934    .data               dhcp.o
    0x200000c8   0x00000001   Data   RW         5122    .data               etharp.o
    0x200000c9   0x00000001   PAD
    0x200000ca   0x00000002   Data   RW         5278    .data               ip4.o
    0x200000cc   0x00000008   Data   RW         5405    .data               ip4_frag.o
    0x200000d4   0x00000004   Data   RW         5909    .data               mc_w.l(rand.o)
    0x200000d8   0x00000004   Data   RW         6204    .data               mc_w.l(stdout.o)
    0x200000dc   0x00000034   Zero   RW          313    .bss                lwip.o
    0x20000110   0x000030e8   Zero   RW          382    .bss                ethernetif.o
    0x200031f8   0x00000044   Zero   RW          462    .bss                usart.o
    0x2000323c   0x00000018   Zero   RW         3380    .bss                ip.o
    0x20003254   0x00000653   Zero   RW         3419    .bss                mem.o
    0x200038a7   0x00000083   Zero   RW         3496    .bss                memp.o
    0x2000392a   0x0000030f   Zero   RW         3497    .bss                memp.o
    0x20003c39   0x000000e3   Zero   RW         3498    .bss                memp.o
    0x20003d1c   0x00000103   Zero   RW         3499    .bss                memp.o
    0x20003e1f   0x000000a3   Zero   RW         3500    .bss                memp.o
    0x20003ec2   0x0000016b   Zero   RW         3501    .bss                memp.o
    0x2000402d   0x00000053   Zero   RW         3502    .bss                memp.o
    0x20004080   0x00000103   Zero   RW         3503    .bss                memp.o
    0x20004183   0x00002603   Zero   RW         3504    .bss                memp.o
    0x20006786   0x00000002   PAD
    0x20006788   0x00000010   Zero   RW         4429    .bss                tcp_in.o
    0x20006798   0x00000020   Zero   RW         4932    .bss                dhcp.o
    0x200067b8   0x000000f0   Zero   RW         5120    .bss                etharp.o
    0x200068a8   0x00000400   Zero   RW            1    STACK               startup_stm32f407xx.o


==============================================================================

Image component sizes


      Code (inc. data)   RO Data    RW Data    ZI Data      Debug   Object Name

         0          0          0          0          0       2192   auth.o
         8          0          0          0          0       1122   def.o
      6040       2014         66         20         32      28197   dhcp.o
      2956       1188         65          1        240      12935   etharp.o
       412        154         12          0          0       2758   ethernet.o
       970        138          0          0      12520       6326   ethernetif.o
       160         10          0          0          0       1019   gpio.o
       776        350          0          0          0       4482   icmp.o
        30          0          0          0          0       3652   init.o
         0          0          0          0         24       7997   ip.o
       950        186          0          2          0       5884   ip4.o
        46          0          8          0          0       8846   ip4_addr.o
      2904       1164          0          8          0      11802   ip4_frag.o
       120         22          0         12         52       1410   lwip.o
       164         10          0          0          0     718461   main.o
      1940        926          0         12       1619       7889   mem.o
       714        498        144         36      11999      11709   memp.o
      1410        740          0         12          0      14408   netif.o
      3328       1792          0          1          0      28319   pbuf.o
         0          0          0          0          0       2114   slipif.o
        36          8        392          0       1024        844   startup_stm32f407xx.o
       180         28          0         12          0       9477   stm32f4xx_hal.o
       198         14          0          0          0      33999   stm32f4xx_hal_cortex.o
      2000         72          0          0          0      13710   stm32f4xx_hal_eth.o
       502         44          0          0          0       2212   stm32f4xx_hal_gpio.o
        52          4          0          0          0        854   stm32f4xx_hal_msp.o
      1356         78          0          0          0       5780   stm32f4xx_hal_rcc.o
       366         10          0          0          0       2012   stm32f4xx_hal_uart.o
        32          6          0          0          0       4627   stm32f4xx_it.o
        16          4         24          4          0       1131   system_stm32f4xx.o
      6124       2876        201         32          0      38347   tcp.o
      6910       2036          0         36         16      22779   tcp_in.o
      6108       3044         85          0          0      29410   tcp_out.o
       736        372         40         12          0       6930   timeouts.o
      2638       1376          0          8          0      11861   udp.o
       180         26          0          0         68       2222   usart.o

    ----------------------------------------------------------------------
     50404      19190       1080        212      27596    1067717   Object Totals
         0          0         32          0          0          0   (incl. Generated)
        42          0         11          4          2          0   (incl. Padding)

    ----------------------------------------------------------------------

      Code (inc. data)   RO Data    RW Data    ZI Data      Debug   Library Member Name

         0          0          0          0          0          0   entry.o
         0          0          0          0          0          0   entry10a.o
         0          0          0          0          0          0   entry11a.o
         8          4          0          0          0          0   entry2.o
         4          0          0          0          0          0   entry5.o
         0          0          0          0          0          0   entry7b.o
         0          0          0          0          0          0   entry8b.o
         8          4          0          0          0          0   entry9a.o
        30          0          0          0          0          0   handlers.o
        36          8          0          0          0         68   init.o
        30          0          0          0          0         68   llshl.o
        32          0          0          0          0         68   llushr.o
        26          0          0          0          0         80   memcmp.o
        64          0          0          0          0         76   memmovea.o
        36          0          0          0          0        108   memseta.o
       472         14          0          0          0        184   printf3.o
        36         10          0          4          0        136   rand.o
         0          0          0          4          0          0   stdout.o
        44          0          0          0          0         80   uidiv.o
        98          0          0          0          0         92   uldiv.o

    ----------------------------------------------------------------------
       928         40          0          8          0        960   Library Totals
         4          0          0          0          0          0   (incl. Padding)

    ----------------------------------------------------------------------

      Code (inc. data)   RO Data    RW Data    ZI Data      Debug   Library Name

       924         40          0          8          0        960   mc_w.l

    ----------------------------------------------------------------------
       928         40          0          8          0        960   Library Totals

    ----------------------------------------------------------------------

==============================================================================


      Code (inc. data)   RO Data    RW Data    ZI Data      Debug   

     51332      19230       1080        220      27596    1044317   Grand Totals
     51332      19230       1080        220      27596    1044317   ELF Image Totals
     51332      19230       1080        220          0          0   ROM Totals

==============================================================================

    Total RO  Size (Code + RO Data)                52412 (  51.18kB)
    Total RW  Size (RW Data + ZI Data)             27816 (  27.16kB)
    Total ROM Size (Code + RO Data + RW Data)      52632 (  51.40kB)

==============================================================================

