<html>
<body>
<pre>
<h1>µVision Build Log</h1>
<h2>Tool Versions:</h2>
IDE-Version: ¦ÌVision V5.23.0.0
Copyright (C) 2017 ARM Ltd and ARM Germany GmbH. All rights reserved.
License Information: yang yuan, duobao, LIC=8VRJ7-EW0AZ-FW62N-YBJTM-X8RHG-DJF7M
 
Tool Versions:
Toolchain:       MDK-ARM Plus  Version: 5.23
Toolchain Path:  C:\Keil_v5\ARM\ARMCC\Bin
C Compiler:      Armcc.exe V5.06 update 4 (build 422)
Assembler:       Armasm.exe V5.06 update 4 (build 422)
Linker/Locator:  ArmLink.exe V5.06 update 4 (build 422)
Library Manager: ArmAr.exe V5.06 update 4 (build 422)
Hex Converter:   FromElf.exe V5.06 update 4 (build 422)
CPU DLL:         SARMCM3.DLL V5.23
Dialog DLL:      DCM.DLL V1.15.0.0
Target DLL:      STLink\ST-LINKIII-KEIL_SWO.dll V2.0.18.0
Dialog DLL:      TCM.DLL V1.27.0.0
 
<h2>Project:</h2>
C:\Users\Administrator\Desktop\cubemx\MDK-ARM\Server.uvprojx
Project File Date:  06/20/2024

<h2>Output:</h2>
*** Using Compiler 'V5.06 update 4 (build 422)', folder: 'C:\Keil_v5\ARM\ARMCC\Bin'
Rebuild target 'Server'
assembling startup_stm32f407xx.s...
compiling freertos.c...
compiling stm32f4xx_it.c...
compiling stm32f4xx_hal_eth.c...
compiling stm32f4xx_hal_msp.c...
compiling gpio.c...
compiling usart.c...
compiling stm32f4xx_hal_uart.c...
compiling main.c...
compiling socket_select_server.c...
compiling stm32f4xx_hal_tim_ex.c...
compiling stm32f4xx_hal_timebase_tim.c...
compiling ethernetif.c...
compiling socket_wrap.c...
compiling lwip.c...
compiling stm32f4xx_hal_tim.c...
compiling croutine.c...
compiling event_groups.c...
compiling list.c...
compiling queue.c...
compiling stream_buffer.c...
compiling tasks.c...
compiling stm32f4xx_hal_gpio.c...
compiling timers.c...
compiling stm32f4xx_hal_flash_ramfunc.c...
compiling stm32f4xx_hal_flash.c...
compiling stm32f4xx_hal_pwr.c...
compiling stm32f4xx_hal.c...
compiling stm32f4xx_hal_dma.c...
compiling stm32f4xx_hal_exti.c...
compiling system_stm32f4xx.c...
compiling stm32f4xx_hal_cortex.c...
compiling stm32f4xx_hal_dma_ex.c...
compiling stm32f4xx_hal_rcc.c...
compiling stm32f4xx_hal_pwr_ex.c...
compiling stm32f4xx_hal_flash_ex.c...
compiling heap_4.c...
compiling cmsis_os.c...
compiling port.c...
compiling stm32f4xx_hal_rcc_ex.c...
compiling mppe.c...
compiling ipcp.c...
compiling demand.c...
compiling eui64.c...
compiling chap_ms.c...
compiling multilink.c...
compiling auth.c...
compiling lcp.c...
compiling ccp.c...
compiling ipv6cp.c...
compiling fsm.c...
compiling chap-new.c...
compiling magic.c...
compiling chap-md5.c...
compiling eap.c...
compiling pppol2tp.c...
compiling lowpan6.c...
compiling ecp.c...
compiling pppoe.c...
compiling upap.c...
compiling pppapi.c...
compiling vj.c...
compiling ppp.c...
compiling slipif.c...
compiling pppos.c...
compiling utils.c...
compiling pppcrypt.c...
compiling api_lib.c...
compiling api_msg.c...
compiling ethernet.c...
compiling netifapi.c...
compiling altcp_alloc.c...
compiling ip.c...
compiling netdb.c...
compiling altcp.c...
compiling dns.c...
compiling inet_chksum.c...
compiling def.c...
compiling netbuf.c...
compiling altcp_tcp.c...
compiling err.c...
compiling sockets.c...
compiling tcpip.c...
compiling init.c...
compiling if_api.c...
compiling raw.c...
compiling dhcp.c...
compiling autoip.c...
compiling sys.c...
compiling stats.c...
compiling tcp_out.c...
compiling tcp.c...
compiling etharp.c...
compiling udp.c...
compiling mem.c...
compiling netif.c...
compiling memp.c...
compiling pbuf.c...
compiling tcp_in.c...
compiling timeouts.c...
compiling dhcp6.c...
compiling ethip6.c...
compiling igmp.c...
compiling icmp6.c...
compiling mld6.c...
compiling ip4_addr.c...
compiling ip6_frag.c...
compiling ip6_addr.c...
compiling ip6.c...
compiling nd6.c...
compiling icmp.c...
compiling ip4.c...
compiling inet6.c...
compiling sys_arch.c...
compiling ip4_frag.c...
compiling mqtt.c...
linking...
Program Size: Code=77192 RO-data=1228 RW-data=372 ZI-data=45412  
FromELF: creating hex file...
"Server\Server.axf" - 0 Error(s), 0 Warning(s).

<h2>Software Packages used:</h2>

Package Vendor: ARM
                http://www.keil.com/pack/ARM.CMSIS.5.0.1.pack
                ARM::CMSIS:CORE:5.0.1
                CMSIS (Cortex Microcontroller Software Interface Standard)
   * Component: CORE Version: 5.0.1

<h2>Collection of Component include folders:</h2>
  .\RTE\_Server
  C:\Keil_v5\ARM\PACK\ARM\CMSIS\5.0.1\CMSIS\Include
  C:\Keil_v5\ARM\PACK\Keil\STM32F4xx_DFP\2.12.0\Drivers\CMSIS\Device\ST\STM32F4xx\Include

<h2>Collection of Component Files used:</h2>

   * Component: ARM::CMSIS:CORE:5.0.1
Build Time Elapsed:  00:00:37
</pre>
</body>
</html>
