Component: ARM Compiler 5.06 update 4 (build 422) Tool: armlink [4d35d2]

==============================================================================

Section Cross References

    startup_stm32f407xx.o(RESET) refers to startup_stm32f407xx.o(STACK) for __initial_sp
    startup_stm32f407xx.o(RESET) refers to startup_stm32f407xx.o(.text) for Reset_Handler
    startup_stm32f407xx.o(RESET) refers to stm32f4xx_it.o(i.NMI_Handler) for NMI_Handler
    startup_stm32f407xx.o(RESET) refers to stm32f4xx_it.o(i.HardFault_Handler) for HardFault_Handler
    startup_stm32f407xx.o(RESET) refers to stm32f4xx_it.o(i.MemManage_Handler) for MemManage_Handler
    startup_stm32f407xx.o(RESET) refers to stm32f4xx_it.o(i.BusFault_Handler) for BusFault_Handler
    startup_stm32f407xx.o(RESET) refers to stm32f4xx_it.o(i.UsageFault_Handler) for UsageFault_Handler
    startup_stm32f407xx.o(RESET) refers to port.o(.emb_text) for SVC_Handler
    startup_stm32f407xx.o(RESET) refers to stm32f4xx_it.o(i.DebugMon_Handler) for DebugMon_Handler
    startup_stm32f407xx.o(RESET) refers to port.o(i.SysTick_Handler) for SysTick_Handler
    startup_stm32f407xx.o(RESET) refers to stm32f4xx_it.o(i.EXTI2_IRQHandler) for EXTI2_IRQHandler
    startup_stm32f407xx.o(RESET) refers to stm32f4xx_it.o(i.TIM1_UP_TIM10_IRQHandler) for TIM1_UP_TIM10_IRQHandler
    startup_stm32f407xx.o(RESET) refers to stm32f4xx_it.o(i.USART1_IRQHandler) for USART1_IRQHandler
    startup_stm32f407xx.o(RESET) refers to stm32f4xx_it.o(i.TIM6_DAC_IRQHandler) for TIM6_DAC_IRQHandler
    startup_stm32f407xx.o(.text) refers to system_stm32f4xx.o(i.SystemInit) for SystemInit
    startup_stm32f407xx.o(.text) refers to entry.o(.ARM.Collect$$$$00000000) for __main
    main.o(i.HAL_TIM_PeriodElapsedCallback) refers to stm32f4xx_hal.o(i.HAL_IncTick) for HAL_IncTick
    main.o(i.HAL_TIM_PeriodElapsedCallback) refers to tim.o(.data) for u32TimeCount
    main.o(i.SystemClock_Config) refers to memseta.o(.text) for __aeabi_memclr4
    main.o(i.SystemClock_Config) refers to stm32f4xx_hal_rcc.o(i.HAL_RCC_OscConfig) for HAL_RCC_OscConfig
    main.o(i.SystemClock_Config) refers to stm32f4xx_hal_rcc.o(i.HAL_RCC_ClockConfig) for HAL_RCC_ClockConfig
    main.o(i.main) refers to stm32f4xx_hal.o(i.HAL_Init) for HAL_Init
    main.o(i.main) refers to main.o(i.SystemClock_Config) for SystemClock_Config
    main.o(i.main) refers to gpio.o(i.MX_GPIO_Init) for MX_GPIO_Init
    main.o(i.main) refers to usart.o(i.MX_USART1_UART_Init) for MX_USART1_UART_Init
    main.o(i.main) refers to tim.o(i.MX_TIM6_Init) for MX_TIM6_Init
    main.o(i.main) refers to rtc.o(i.MX_RTC_Init) for MX_RTC_Init
    main.o(i.main) refers to freertos.o(i.MX_FREERTOS_Init) for MX_FREERTOS_Init
    main.o(i.main) refers to cmsis_os.o(i.osKernelStart) for osKernelStart
    gpio.o(i.HAL_GPIO_EXTI_Callback) refers to stm32f4xx_hal_gpio.o(i.HAL_GPIO_ReadPin) for HAL_GPIO_ReadPin
    gpio.o(i.HAL_GPIO_EXTI_Callback) refers to stm32f4xx_hal.o(i.HAL_Delay) for HAL_Delay
    gpio.o(i.HAL_GPIO_EXTI_Callback) refers to printf4.o(i.__0printf$4) for __2printf
    gpio.o(i.HAL_GPIO_EXTI_Callback) refers to gpio.o(.data) for .data
    gpio.o(i.MX_GPIO_Init) refers to memseta.o(.text) for __aeabi_memclr4
    gpio.o(i.MX_GPIO_Init) refers to stm32f4xx_hal_gpio.o(i.HAL_GPIO_WritePin) for HAL_GPIO_WritePin
    gpio.o(i.MX_GPIO_Init) refers to stm32f4xx_hal_gpio.o(i.HAL_GPIO_Init) for HAL_GPIO_Init
    gpio.o(i.MX_GPIO_Init) refers to stm32f4xx_hal_cortex.o(i.HAL_NVIC_SetPriority) for HAL_NVIC_SetPriority
    gpio.o(i.MX_GPIO_Init) refers to stm32f4xx_hal_cortex.o(i.HAL_NVIC_EnableIRQ) for HAL_NVIC_EnableIRQ
    freertos.o(i.CountAlarmInterval) refers to rtc.o(i.GetRTC) for GetRTC
    freertos.o(i.CountAlarmInterval) refers to memcpya.o(.text) for __aeabi_memcpy4
    freertos.o(i.CountAlarmInterval) refers to printf4.o(i.__0printf$4) for __2printf
    freertos.o(i.Delay_Task) refers to cmsis_os.o(i.osDelay) for osDelay
    freertos.o(i.Key0_Task) refers to stm32f4xx_hal_gpio.o(i.HAL_GPIO_WritePin) for HAL_GPIO_WritePin
    freertos.o(i.Key0_Task) refers to cmsis_os.o(i.osDelay) for osDelay
    freertos.o(i.Key0_Task) refers to gpio.o(.data) for KeyStatus
    freertos.o(i.Ledx_Task) refers to cmsis_os.o(i.osTimerStart) for osTimerStart
    freertos.o(i.Ledx_Task) refers to queue.o(i.xQueueReceive) for xQueueReceive
    freertos.o(i.Ledx_Task) refers to freertos.o(i.vLedParseString) for vLedParseString
    freertos.o(i.Ledx_Task) refers to memseta.o(.text) for __aeabi_memclr
    freertos.o(i.Ledx_Task) refers to freertos.o(.data) for .data
    freertos.o(i.Ledx_Task) refers to freertos.o(.bss) for .bss
    freertos.o(i.MX_FREERTOS_Init) refers to cmsis_os.o(i.osTimerCreate) for osTimerCreate
    freertos.o(i.MX_FREERTOS_Init) refers to cmsis_os.o(i.osMessageCreate) for osMessageCreate
    freertos.o(i.MX_FREERTOS_Init) refers to memcpya.o(.text) for __aeabi_memcpy4
[...]
    i.HAL_RTC_MspInit                        0x080013d4   Section        0  rtc.o(i.HAL_RTC_MspInit)
    i.HAL_RTC_SetDate                        0x0800140c   Section        0  stm32f4xx_hal_rtc.o(i.HAL_RTC_SetDate)
    i.HAL_RTC_SetTime                        0x080014a4   Section        0  stm32f4xx_hal_rtc.o(i.HAL_RTC_SetTime)
    i.HAL_RTC_WaitForSynchro                 0x08001564   Section        0  stm32f4xx_hal_rtc.o(i.HAL_RTC_WaitForSynchro)
    i.HAL_TIMEx_BreakCallback                0x0800159c   Section        0  stm32f4xx_hal_tim_ex.o(i.HAL_TIMEx_BreakCallback)
    i.HAL_TIMEx_CommutCallback               0x0800159e   Section        0  stm32f4xx_hal_tim_ex.o(i.HAL_TIMEx_CommutCallback)
    i.HAL_TIMEx_MasterConfigSynchronization  0x080015a0   Section        0  stm32f4xx_hal_tim_ex.o(i.HAL_TIMEx_MasterConfigSynchronization)
    i.HAL_TIM_Base_Init                      0x08001630   Section        0  stm32f4xx_hal_tim.o(i.HAL_TIM_Base_Init)
    i.HAL_TIM_Base_MspInit                   0x0800168c   Section        0  tim.o(i.HAL_TIM_Base_MspInit)
    i.HAL_TIM_Base_Start_IT                  0x080016c8   Section        0  stm32f4xx_hal_tim.o(i.HAL_TIM_Base_Start_IT)
    i.HAL_TIM_Base_Stop_IT                   0x08001748   Section        0  stm32f4xx_hal_tim.o(i.HAL_TIM_Base_Stop_IT)
    i.HAL_TIM_IC_CaptureCallback             0x08001778   Section        0  stm32f4xx_hal_tim.o(i.HAL_TIM_IC_CaptureCallback)
    i.HAL_TIM_IRQHandler                     0x0800177a   Section        0  stm32f4xx_hal_tim.o(i.HAL_TIM_IRQHandler)
    i.HAL_TIM_OC_DelayElapsedCallback        0x080018aa   Section        0  stm32f4xx_hal_tim.o(i.HAL_TIM_OC_DelayElapsedCallback)
    i.HAL_TIM_PWM_PulseFinishedCallback      0x080018ac   Section        0  stm32f4xx_hal_tim.o(i.HAL_TIM_PWM_PulseFinishedCallback)
    i.HAL_TIM_PeriodElapsedCallback          0x080018b0   Section        0  main.o(i.HAL_TIM_PeriodElapsedCallback)
    i.HAL_TIM_TriggerCallback                0x080018e8   Section        0  stm32f4xx_hal_tim.o(i.HAL_TIM_TriggerCallback)
    i.HAL_UARTEx_RxEventCallback             0x080018ea   Section        0  stm32f4xx_hal_uart.o(i.HAL_UARTEx_RxEventCallback)
    i.HAL_UART_ErrorCallback                 0x080018ec   Section        0  stm32f4xx_hal_uart.o(i.HAL_UART_ErrorCallback)
    i.HAL_UART_IRQHandler                    0x080018f0   Section        0  stm32f4xx_hal_uart.o(i.HAL_UART_IRQHandler)
    i.HAL_UART_Init                          0x08001b60   Section        0  stm32f4xx_hal_uart.o(i.HAL_UART_Init)
    i.HAL_UART_MspInit                       0x08001bc4   Section        0  usart.o(i.HAL_UART_MspInit)
    i.HAL_UART_RxCpltCallback                0x08001c48   Section        0  stm32f4xx_hal_uart.o(i.HAL_UART_RxCpltCallback)
    i.HAL_UART_TxCpltCallback                0x08001c4a   Section        0  stm32f4xx_hal_uart.o(i.HAL_UART_TxCpltCallback)
    i.HardFault_Handler                      0x08001c4c   Section        0  stm32f4xx_it.o(i.HardFault_Handler)
    i.Key0_Task                              0x08001c50   Section        0  freertos.o(i.Key0_Task)
    i.Ledx_Task                              0x08001c8c   Section        0  freertos.o(i.Ledx_Task)
    i.MX_FREERTOS_Init                       0x08001cdc   Section        0  freertos.o(i.MX_FREERTOS_Init)
    i.MX_GPIO_Init                           0x08001d8c   Section        0  gpio.o(i.MX_GPIO_Init)
    i.MX_RTC_Init                            0x08001e74   Section        0  rtc.o(i.MX_RTC_Init)
    i.MX_TIM6_Init                           0x08001ef4   Section        0  tim.o(i.MX_TIM6_Init)
    i.MX_USART1_UART_Init                    0x08001f38   Section        0  usart.o(i.MX_USART1_UART_Init)
    i.MemManage_Handler                      0x08001f70   Section        0  stm32f4xx_it.o(i.MemManage_Handler)
    i.NMI_Handler                            0x08001f72   Section        0  stm32f4xx_it.o(i.NMI_Handler)
    i.ParseAlarmTimeString                   0x08001f74   Section        0  freertos.o(i.ParseAlarmTimeString)
    i.ParseRealTimeString                    0x08002158   Section        0  freertos.o(i.ParseRealTimeString)
    i.RTC_Bcd2ToByte                         0x080022bc   Section        0  stm32f4xx_hal_rtc.o(i.RTC_Bcd2ToByte)
    i.RTC_ByteToBcd2                         0x080022ce   Section        0  stm32f4xx_hal_rtc.o(i.RTC_ByteToBcd2)
    i.RTC_EnterInitMode                      0x080022e4   Section        0  stm32f4xx_hal_rtc.o(i.RTC_EnterInitMode)
    i.RTC_ExitInitMode                       0x0800232c   Section        0  stm32f4xx_hal_rtc.o(i.RTC_ExitInitMode)
    i.Rtc_Timer                              0x08002356   Section        0  freertos.o(i.Rtc_Timer)
    i.SetRTC                                 0x08002364   Section        0  rtc.o(i.SetRTC)
    i.SysTick_Handler                        0x08002398   Section        0  port.o(i.SysTick_Handler)
    i.SystemClock_Config                     0x080023c4   Section        0  main.o(i.SystemClock_Config)
    i.SystemInit                             0x08002460   Section        0  system_stm32f4xx.o(i.SystemInit)
    i.TIM1_UP_TIM10_IRQHandler               0x08002470   Section        0  stm32f4xx_it.o(i.TIM1_UP_TIM10_IRQHandler)
    i.TIM6_DAC_IRQHandler                    0x0800247c   Section        0  stm32f4xx_it.o(i.TIM6_DAC_IRQHandler)
    i.TIM_Base_SetConfig                     0x08002488   Section        0  stm32f4xx_hal_tim.o(i.TIM_Base_SetConfig)
    i.UART_DMAAbortOnError                   0x08002560   Section        0  stm32f4xx_hal_uart.o(i.UART_DMAAbortOnError)
    UART_DMAAbortOnError                     0x08002561   Thumb Code    16  stm32f4xx_hal_uart.o(i.UART_DMAAbortOnError)
    i.UART_EndRxTransfer                     0x08002570   Section        0  stm32f4xx_hal_uart.o(i.UART_EndRxTransfer)
    UART_EndRxTransfer                       0x08002571   Thumb Code    78  stm32f4xx_hal_uart.o(i.UART_EndRxTransfer)
    i.UART_Receive_IT                        0x080025be   Section        0  stm32f4xx_hal_uart.o(i.UART_Receive_IT)
    UART_Receive_IT                          0x080025bf   Thumb Code   194  stm32f4xx_hal_uart.o(i.UART_Receive_IT)
    i.UART_SetConfig                         0x08002680   Section        0  stm32f4xx_hal_uart.o(i.UART_SetConfig)
    UART_SetConfig                           0x08002681   Thumb Code   258  stm32f4xx_hal_uart.o(i.UART_SetConfig)
    i.USART1_IRQHandler                      0x0800278c   Section        0  stm32f4xx_it.o(i.USART1_IRQHandler)
    i.UsageFault_Handler                     0x080027c0   Section        0  stm32f4xx_it.o(i.UsageFault_Handler)
    i.Usart_Task                             0x080027c4   Section        0  freertos.o(i.Usart_Task)
    i.__0printf$4                            0x08002814   Section        0  printf4.o(i.__0printf$4)
    i.__NVIC_SetPriority                     0x08002834   Section        0  stm32f4xx_hal_cortex.o(i.__NVIC_SetPriority)
    __NVIC_SetPriority                       0x08002835   Thumb Code    32  stm32f4xx_hal_cortex.o(i.__NVIC_SetPriority)
    i.__aeabi_errno_addr                     0x08002854   Section        0  errno.o(i.__aeabi_errno_addr)
    i.__scatterload_copy                     0x0800285c   Section       14  handlers.o(i.__scatterload_copy)
    i.__scatterload_null                     0x0800286a   Section        2  handlers.o(i.__scatterload_null)
    i.__scatterload_zeroinit                 0x0800286c   Section       14  handlers.o(i.__scatterload_zeroinit)
    i._printf_core                           0x0800287c   Section        0  printf4.o(i._printf_core)
    _printf_core                             0x0800287d   Thumb Code   552  printf4.o(i._printf_core)
    i.configureTimerForRunTimeStats          0x08002aa8   Section        0  freertos.o(i.configureTimerForRunTimeStats)
    i.fputc                                  0x08002ac0   Section        0  main.o(i.fputc)
    i.getRunTimeCounterValue                 0x08002ad4   Section        0  freertos.o(i.getRunTimeCounterValue)
    i.inHandlerMode                          0x08002ae0   Section        0  cmsis_os.o(i.inHandlerMode)
    inHandlerMode                            0x08002ae1   Thumb Code    12  cmsis_os.o(i.inHandlerMode)
    i.main                                   0x08002aec   Section        0  main.o(i.main)
    i.makeFreeRtosPriority                   0x08002b0e   Section        0  cmsis_os.o(i.makeFreeRtosPriority)
    makeFreeRtosPriority                     0x08002b0f   Thumb Code    12  cmsis_os.o(i.makeFreeRtosPriority)
    i.osDelay                                0x08002b1a   Section        0  cmsis_os.o(i.osDelay)
    i.osKernelStart                          0x08002b28   Section        0  cmsis_os.o(i.osKernelStart)
    i.osMessageCreate                        0x08002b32   Section        0  cmsis_os.o(i.osMessageCreate)
    i.osThreadCreate                         0x08002b58   Section        0  cmsis_os.o(i.osThreadCreate)
    i.osTimerCreate                          0x08002bac   Section        0  cmsis_os.o(i.osTimerCreate)
    i.osTimerStart                           0x08002bec   Section        0  cmsis_os.o(i.osTimerStart)
    i.prvAddCurrentTaskToDelayedList         0x08002c48   Section        0  tasks.o(i.prvAddCurrentTaskToDelayedList)
    prvAddCurrentTaskToDelayedList           0x08002c49   Thumb Code   102  tasks.o(i.prvAddCurrentTaskToDelayedList)
    i.prvAddNewTaskToReadyList               0x08002cb8   Section        0  tasks.o(i.prvAddNewTaskToReadyList)
    prvAddNewTaskToReadyList                 0x08002cb9   Thumb Code   196  tasks.o(i.prvAddNewTaskToReadyList)
    i.prvCheckForValidListAndQueue           0x08002d88   Section        0  timers.o(i.prvCheckForValidListAndQueue)
    prvCheckForValidListAndQueue             0x08002d89   Thumb Code    72  timers.o(i.prvCheckForValidListAndQueue)
    i.prvCopyDataFromQueue                   0x08002de0   Section        0  queue.o(i.prvCopyDataFromQueue)
    prvCopyDataFromQueue                     0x08002de1   Thumb Code    38  queue.o(i.prvCopyDataFromQueue)
    i.prvCopyDataToQueue                     0x08002e06   Section        0  queue.o(i.prvCopyDataToQueue)
    prvCopyDataToQueue                       0x08002e07   Thumb Code   108  queue.o(i.prvCopyDataToQueue)
    i.prvDeleteTCB                           0x08002e72   Section        0  tasks.o(i.prvDeleteTCB)
    prvDeleteTCB                             0x08002e73   Thumb Code    52  tasks.o(i.prvDeleteTCB)
    i.prvHeapInit                            0x08002ea8   Section        0  heap_4.o(i.prvHeapInit)
    prvHeapInit                              0x08002ea9   Thumb Code    66  heap_4.o(i.prvHeapInit)
    i.prvIdleTask                            0x08002ef4   Section        0  tasks.o(i.prvIdleTask)
    prvIdleTask                              0x08002ef5   Thumb Code    82  tasks.o(i.prvIdleTask)
    i.prvInitialiseNewQueue                  0x08002f54   Section        0  queue.o(i.prvInitialiseNewQueue)
    prvInitialiseNewQueue                    0x08002f55   Thumb Code    34  queue.o(i.prvInitialiseNewQueue)
    i.prvInitialiseNewTask                   0x08002f78   Section        0  tasks.o(i.prvInitialiseNewTask)
    prvInitialiseNewTask                     0x08002f79   Thumb Code   178  tasks.o(i.prvInitialiseNewTask)
    i.prvInitialiseNewTimer                  0x0800302a   Section        0  timers.o(i.prvInitialiseNewTimer)
    prvInitialiseNewTimer                    0x0800302b   Thumb Code    78  timers.o(i.prvInitialiseNewTimer)
    i.prvInsertBlockIntoFreeList             0x08003078   Section        0  heap_4.o(i.prvInsertBlockIntoFreeList)
    prvInsertBlockIntoFreeList               0x08003079   Thumb Code    72  heap_4.o(i.prvInsertBlockIntoFreeList)
    i.prvInsertTimerInActiveList             0x080030c4   Section        0  timers.o(i.prvInsertTimerInActiveList)
    prvInsertTimerInActiveList               0x080030c5   Thumb Code    52  timers.o(i.prvInsertTimerInActiveList)
    i.prvIsQueueEmpty                        0x080030fc   Section        0  queue.o(i.prvIsQueueEmpty)
    prvIsQueueEmpty                          0x080030fd   Thumb Code    28  queue.o(i.prvIsQueueEmpty)
    i.prvProcessReceivedCommands             0x08003118   Section        0  timers.o(i.prvProcessReceivedCommands)
    prvProcessReceivedCommands               0x08003119   Thumb Code   234  timers.o(i.prvProcessReceivedCommands)
    i.prvProcessTimerOrBlockTask             0x08003208   Section        0  timers.o(i.prvProcessTimerOrBlockTask)
    prvProcessTimerOrBlockTask               0x08003209   Thumb Code   182  timers.o(i.prvProcessTimerOrBlockTask)
    i.prvResetNextTaskUnblockTime            0x080032c8   Section        0  tasks.o(i.prvResetNextTaskUnblockTime)
    prvResetNextTaskUnblockTime              0x080032c9   Thumb Code    26  tasks.o(i.prvResetNextTaskUnblockTime)
    i.prvSampleTimeNow                       0x080032e8   Section        0  timers.o(i.prvSampleTimeNow)
    prvSampleTimeNow                         0x080032e9   Thumb Code    36  timers.o(i.prvSampleTimeNow)
    i.prvSwitchTimerLists                    0x08003310   Section        0  timers.o(i.prvSwitchTimerLists)
    prvSwitchTimerLists                      0x08003311   Thumb Code   104  timers.o(i.prvSwitchTimerLists)
    i.prvTaskExitError                       0x0800337c   Section        0  port.o(i.prvTaskExitError)
    prvTaskExitError                         0x0800337d   Thumb Code    36  port.o(i.prvTaskExitError)
    i.prvTimerTask                           0x080033a4   Section        0  timers.o(i.prvTimerTask)
    prvTimerTask                             0x080033a5   Thumb Code    32  timers.o(i.prvTimerTask)
    i.prvUnlockQueue                         0x080033c8   Section        0  queue.o(i.prvUnlockQueue)
    prvUnlockQueue                           0x080033c9   Thumb Code   106  queue.o(i.prvUnlockQueue)
    i.pvPortMalloc                           0x08003434   Section        0  heap_4.o(i.pvPortMalloc)
    i.pvTimerGetTimerID                      0x08003510   Section        0  timers.o(i.pvTimerGetTimerID)
    i.pxPortInitialiseStack                  0x08003534   Section        0  port.o(i.pxPortInitialiseStack)
    i.uxListRemove                           0x08003560   Section        0  list.o(i.uxListRemove)
    i.vApplicationGetIdleTaskMemory          0x08003588   Section        0  freertos.o(i.vApplicationGetIdleTaskMemory)
    i.vApplicationGetTimerTaskMemory         0x0800359c   Section        0  freertos.o(i.vApplicationGetTimerTaskMemory)
    i.vApplicationStackOverflowHook          0x080035b4   Section        0  freertos.o(i.vApplicationStackOverflowHook)
    i.vCmdParseString                        0x080035d4   Section        0  freertos.o(i.vCmdParseString)
    i.vLedParseString                        0x08003620   Section        0  freertos.o(i.vLedParseString)
    i.vListInitialise                        0x080036a0   Section        0  list.o(i.vListInitialise)
    i.vListInitialiseItem                    0x080036b6   Section        0  list.o(i.vListInitialiseItem)
    i.vListInsert                            0x080036bc   Section        0  list.o(i.vListInsert)
    i.vListInsertEnd                         0x080036ec   Section        0  list.o(i.vListInsertEnd)
    i.vPortEnterCritical                     0x08003704   Section        0  port.o(i.vPortEnterCritical)
    i.vPortExitCritical                      0x08003744   Section        0  port.o(i.vPortExitCritical)
    i.vPortFree                              0x0800376c   Section        0  heap_4.o(i.vPortFree)
    i.vPortSetupTimerInterrupt               0x080037d0   Section        0  port.o(i.vPortSetupTimerInterrupt)
    i.vPortValidateInterruptPriority         0x080037f4   Section        0  port.o(i.vPortValidateInterruptPriority)
    i.vQueueAddToRegistry                    0x08003848   Section        0  queue.o(i.vQueueAddToRegistry)
    i.vQueueWaitForMessageRestricted         0x08003870   Section        0  queue.o(i.vQueueWaitForMessageRestricted)
    i.vTaskDelay                             0x080038b4   Section        0  tasks.o(i.vTaskDelay)
    i.vTaskInternalSetTimeOutState           0x08003900   Section        0  tasks.o(i.vTaskInternalSetTimeOutState)
    i.vTaskMissedYield                       0x08003910   Section        0  tasks.o(i.vTaskMissedYield)
    i.vTaskPlaceOnEventList                  0x0800391c   Section        0  tasks.o(i.vTaskPlaceOnEventList)
    i.vTaskPlaceOnEventListRestricted        0x0800394c   Section        0  tasks.o(i.vTaskPlaceOnEventListRestricted)
    i.vTaskStartScheduler                    0x08003984   Section        0  tasks.o(i.vTaskStartScheduler)
    i.vTaskSuspendAll                        0x08003a10   Section        0  tasks.o(i.vTaskSuspendAll)
    i.vTaskSwitchContext                     0x08003a20   Section        0  tasks.o(i.vTaskSwitchContext)
    i.vTimerCallback                         0x08003aac   Section        0  freertos.o(i.vTimerCallback)
    i.xPortStartScheduler                    0x08003b40   Section        0  port.o(i.xPortStartScheduler)
    i.xQueueGenericCreate                    0x08003c34   Section        0  queue.o(i.xQueueGenericCreate)
    i.xQueueGenericCreateStatic              0x08003c76   Section        0  queue.o(i.xQueueGenericCreateStatic)
    i.xQueueGenericReset                     0x08003cdc   Section        0  queue.o(i.xQueueGenericReset)
    i.xQueueGenericSend                      0x08003d64   Section        0  queue.o(i.xQueueGenericSend)
    i.xQueueGenericSendFromISR               0x08003ec4   Section        0  queue.o(i.xQueueGenericSendFromISR)
    i.xQueueReceive                          0x08003f84   Section        0  queue.o(i.xQueueReceive)
    i.xTaskCheckForTimeOut                   0x080040bc   Section        0  tasks.o(i.xTaskCheckForTimeOut)
    i.xTaskCreate                            0x08004130   Section        0  tasks.o(i.xTaskCreate)
    i.xTaskCreateStatic                      0x0800418a   Section        0  tasks.o(i.xTaskCreateStatic)
    i.xTaskGetSchedulerState                 0x080041e0   Section        0  tasks.o(i.xTaskGetSchedulerState)
    i.xTaskGetTickCount                      0x080041fc   Section        0  tasks.o(i.xTaskGetTickCount)
    i.xTaskIncrementTick                     0x08004208   Section        0  tasks.o(i.xTaskIncrementTick)
    i.xTaskPriorityDisinherit                0x080042d4   Section        0  tasks.o(i.xTaskPriorityDisinherit)
    i.xTaskRemoveFromEventList               0x0800436c   Section        0  tasks.o(i.xTaskRemoveFromEventList)
    i.xTaskResumeAll                         0x080043e0   Section        0  tasks.o(i.xTaskResumeAll)
    i.xTimerCreate                           0x080044a4   Section        0  timers.o(i.xTimerCreate)
    i.xTimerCreateStatic                     0x080044d8   Section        0  timers.o(i.xTimerCreateStatic)
    i.xTimerCreateTimerTask                  0x08004508   Section        0  timers.o(i.xTimerCreateTimerTask)
    i.xTimerGenericCommand                   0x08004568   Section        0  timers.o(i.xTimerGenericCommand)
    .constdata                               0x080045c8   Section      152  freertos.o(.constdata)
    .constdata                               0x08004660   Section       16  system_stm32f4xx.o(.constdata)
    .constdata                               0x08004670   Section        8  system_stm32f4xx.o(.constdata)
    .constdata                               0x08004678   Section      129  ctype_o.o(.constdata)
    .constdata                               0x080046fc   Section        4  ctype_o.o(.constdata)
    table                                    0x080046fc   Data           4  ctype_o.o(.constdata)
    .conststring                             0x08004700   Section       94  freertos.o(.conststring)
    .data                                    0x20000000   Section        1  gpio.o(.data)
    .data                                    0x20000004   Section       72  freertos.o(.data)
    .data                                    0x2000004c   Section        4  tim.o(.data)
    .data                                    0x20000050   Section       12  stm32f4xx_hal.o(.data)
    .data                                    0x2000005c   Section        4  system_stm32f4xx.o(.data)
    .data                                    0x20000060   Section       68  tasks.o(.data)
    uxDeletedTasksWaitingCleanUp             0x20000064   Data           4  tasks.o(.data)
    uxCurrentNumberOfTasks                   0x20000068   Data           4  tasks.o(.data)
    xTickCount                               0x2000006c   Data           4  tasks.o(.data)
    uxTopReadyPriority                       0x20000070   Data           4  tasks.o(.data)
    xSchedulerRunning                        0x20000074   Data           4  tasks.o(.data)
    xPendedTicks                             0x20000078   Data           4  tasks.o(.data)
    xYieldPending                            0x2000007c   Data           4  tasks.o(.data)
    xNumOfOverflows                          0x20000080   Data           4  tasks.o(.data)
    uxTaskNumber                             0x20000084   Data           4  tasks.o(.data)
    xNextTaskUnblockTime                     0x20000088   Data           4  tasks.o(.data)
    xIdleTaskHandle                          0x2000008c   Data           4  tasks.o(.data)
    uxSchedulerSuspended                     0x20000090   Data           4  tasks.o(.data)
    ulTaskSwitchedInTime                     0x20000094   Data           4  tasks.o(.data)
    ulTotalRunTime                           0x20000098   Data           4  tasks.o(.data)
    pxDelayedTaskList                        0x2000009c   Data           4  tasks.o(.data)
    pxOverflowDelayedTaskList                0x200000a0   Data           4  tasks.o(.data)
    .data                                    0x200000a4   Section       20  timers.o(.data)
    xTimerQueue                              0x200000a4   Data           4  timers.o(.data)
    xTimerTaskHandle                         0x200000a8   Data           4  timers.o(.data)
    xLastTime                                0x200000ac   Data           4  timers.o(.data)
    pxCurrentTimerList                       0x200000b0   Data           4  timers.o(.data)
    pxOverflowTimerList                      0x200000b4   Data           4  timers.o(.data)
    .data                                    0x200000b8   Section       32  heap_4.o(.data)
    pxEnd                                    0x200000b8   Data           4  heap_4.o(.data)
    xFreeBytesRemaining                      0x200000bc   Data           4  heap_4.o(.data)
    xMinimumEverFreeBytesRemaining           0x200000c0   Data           4  heap_4.o(.data)
    xNumberOfSuccessfulAllocations           0x200000c4   Data           4  heap_4.o(.data)
    xNumberOfSuccessfulFrees                 0x200000c8   Data           4  heap_4.o(.data)
    xBlockAllocatedBit                       0x200000cc   Data           4  heap_4.o(.data)
    xStart                                   0x200000d0   Data           8  heap_4.o(.data)
    .data                                    0x200000d8   Section       12  port.o(.data)
    ucMaxSysCallPriority                     0x200000d8   Data           1  port.o(.data)
    uxCriticalNesting                        0x200000dc   Data           4  port.o(.data)
    ulMaxPRIGROUPValue                       0x200000e0   Data           4  port.o(.data)
    .data                                    0x200000e4   Section        4  strtok.o(.data)
    state                                    0x200000e4   Data           4  strtok.o(.data)
    .data                                    0x200000e8   Section        4  stdout.o(.data)
    .data                                    0x200000ec   Section        4  errno.o(.data)
    _errno                                   0x200000ec   Data           4  errno.o(.data)
    .bss                                     0x200000f0   Section     1908  freertos.o(.bss)
    u8LedMessageBuff                         0x20000122   Data          20  freertos.o(.bss)
    xIdleTaskTCBBuffer                       0x200001a4   Data          96  freertos.o(.bss)
    xIdleStack                               0x20000204   Data         512  freertos.o(.bss)
    xTimerTaskTCBBuffer                      0x20000404   Data          96  freertos.o(.bss)
    xTimerStack                              0x20000464   Data        1024  freertos.o(.bss)
    .bss                                     0x20000864   Section      512  freertos.o(.bss)
    .bss                                     0x20000a64   Section       96  freertos.o(.bss)
    .bss                                     0x20000ac4   Section       32  rtc.o(.bss)
    .bss                                     0x20000ae4   Section       72  tim.o(.bss)
    .bss                                     0x20000b2c   Section       72  usart.o(.bss)
    .bss                                     0x20000b74   Section       72  stm32f4xx_hal_timebase_tim.o(.bss)
    .bss                                     0x20000bbc   Section       64  queue.o(.bss)
    .bss                                     0x20000bfc   Section      240  tasks.o(.bss)
    pxReadyTasksLists                        0x20000bfc   Data         140  tasks.o(.bss)
    xDelayedTaskList1                        0x20000c88   Data          20  tasks.o(.bss)
    xDelayedTaskList2                        0x20000c9c   Data          20  tasks.o(.bss)
    xPendingReadyList                        0x20000cb0   Data          20  tasks.o(.bss)
    xTasksWaitingTermination                 0x20000cc4   Data          20  tasks.o(.bss)
    xSuspendedTaskList                       0x20000cd8   Data          20  tasks.o(.bss)
    .bss                                     0x20000cec   Section      240  timers.o(.bss)
    xStaticTimerQueue                        0x20000cec   Data          80  timers.o(.bss)
    ucStaticTimerQueueStorage                0x20000d3c   Data         120  timers.o(.bss)
    xActiveTimerList1                        0x20000db4   Data          20  timers.o(.bss)
    xActiveTimerList2                        0x20000dc8   Data          20  timers.o(.bss)
    .bss                                     0x20000ddc   Section    15360  heap_4.o(.bss)
    ucHeap                                   0x20000ddc   Data       15360  heap_4.o(.bss)
    STACK                                    0x200049e0   Section     1024  startup_stm32f407xx.o(STACK)

    Global Symbols

    Symbol Name                              Value     Ov Type        Size  Object(Section)

    BuildAttributes$$THM_ISAv4$E$P$D$K$B$S$7EM$VFPi3$EXTD16$VFPS$VFMA$PE$A:L22UL41UL21$X:L11$S22US41US21$IEEE1$IW$USESV6$~STKCKD$USESV7$~SHL$OSPACE$ROPI$EBA8$MICROLIB$REQ8$PRES8$EABIv2 0x00000000   Number         0  anon$$obj.o ABSOLUTE
    __ARM_use_no_argv                        0x00000000   Number         0  main.o ABSOLUTE
    _printf_a                                0x00000000   Number         0  stubs.o ABSOLUTE
    _printf_c                                0x00000000   Number         0  stubs.o ABSOLUTE
    _printf_charcount                        0x00000000   Number         0  stubs.o ABSOLUTE
    _printf_d                                0x00000000   Number         0  stubs.o ABSOLUTE
    _printf_e                                0x00000000   Number         0  stubs.o ABSOLUTE
    _printf_f                                0x00000000   Number         0  stubs.o ABSOLUTE
    _printf_flags                            0x00000000   Number         0  stubs.o ABSOLUTE
    _printf_fp_dec                           0x00000000   Number         0  stubs.o ABSOLUTE
    _printf_fp_hex                           0x00000000   Number         0  stubs.o ABSOLUTE
    _printf_g                                0x00000000   Number         0  stubs.o ABSOLUTE
    _printf_i                                0x00000000   Number         0  stubs.o ABSOLUTE
    _printf_int_dec                          0x00000000   Number         0  stubs.o ABSOLUTE
    _printf_l                                0x00000000   Number         0  stubs.o ABSOLUTE
    _printf_lc                               0x00000000   Number         0  stubs.o ABSOLUTE
    _printf_ll                               0x00000000   Number         0  stubs.o ABSOLUTE
    _printf_lld                              0x00000000   Number         0  stubs.o ABSOLUTE
    _printf_lli                              0x00000000   Number         0  stubs.o ABSOLUTE
    _printf_llo                              0x00000000   Number         0  stubs.o ABSOLUTE
    _printf_llu                              0x00000000   Number         0  stubs.o ABSOLUTE
    _printf_llx                              0x00000000   Number         0  stubs.o ABSOLUTE
    _printf_longlong_dec                     0x00000000   Number         0  stubs.o ABSOLUTE
    _printf_longlong_hex                     0x00000000   Number         0  stubs.o ABSOLUTE
    _printf_longlong_oct                     0x00000000   Number         0  stubs.o ABSOLUTE
    _printf_ls                               0x00000000   Number         0  stubs.o ABSOLUTE
    _printf_mbtowc                           0x00000000   Number         0  stubs.o ABSOLUTE
    _printf_n                                0x00000000   Number         0  stubs.o ABSOLUTE
    _printf_o                                0x00000000   Number         0  stubs.o ABSOLUTE
    _printf_p                                0x00000000   Number         0  stubs.o ABSOLUTE
    _printf_percent                          0x00000000   Number         0  stubs.o ABSOLUTE
    _printf_pre_padding                      0x00000000   Number         0  stubs.o ABSOLUTE
    _printf_return_value                     0x00000000   Number         0  stubs.o ABSOLUTE
    _printf_s                                0x00000000   Number         0  stubs.o ABSOLUTE
    _printf_sizespec                         0x00000000   Number         0  stubs.o ABSOLUTE
    _printf_str                              0x00000000   Number         0  stubs.o ABSOLUTE
    _printf_truncate_signed                  0x00000000   Number         0  stubs.o ABSOLUTE
    _printf_truncate_unsigned                0x00000000   Number         0  stubs.o ABSOLUTE
    _printf_u                                0x00000000   Number         0  stubs.o ABSOLUTE
    _printf_wc                               0x00000000   Number         0  stubs.o ABSOLUTE
    _printf_wctomb                           0x00000000   Number         0  stubs.o ABSOLUTE
    _printf_widthprec                        0x00000000   Number         0  stubs.o ABSOLUTE
    _printf_x                                0x00000000   Number         0  stubs.o ABSOLUTE
    __cpp_initialize__aeabi_                  - Undefined Weak Reference
    __cxa_finalize                            - Undefined Weak Reference
    __decompress                              - Undefined Weak Reference
    _clock_init                               - Undefined Weak Reference
    _microlib_exit                            - Undefined Weak Reference
    __Vectors_Size                           0x00000188   Number         0  startup_stm32f407xx.o ABSOLUTE
    __Vectors                                0x08000000   Data           4  startup_stm32f407xx.o(RESET)
    __Vectors_End                            0x08000188   Data           0  startup_stm32f407xx.o(RESET)
    __main                                   0x08000189   Thumb Code     0  entry.o(.ARM.Collect$$$$00000000)
    _main_stk                                0x08000189   Thumb Code     0  entry2.o(.ARM.Collect$$$$00000001)
    _main_scatterload                        0x0800018d   Thumb Code     0  entry5.o(.ARM.Collect$$$$00000004)
    __main_after_scatterload                 0x08000191   Thumb Code     0  entry5.o(.ARM.Collect$$$$00000004)
    _main_clock                              0x08000191   Thumb Code     0  entry7b.o(.ARM.Collect$$$$00000008)
    _main_cpp_init                           0x08000191   Thumb Code     0  entry8b.o(.ARM.Collect$$$$0000000A)
    _main_init                               0x08000191   Thumb Code     0  entry9a.o(.ARM.Collect$$$$0000000B)
    __rt_final_cpp                           0x08000199   Thumb Code     0  entry10a.o(.ARM.Collect$$$$0000000D)
    __rt_final_exit                          0x08000199   Thumb Code     0  entry11a.o(.ARM.Collect$$$$0000000F)
    SVC_Handler                              0x0800019d   Thumb Code    28  port.o(.emb_text)
    __asm___6_port_c_39a90d8d__prvStartFirstTask 0x080001bd   Thumb Code    36  port.o(.emb_text)
    __asm___6_port_c_39a90d8d__prvEnableVFP  0x080001e5   Thumb Code    16  port.o(.emb_text)
    PendSV_Handler                           0x080001f9   Thumb Code    88  port.o(.emb_text)
    vPortGetIPSR                             0x08000255   Thumb Code     6  port.o(.emb_text)
    Reset_Handler                            0x0800025d   Thumb Code     8  startup_stm32f407xx.o(.text)
    ADC_IRQHandler                           0x08000277   Thumb Code     0  startup_stm32f407xx.o(.text)
    CAN1_RX0_IRQHandler                      0x08000277   Thumb Code     0  startup_stm32f407xx.o(.text)
    CAN1_RX1_IRQHandler                      0x08000277   Thumb Code     0  startup_stm32f407xx.o(.text)
    CAN1_SCE_IRQHandler                      0x08000277   Thumb Code     0  startup_stm32f407xx.o(.text)
    CAN1_TX_IRQHandler                       0x08000277   Thumb Code     0  startup_stm32f407xx.o(.text)
    CAN2_RX0_IRQHandler                      0x08000277   Thumb Code     0  startup_stm32f407xx.o(.text)
    CAN2_RX1_IRQHandler                      0x08000277   Thumb Code     0  startup_stm32f407xx.o(.text)
    CAN2_SCE_IRQHandler                      0x08000277   Thumb Code     0  startup_stm32f407xx.o(.text)
    CAN2_TX_IRQHandler                       0x08000277   Thumb Code     0  startup_stm32f407xx.o(.text)
    DCMI_IRQHandler                          0x08000277   Thumb Code     0  startup_stm32f407xx.o(.text)
    DMA1_Stream0_IRQHandler                  0x08000277   Thumb Code     0  startup_stm32f407xx.o(.text)
    DMA1_Stream1_IRQHandler                  0x08000277   Thumb Code     0  startup_stm32f407xx.o(.text)
    DMA1_Stream2_IRQHandler                  0x08000277   Thumb Code     0  startup_stm32f407xx.o(.text)
    DMA1_Stream3_IRQHandler                  0x08000277   Thumb Code     0  startup_stm32f407xx.o(.text)
    DMA1_Stream4_IRQHandler                  0x08000277   Thumb Code     0  startup_stm32f407xx.o(.text)
    DMA1_Stream5_IRQHandler                  0x08000277   Thumb Code     0  startup_stm32f407xx.o(.text)
    DMA1_Stream6_IRQHandler                  0x08000277   Thumb Code     0  startup_stm32f407xx.o(.text)
    DMA1_Stream7_IRQHandler                  0x08000277   Thumb Code     0  startup_stm32f407xx.o(.text)
    DMA2_Stream0_IRQHandler                  0x08000277   Thumb Code     0  startup_stm32f407xx.o(.text)
    DMA2_Stream1_IRQHandler                  0x08000277   Thumb Code     0  startup_stm32f407xx.o(.text)
    DMA2_Stream2_IRQHandler                  0x08000277   Thumb Code     0  startup_stm32f407xx.o(.text)
    DMA2_Stream3_IRQHandler                  0x08000277   Thumb Code     0  startup_stm32f407xx.o(.text)
    DMA2_Stream4_IRQHandler                  0x08000277   Thumb Code     0  startup_stm32f407xx.o(.text)
    DMA2_Stream5_IRQHandler                  0x08000277   Thumb Code     0  startup_stm32f407xx.o(.text)
    DMA2_Stream6_IRQHandler                  0x08000277   Thumb Code     0  startup_stm32f407xx.o(.text)
    DMA2_Stream7_IRQHandler                  0x08000277   Thumb Code     0  startup_stm32f407xx.o(.text)
    ETH_IRQHandler                           0x08000277   Thumb Code     0  startup_stm32f407xx.o(.text)
    ETH_WKUP_IRQHandler                      0x08000277   Thumb Code     0  startup_stm32f407xx.o(.text)
    EXTI0_IRQHandler                         0x08000277   Thumb Code     0  startup_stm32f407xx.o(.text)
    EXTI15_10_IRQHandler                     0x08000277   Thumb Code     0  startup_stm32f407xx.o(.text)
    EXTI1_IRQHandler                         0x08000277   Thumb Code     0  startup_stm32f407xx.o(.text)
    EXTI3_IRQHandler                         0x08000277   Thumb Code     0  startup_stm32f407xx.o(.text)
    EXTI4_IRQHandler                         0x08000277   Thumb Code     0  startup_stm32f407xx.o(.text)
    EXTI9_5_IRQHandler                       0x08000277   Thumb Code     0  startup_stm32f407xx.o(.text)
    FLASH_IRQHandler                         0x08000277   Thumb Code     0  startup_stm32f407xx.o(.text)
    FMC_IRQHandler                           0x08000277   Thumb Code     0  startup_stm32f407xx.o(.text)
    FPU_IRQHandler                           0x08000277   Thumb Code     0  startup_stm32f407xx.o(.text)
    HASH_RNG_IRQHandler                      0x08000277   Thumb Code     0  startup_stm32f407xx.o(.text)
    I2C1_ER_IRQHandler                       0x08000277   Thumb Code     0  startup_stm32f407xx.o(.text)
    I2C1_EV_IRQHandler                       0x08000277   Thumb Code     0  startup_stm32f407xx.o(.text)
    I2C2_ER_IRQHandler                       0x08000277   Thumb Code     0  startup_stm32f407xx.o(.text)
    I2C2_EV_IRQHandler                       0x08000277   Thumb Code     0  startup_stm32f407xx.o(.text)
    I2C3_ER_IRQHandler                       0x08000277   Thumb Code     0  startup_stm32f407xx.o(.text)
    I2C3_EV_IRQHandler                       0x08000277   Thumb Code     0  startup_stm32f407xx.o(.text)
    OTG_FS_IRQHandler                        0x08000277   Thumb Code     0  startup_stm32f407xx.o(.text)
    OTG_FS_WKUP_IRQHandler                   0x08000277   Thumb Code     0  startup_stm32f407xx.o(.text)
    OTG_HS_EP1_IN_IRQHandler                 0x08000277   Thumb Code     0  startup_stm32f407xx.o(.text)
    OTG_HS_EP1_OUT_IRQHandler                0x08000277   Thumb Code     0  startup_stm32f407xx.o(.text)
    OTG_HS_IRQHandler                        0x08000277   Thumb Code     0  startup_stm32f407xx.o(.text)
    OTG_HS_WKUP_IRQHandler                   0x08000277   Thumb Code     0  startup_stm32f407xx.o(.text)
    PVD_IRQHandler                           0x08000277   Thumb Code     0  startup_stm32f407xx.o(.text)
    RCC_IRQHandler                           0x08000277   Thumb Code     0  startup_stm32f407xx.o(.text)
    RTC_Alarm_IRQHandler                     0x08000277   Thumb Code     0  startup_stm32f407xx.o(.text)
    RTC_WKUP_IRQHandler                      0x08000277   Thumb Code     0  startup_stm32f407xx.o(.text)
    SDIO_IRQHandler                          0x08000277   Thumb Code     0  startup_stm32f407xx.o(.text)
    SPI1_IRQHandler                          0x08000277   Thumb Code     0  startup_stm32f407xx.o(.text)
    SPI2_IRQHandler                          0x08000277   Thumb Code     0  startup_stm32f407xx.o(.text)
    SPI3_IRQHandler                          0x08000277   Thumb Code     0  startup_stm32f407xx.o(.text)
    TAMP_STAMP_IRQHandler                    0x08000277   Thumb Code     0  startup_stm32f407xx.o(.text)
    TIM1_BRK_TIM9_IRQHandler                 0x08000277   Thumb Code     0  startup_stm32f407xx.o(.text)
    TIM1_CC_IRQHandler                       0x08000277   Thumb Code     0  startup_stm32f407xx.o(.text)
    TIM1_TRG_COM_TIM11_IRQHandler            0x08000277   Thumb Code     0  startup_stm32f407xx.o(.text)
    TIM2_IRQHandler                          0x08000277   Thumb Code     0  startup_stm32f407xx.o(.text)
    TIM3_IRQHandler                          0x08000277   Thumb Code     0  startup_stm32f407xx.o(.text)
    TIM4_IRQHandler                          0x08000277   Thumb Code     0  startup_stm32f407xx.o(.text)
    TIM5_IRQHandler                          0x08000277   Thumb Code     0  startup_stm32f407xx.o(.text)
    TIM7_IRQHandler                          0x08000277   Thumb Code     0  startup_stm32f407xx.o(.text)
    TIM8_BRK_TIM12_IRQHandler                0x08000277   Thumb Code     0  startup_stm32f407xx.o(.text)
    TIM8_CC_IRQHandler                       0x08000277   Thumb Code     0  startup_stm32f407xx.o(.text)
    TIM8_TRG_COM_TIM14_IRQHandler            0x08000277   Thumb Code     0  startup_stm32f407xx.o(.text)
    TIM8_UP_TIM13_IRQHandler                 0x08000277   Thumb Code     0  startup_stm32f407xx.o(.text)
    UART4_IRQHandler                         0x08000277   Thumb Code     0  startup_stm32f407xx.o(.text)
    UART5_IRQHandler                         0x08000277   Thumb Code     0  startup_stm32f407xx.o(.text)
    USART2_IRQHandler                        0x08000277   Thumb Code     0  startup_stm32f407xx.o(.text)
    USART3_IRQHandler                        0x08000277   Thumb Code     0  startup_stm32f407xx.o(.text)
    USART6_IRQHandler                        0x08000277   Thumb Code     0  startup_stm32f407xx.o(.text)
    WWDG_IRQHandler                          0x08000277   Thumb Code     0  startup_stm32f407xx.o(.text)
    __aeabi_uldivmod                         0x08000281   Thumb Code    98  uldiv.o(.text)
    __aeabi_memcpy                           0x080002e3   Thumb Code    36  memcpya.o(.text)
    __aeabi_memcpy4                          0x080002e3   Thumb Code     0  memcpya.o(.text)
    __aeabi_memcpy8                          0x080002e3   Thumb Code     0  memcpya.o(.text)
    __aeabi_memset                           0x08000307   Thumb Code    14  memseta.o(.text)
    __aeabi_memset4                          0x08000307   Thumb Code     0  memseta.o(.text)
    __aeabi_memset8                          0x08000307   Thumb Code     0  memseta.o(.text)
    __aeabi_memclr                           0x08000315   Thumb Code     4  memseta.o(.text)
    __aeabi_memclr4                          0x08000315   Thumb Code     0  memseta.o(.text)
    __aeabi_memclr8                          0x08000315   Thumb Code     0  memseta.o(.text)
    memset                                   0x08000319   Thumb Code    18  memseta.o(.text)
    strstr                                   0x0800032b   Thumb Code    36  strstr.o(.text)
    strlen                                   0x0800034f   Thumb Code    14  strlen.o(.text)
    strcmp                                   0x0800035d   Thumb Code    28  strcmp.o(.text)
    strncmp                                  0x08000379   Thumb Code    30  strncmp.o(.text)
    strtok                                   0x08000399   Thumb Code    62  strtok.o(.text)
    atoi                                     0x080003dd   Thumb Code    26  atoi.o(.text)
    __aeabi_llsl                             0x080003f7   Thumb Code    30  llshl.o(.text)
    _ll_shift_l                              0x080003f7   Thumb Code     0  llshl.o(.text)
    __aeabi_llsr                             0x08000415   Thumb Code    32  llushr.o(.text)
    _ll_ushift_r                             0x08000415   Thumb Code     0  llushr.o(.text)
    strtol                                   0x08000435   Thumb Code   112  strtol.o(.text)
    __scatterload                            0x080004a5   Thumb Code    28  init.o(.text)
    __scatterload_rt2                        0x080004a5   Thumb Code     0  init.o(.text)
    __rt_ctype_table                         0x080004c9   Thumb Code     4  ctype_o.o(.text)
    _strtoul                                 0x080004d1   Thumb Code   158  _strtoul.o(.text)
    _chval                                   0x0800056f   Thumb Code    28  _chval.o(.text)
    BusFault_Handler                         0x0800058b   Thumb Code     2  stm32f4xx_it.o(i.BusFault_Handler)
    CountAlarmInterval                       0x0800058d   Thumb Code   130  freertos.o(i.CountAlarmInterval)
    DebugMon_Handler                         0x08000649   Thumb Code     2  stm32f4xx_it.o(i.DebugMon_Handler)
    Delay_Task                               0x0800064b   Thumb Code    12  freertos.o(i.Delay_Task)
    EXTI2_IRQHandler                         0x08000657   Thumb Code     6  stm32f4xx_it.o(i.EXTI2_IRQHandler)
    Error_Handler                            0x0800065d   Thumb Code     4  main.o(i.Error_Handler)
    GetRTC                                   0x08000661   Thumb Code    90  rtc.o(i.GetRTC)
    HAL_DMA_Abort                            0x080006e1   Thumb Code   146  stm32f4xx_hal_dma.o(i.HAL_DMA_Abort)
    HAL_DMA_Abort_IT                         0x08000773   Thumb Code    36  stm32f4xx_hal_dma.o(i.HAL_DMA_Abort_IT)
    HAL_Delay                                0x08000799   Thumb Code    32  stm32f4xx_hal.o(i.HAL_Delay)
    HAL_GPIO_EXTI_Callback                   0x080007bd   Thumb Code    80  gpio.o(i.HAL_GPIO_EXTI_Callback)
    HAL_GPIO_EXTI_IRQHandler                 0x08000835   Thumb Code    18  stm32f4xx_hal_gpio.o(i.HAL_GPIO_EXTI_IRQHandler)
    HAL_GPIO_Init                            0x0800084d   Thumb Code   450  stm32f4xx_hal_gpio.o(i.HAL_GPIO_Init)
    HAL_GPIO_ReadPin                         0x08000a3d   Thumb Code    10  stm32f4xx_hal_gpio.o(i.HAL_GPIO_ReadPin)
    HAL_GPIO_WritePin                        0x08000a47   Thumb Code    10  stm32f4xx_hal_gpio.o(i.HAL_GPIO_WritePin)
    HAL_GetTick                              0x08000a51   Thumb Code     6  stm32f4xx_hal.o(i.HAL_GetTick)
    HAL_IncTick                              0x08000a5d   Thumb Code    12  stm32f4xx_hal.o(i.HAL_IncTick)
    HAL_Init                                 0x08000a6d   Thumb Code    48  stm32f4xx_hal.o(i.HAL_Init)
    HAL_InitTick                             0x08000aa1   Thumb Code   120  stm32f4xx_hal_timebase_tim.o(i.HAL_InitTick)
    HAL_MspInit                              0x08000b2d   Thumb Code    52  stm32f4xx_hal_msp.o(i.HAL_MspInit)
    HAL_NVIC_EnableIRQ                       0x08000b65   Thumb Code    26  stm32f4xx_hal_cortex.o(i.HAL_NVIC_EnableIRQ)
    HAL_NVIC_SetPriority                     0x08000b81   Thumb Code    60  stm32f4xx_hal_cortex.o(i.HAL_NVIC_SetPriority)
    HAL_NVIC_SetPriorityGrouping             0x08000bc1   Thumb Code    26  stm32f4xx_hal_cortex.o(i.HAL_NVIC_SetPriorityGrouping)
    HAL_RCCEx_PeriphCLKConfig                0x08000be5   Thumb Code   296  stm32f4xx_hal_rcc_ex.o(i.HAL_RCCEx_PeriphCLKConfig)
    HAL_RCC_ClockConfig                      0x08000d21   Thumb Code   288  stm32f4xx_hal_rcc.o(i.HAL_RCC_ClockConfig)
    HAL_RCC_GetClockConfig                   0x08000e55   Thumb Code    54  stm32f4xx_hal_rcc.o(i.HAL_RCC_GetClockConfig)
    HAL_RCC_GetPCLK1Freq                     0x08000e95   Thumb Code    20  stm32f4xx_hal_rcc.o(i.HAL_RCC_GetPCLK1Freq)
    HAL_RCC_GetPCLK2Freq                     0x08000eb5   Thumb Code    20  stm32f4xx_hal_rcc.o(i.HAL_RCC_GetPCLK2Freq)
    HAL_RCC_GetSysClockFreq                  0x08000ed5   Thumb Code    88  stm32f4xx_hal_rcc.o(i.HAL_RCC_GetSysClockFreq)
    HAL_RCC_OscConfig                        0x08000f35   Thumb Code   856  stm32f4xx_hal_rcc.o(i.HAL_RCC_OscConfig)
    HAL_RTC_GetDate                          0x080012a1   Thumb Code    62  stm32f4xx_hal_rtc.o(i.HAL_RTC_GetDate)
    HAL_RTC_GetTime                          0x080012e5   Thumb Code    78  stm32f4xx_hal_rtc.o(i.HAL_RTC_GetTime)
    HAL_RTC_Init                             0x08001339   Thumb Code   150  stm32f4xx_hal_rtc.o(i.HAL_RTC_Init)
    HAL_RTC_MspInit                          0x080013d5   Thumb Code    48  rtc.o(i.HAL_RTC_MspInit)
    HAL_RTC_SetDate                          0x0800140d   Thumb Code   146  stm32f4xx_hal_rtc.o(i.HAL_RTC_SetDate)
    HAL_RTC_SetTime                          0x080014a5   Thumb Code   186  stm32f4xx_hal_rtc.o(i.HAL_RTC_SetTime)
    HAL_RTC_WaitForSynchro                   0x08001565   Thumb Code    50  stm32f4xx_hal_rtc.o(i.HAL_RTC_WaitForSynchro)
    HAL_TIMEx_BreakCallback                  0x0800159d   Thumb Code     2  stm32f4xx_hal_tim_ex.o(i.HAL_TIMEx_BreakCallback)
    HAL_TIMEx_CommutCallback                 0x0800159f   Thumb Code     2  stm32f4xx_hal_tim_ex.o(i.HAL_TIMEx_CommutCallback)
    HAL_TIMEx_MasterConfigSynchronization    0x080015a1   Thumb Code   116  stm32f4xx_hal_tim_ex.o(i.HAL_TIMEx_MasterConfigSynchronization)
    HAL_TIM_Base_Init                        0x08001631   Thumb Code    90  stm32f4xx_hal_tim.o(i.HAL_TIM_Base_Init)
    HAL_TIM_Base_MspInit                     0x0800168d   Thumb Code    50  tim.o(i.HAL_TIM_Base_MspInit)
    HAL_TIM_Base_Start_IT                    0x080016c9   Thumb Code   100  stm32f4xx_hal_tim.o(i.HAL_TIM_Base_Start_IT)
    HAL_TIM_Base_Stop_IT                     0x08001749   Thumb Code    48  stm32f4xx_hal_tim.o(i.HAL_TIM_Base_Stop_IT)
    HAL_TIM_IC_CaptureCallback               0x08001779   Thumb Code     2  stm32f4xx_hal_tim.o(i.HAL_TIM_IC_CaptureCallback)
    HAL_TIM_IRQHandler                       0x0800177b   Thumb Code   304  stm32f4xx_hal_tim.o(i.HAL_TIM_IRQHandler)
    HAL_TIM_OC_DelayElapsedCallback          0x080018ab   Thumb Code     2  stm32f4xx_hal_tim.o(i.HAL_TIM_OC_DelayElapsedCallback)
    HAL_TIM_PWM_PulseFinishedCallback        0x080018ad   Thumb Code     2  stm32f4xx_hal_tim.o(i.HAL_TIM_PWM_PulseFinishedCallback)
    HAL_TIM_PeriodElapsedCallback            0x080018b1   Thumb Code    44  main.o(i.HAL_TIM_PeriodElapsedCallback)
    HAL_TIM_TriggerCallback                  0x080018e9   Thumb Code     2  stm32f4xx_hal_tim.o(i.HAL_TIM_TriggerCallback)
    HAL_UARTEx_RxEventCallback               0x080018eb   Thumb Code     2  stm32f4xx_hal_uart.o(i.HAL_UARTEx_RxEventCallback)
    HAL_UART_ErrorCallback                   0x080018ed   Thumb Code     2  stm32f4xx_hal_uart.o(i.HAL_UART_ErrorCallback)
    HAL_UART_IRQHandler                      0x080018f1   Thumb Code   618  stm32f4xx_hal_uart.o(i.HAL_UART_IRQHandler)
    HAL_UART_Init                            0x08001b61   Thumb Code   100  stm32f4xx_hal_uart.o(i.HAL_UART_Init)
    HAL_UART_MspInit                         0x08001bc5   Thumb Code   118  usart.o(i.HAL_UART_MspInit)
    HAL_UART_RxCpltCallback                  0x08001c49   Thumb Code     2  stm32f4xx_hal_uart.o(i.HAL_UART_RxCpltCallback)
    HAL_UART_TxCpltCallback                  0x08001c4b   Thumb Code     2  stm32f4xx_hal_uart.o(i.HAL_UART_TxCpltCallback)
    HardFault_Handler                        0x08001c4d   Thumb Code     2  stm32f4xx_it.o(i.HardFault_Handler)
    Key0_Task                                0x08001c51   Thumb Code    52  freertos.o(i.Key0_Task)
    Ledx_Task                                0x08001c8d   Thumb Code    72  freertos.o(i.Ledx_Task)
    MX_FREERTOS_Init                         0x08001cdd   Thumb Code   168  freertos.o(i.MX_FREERTOS_Init)
    MX_GPIO_Init                             0x08001d8d   Thumb Code   218  gpio.o(i.MX_GPIO_Init)
    MX_RTC_Init                              0x08001e75   Thumb Code   120  rtc.o(i.MX_RTC_Init)
    MX_TIM6_Init                             0x08001ef5   Thumb Code    58  tim.o(i.MX_TIM6_Init)
    MX_USART1_UART_Init                      0x08001f39   Thumb Code    48  usart.o(i.MX_USART1_UART_Init)
    MemManage_Handler                        0x08001f71   Thumb Code     2  stm32f4xx_it.o(i.MemManage_Handler)
    NMI_Handler                              0x08001f73   Thumb Code     2  stm32f4xx_it.o(i.NMI_Handler)
    ParseAlarmTimeString                     0x08001f75   Thumb Code   326  freertos.o(i.ParseAlarmTimeString)
    ParseRealTimeString                      0x08002159   Thumb Code   298  freertos.o(i.ParseRealTimeString)
    RTC_Bcd2ToByte                           0x080022bd   Thumb Code    18  stm32f4xx_hal_rtc.o(i.RTC_Bcd2ToByte)
    RTC_ByteToBcd2                           0x080022cf   Thumb Code    22  stm32f4xx_hal_rtc.o(i.RTC_ByteToBcd2)
    RTC_EnterInitMode                        0x080022e5   Thumb Code    72  stm32f4xx_hal_rtc.o(i.RTC_EnterInitMode)
    RTC_ExitInitMode                         0x0800232d   Thumb Code    42  stm32f4xx_hal_rtc.o(i.RTC_ExitInitMode)
    Rtc_Timer                                0x08002357   Thumb Code    14  freertos.o(i.Rtc_Timer)
    SetRTC                                   0x08002365   Thumb Code    46  rtc.o(i.SetRTC)
    SysTick_Handler                          0x08002399   Thumb Code    38  port.o(i.SysTick_Handler)
    SystemClock_Config                       0x080023c5   Thumb Code   148  main.o(i.SystemClock_Config)
    SystemInit                               0x08002461   Thumb Code    12  system_stm32f4xx.o(i.SystemInit)
    TIM1_UP_TIM10_IRQHandler                 0x08002471   Thumb Code     6  stm32f4xx_it.o(i.TIM1_UP_TIM10_IRQHandler)
    TIM6_DAC_IRQHandler                      0x0800247d   Thumb Code     6  stm32f4xx_it.o(i.TIM6_DAC_IRQHandler)
    TIM_Base_SetConfig                       0x08002489   Thumb Code   170  stm32f4xx_hal_tim.o(i.TIM_Base_SetConfig)
    USART1_IRQHandler                        0x0800278d   Thumb Code    42  stm32f4xx_it.o(i.USART1_IRQHandler)
    UsageFault_Handler                       0x080027c1   Thumb Code     2  stm32f4xx_it.o(i.UsageFault_Handler)
    Usart_Task                               0x080027c5   Thumb Code    72  freertos.o(i.Usart_Task)
    __0printf$4                              0x08002815   Thumb Code    22  printf4.o(i.__0printf$4)
    __1printf$4                              0x08002815   Thumb Code     0  printf4.o(i.__0printf$4)
    __2printf                                0x08002815   Thumb Code     0  printf4.o(i.__0printf$4)
    __aeabi_errno_addr                       0x08002855   Thumb Code     4  errno.o(i.__aeabi_errno_addr)
    __rt_errno_addr                          0x08002855   Thumb Code     0  errno.o(i.__aeabi_errno_addr)
    __scatterload_copy                       0x0800285d   Thumb Code    14  handlers.o(i.__scatterload_copy)
    __scatterload_null                       0x0800286b   Thumb Code     2  handlers.o(i.__scatterload_null)
    __scatterload_zeroinit                   0x0800286d   Thumb Code    14  handlers.o(i.__scatterload_zeroinit)
    configureTimerForRunTimeStats            0x08002aa9   Thumb Code    16  freertos.o(i.configureTimerForRunTimeStats)
    fputc                                    0x08002ac1   Thumb Code    14  main.o(i.fputc)
    getRunTimeCounterValue                   0x08002ad5   Thumb Code     6  freertos.o(i.getRunTimeCounterValue)
    main                                     0x08002aed   Thumb Code    34  main.o(i.main)
    osDelay                                  0x08002b1b   Thumb Code    14  cmsis_os.o(i.osDelay)
    osKernelStart                            0x08002b29   Thumb Code    10  cmsis_os.o(i.osKernelStart)
    osMessageCreate                          0x08002b33   Thumb Code    38  cmsis_os.o(i.osMessageCreate)
    osThreadCreate                           0x08002b59   Thumb Code    84  cmsis_os.o(i.osThreadCreate)
    osTimerCreate                            0x08002bad   Thumb Code    60  cmsis_os.o(i.osTimerCreate)
    osTimerStart                             0x08002bed   Thumb Code    88  cmsis_os.o(i.osTimerStart)
    pvPortMalloc                             0x08003435   Thumb Code   216  heap_4.o(i.pvPortMalloc)
    pvTimerGetTimerID                        0x08003511   Thumb Code    36  timers.o(i.pvTimerGetTimerID)
    pxPortInitialiseStack                    0x08003535   Thumb Code    40  port.o(i.pxPortInitialiseStack)
    uxListRemove                             0x08003561   Thumb Code    38  list.o(i.uxListRemove)
    vApplicationGetIdleTaskMemory            0x08003589   Thumb Code    16  freertos.o(i.vApplicationGetIdleTaskMemory)
    vApplicationGetTimerTaskMemory           0x0800359d   Thumb Code    18  freertos.o(i.vApplicationGetTimerTaskMemory)
    vApplicationStackOverflowHook            0x080035b5   Thumb Code     6  freertos.o(i.vApplicationStackOverflowHook)
    vCmdParseString                          0x080035d5   Thumb Code    50  freertos.o(i.vCmdParseString)
    vLedParseString                          0x08003621   Thumb Code   112  freertos.o(i.vLedParseString)
    vListInitialise                          0x080036a1   Thumb Code    22  list.o(i.vListInitialise)
    vListInitialiseItem                      0x080036b7   Thumb Code     6  list.o(i.vListInitialiseItem)
    vListInsert                              0x080036bd   Thumb Code    48  list.o(i.vListInsert)
    vListInsertEnd                           0x080036ed   Thumb Code    24  list.o(i.vListInsertEnd)
    vPortEnterCritical                       0x08003705   Thumb Code    54  port.o(i.vPortEnterCritical)
    vPortExitCritical                        0x08003745   Thumb Code    34  port.o(i.vPortExitCritical)
    vPortFree                                0x0800376d   Thumb Code    94  heap_4.o(i.vPortFree)
    vPortSetupTimerInterrupt                 0x080037d1   Thumb Code    32  port.o(i.vPortSetupTimerInterrupt)
    vPortValidateInterruptPriority           0x080037f5   Thumb Code    74  port.o(i.vPortValidateInterruptPriority)
    vQueueAddToRegistry                      0x08003849   Thumb Code    34  queue.o(i.vQueueAddToRegistry)
    vQueueWaitForMessageRestricted           0x08003871   Thumb Code    68  queue.o(i.vQueueWaitForMessageRestricted)
    vTaskDelay                               0x080038b5   Thumb Code    66  tasks.o(i.vTaskDelay)
    vTaskInternalSetTimeOutState             0x08003901   Thumb Code    12  tasks.o(i.vTaskInternalSetTimeOutState)
    vTaskMissedYield                         0x08003911   Thumb Code     8  tasks.o(i.vTaskMissedYield)
    vTaskPlaceOnEventList                    0x0800391d   Thumb Code    44  tasks.o(i.vTaskPlaceOnEventList)
    vTaskPlaceOnEventListRestricted          0x0800394d   Thumb Code    52  tasks.o(i.vTaskPlaceOnEventListRestricted)
    vTaskStartScheduler                      0x08003985   Thumb Code   122  tasks.o(i.vTaskStartScheduler)
    vTaskSuspendAll                          0x08003a11   Thumb Code    10  tasks.o(i.vTaskSuspendAll)
    vTaskSwitchContext                       0x08003a21   Thumb Code   130  tasks.o(i.vTaskSwitchContext)
    vTimerCallback                           0x08003aad   Thumb Code    90  freertos.o(i.vTimerCallback)
    xPortStartScheduler                      0x08003b41   Thumb Code   222  port.o(i.xPortStartScheduler)
    xQueueGenericCreate                      0x08003c35   Thumb Code    66  queue.o(i.xQueueGenericCreate)
    xQueueGenericCreateStatic                0x08003c77   Thumb Code   102  queue.o(i.xQueueGenericCreateStatic)
    xQueueGenericReset                       0x08003cdd   Thumb Code   132  queue.o(i.xQueueGenericReset)
    xQueueGenericSend                        0x08003d65   Thumb Code   346  queue.o(i.xQueueGenericSend)
    xQueueGenericSendFromISR                 0x08003ec5   Thumb Code   190  queue.o(i.xQueueGenericSendFromISR)
    xQueueReceive                            0x08003f85   Thumb Code   308  queue.o(i.xQueueReceive)
    xTaskCheckForTimeOut                     0x080040bd   Thumb Code   112  tasks.o(i.xTaskCheckForTimeOut)
    xTaskCreate                              0x08004131   Thumb Code    90  tasks.o(i.xTaskCreate)
    xTaskCreateStatic                        0x0800418b   Thumb Code    86  tasks.o(i.xTaskCreateStatic)
    xTaskGetSchedulerState                   0x080041e1   Thumb Code    22  tasks.o(i.xTaskGetSchedulerState)
    xTaskGetTickCount                        0x080041fd   Thumb Code     6  tasks.o(i.xTaskGetTickCount)
    xTaskIncrementTick                       0x08004209   Thumb Code   194  tasks.o(i.xTaskIncrementTick)
    xTaskPriorityDisinherit                  0x080042d5   Thumb Code   144  tasks.o(i.xTaskPriorityDisinherit)
    xTaskRemoveFromEventList                 0x0800436d   Thumb Code   108  tasks.o(i.xTaskRemoveFromEventList)
    xTaskResumeAll                           0x080043e1   Thumb Code   182  tasks.o(i.xTaskResumeAll)
    xTimerCreate                             0x080044a5   Thumb Code    52  timers.o(i.xTimerCreate)
    xTimerCreateStatic                       0x080044d9   Thumb Code    46  timers.o(i.xTimerCreateStatic)
    xTimerCreateTimerTask                    0x08004509   Thumb Code    78  timers.o(i.xTimerCreateTimerTask)
    xTimerGenericCommand                     0x08004569   Thumb Code    92  timers.o(i.xTimerGenericCommand)
    AHBPrescTable                            0x08004660   Data          16  system_stm32f4xx.o(.constdata)
    APBPrescTable                            0x08004670   Data           8  system_stm32f4xx.o(.constdata)
    __ctype_table                            0x08004678   Data         129  ctype_o.o(.constdata)
    Region$$Table$$Base                      0x08004760   Number         0  anon$$obj.o(Region$$Table)
    Region$$Table$$Limit                     0x08004780   Number         0  anon$$obj.o(Region$$Table)
    KeyStatus                                0x20000000   Data           1  gpio.o(.data)
    LedPin                                   0x20000004   Data           4  freertos.o(.data)
    UsartTaskHandle                          0x20000008   Data           4  freertos.o(.data)
    LedxTaskHandle                           0x2000000c   Data           4  freertos.o(.data)
    Key0TaskHandle                           0x20000010   Data           4  freertos.o(.data)
    DelayTaskHandle                          0x20000014   Data           4  freertos.o(.data)
    CmdQueueHandle                           0x20000018   Data           4  freertos.o(.data)
    LedQueueHandle                           0x2000001c   Data           4  freertos.o(.data)
    RtcTimerHandle                           0x20000020   Data           4  freertos.o(.data)
    OpenString                               0x20000024   Data           8  freertos.o(.data)
    CloseString                              0x2000002c   Data           8  freertos.o(.data)
    LedPort                                  0x20000034   Data           8  freertos.o(.data)
    LedCmdString                             0x2000003c   Data          16  freertos.o(.data)
    u32TimeCount                             0x2000004c   Data           4  tim.o(.data)
    uwTickFreq                               0x20000050   Data           1  stm32f4xx_hal.o(.data)
    uwTickPrio                               0x20000054   Data           4  stm32f4xx_hal.o(.data)
    uwTick                                   0x20000058   Data           4  stm32f4xx_hal.o(.data)
    SystemCoreClock                          0x2000005c   Data           4  system_stm32f4xx.o(.data)
    pxCurrentTCB                             0x20000060   Data           4  tasks.o(.data)
    __stdout                                 0x200000e8   Data           4  stdout.o(.data)
    u8CmdBuff                                0x200000f0   Data          50  freertos.o(.bss)
    RealTimeString                           0x20000136   Data          60  freertos.o(.bss)
    AlarmTimeString                          0x20000172   Data          50  freertos.o(.bss)
    UsartTaskBuffer                          0x20000864   Data         512  freertos.o(.bss)
    UsartTaskControlBlock                    0x20000a64   Data          96  freertos.o(.bss)
    hrtc                                     0x20000ac4   Data          32  rtc.o(.bss)
    htim6                                    0x20000ae4   Data          72  tim.o(.bss)
    huart1                                   0x20000b2c   Data          72  usart.o(.bss)
    htim1                                    0x20000b74   Data          72  stm32f4xx_hal_timebase_tim.o(.bss)
    xQueueRegistry                           0x20000bbc   Data          64  queue.o(.bss)
    __initial_sp                             0x20004de0   Data           0  startup_stm32f407xx.o(STACK)



==============================================================================

Memory Map of the image

  Image Entry point : 0x08000189

  Load Region LR_IROM1 (Base: 0x08000000, Size: 0x00004870, Max: 0x00100000, ABSOLUTE)

    Execution Region ER_IROM1 (Base: 0x08000000, Size: 0x00004780, Max: 0x00100000, ABSOLUTE)

    Base Addr    Size         Type   Attr      Idx    E Section Name        Object

    0x08000000   0x00000188   Data   RO            3    RESET               startup_stm32f407xx.o
    0x08000188   0x00000000   Code   RO         5158  * .ARM.Collect$$$$00000000  mc_w.l(entry.o)
    0x08000188   0x00000004   Code   RO         5450    .ARM.Collect$$$$00000001  mc_w.l(entry2.o)
    0x0800018c   0x00000004   Code   RO         5453    .ARM.Collect$$$$00000004  mc_w.l(entry5.o)
    0x08000190   0x00000000   Code   RO         5455    .ARM.Collect$$$$00000008  mc_w.l(entry7b.o)
    0x08000190   0x00000000   Code   RO         5457    .ARM.Collect$$$$0000000A  mc_w.l(entry8b.o)
    0x08000190   0x00000008   Code   RO         5458    .ARM.Collect$$$$0000000B  mc_w.l(entry9a.o)
    0x08000198   0x00000000   Code   RO         5460    .ARM.Collect$$$$0000000D  mc_w.l(entry10a.o)
    0x08000198   0x00000000   Code   RO         5462    .ARM.Collect$$$$0000000F  mc_w.l(entry11a.o)
    0x08000198   0x00000004   Code   RO         5451    .ARM.Collect$$$$00002712  mc_w.l(entry2.o)
    0x0800019c   0x000000be   Code   RO         5081    .emb_text           port.o
    0x0800025a   0x00000002   PAD
    0x0800025c   0x00000024   Code   RO            4    .text               startup_stm32f407xx.o
    0x08000280   0x00000062   Code   RO         5161    .text               mc_w.l(uldiv.o)
    0x080002e2   0x00000024   Code   RO         5163    .text               mc_w.l(memcpya.o)
    0x08000306   0x00000024   Code   RO         5167    .text               mc_w.l(memseta.o)
    0x0800032a   0x00000024   Code   RO         5169    .text               mc_w.l(strstr.o)
    0x0800034e   0x0000000e   Code   RO         5171    .text               mc_w.l(strlen.o)
    0x0800035c   0x0000001c   Code   RO         5173    .text               mc_w.l(strcmp.o)
    0x08000378   0x0000001e   Code   RO         5177    .text               mc_w.l(strncmp.o)
    0x08000396   0x00000002   PAD
    0x08000398   0x00000044   Code   RO         5179    .text               mc_w.l(strtok.o)
    0x080003dc   0x0000001a   Code   RO         5448    .text               mc_w.l(atoi.o)
    0x080003f6   0x0000001e   Code   RO         5467    .text               mc_w.l(llshl.o)
    0x08000414   0x00000020   Code   RO         5469    .text               mc_w.l(llushr.o)
    0x08000434   0x00000070   Code   RO         5478    .text               mc_w.l(strtol.o)
    0x080004a4   0x00000024   Code   RO         5491    .text               mc_w.l(init.o)
    0x080004c8   0x00000008   Code   RO         5495    .text               mc_w.l(ctype_o.o)
    0x080004d0   0x0000009e   Code   RO         5523    .text               mc_w.l(_strtoul.o)
    0x0800056e   0x0000001c   Code   RO         5527    .text               mc_w.l(_chval.o)
    0x0800058a   0x00000002   Code   RO          549    i.BusFault_Handler  stm32f4xx_it.o
    0x0800058c   0x000000bc   Code   RO          258    i.CountAlarmInterval  freertos.o
    0x08000648   0x00000002   Code   RO          550    i.DebugMon_Handler  stm32f4xx_it.o
    0x0800064a   0x0000000c   Code   RO          259    i.Delay_Task        freertos.o
    0x08000656   0x00000006   Code   RO          551    i.EXTI2_IRQHandler  stm32f4xx_it.o
    0x0800065c   0x00000004   Code   RO           13    i.Error_Handler     main.o
    0x08000660   0x00000080   Code   RO          410    i.GetRTC            rtc.o
    0x080006e0   0x00000092   Code   RO         1156    i.HAL_DMA_Abort     stm32f4xx_hal_dma.o
    0x08000772   0x00000024   Code   RO         1157    i.HAL_DMA_Abort_IT  stm32f4xx_hal_dma.o
    0x08000796   0x00000002   PAD
    0x08000798   0x00000024   Code   RO         1581    i.HAL_Delay         stm32f4xx_hal.o
    0x080007bc   0x00000078   Code   RO          225    i.HAL_GPIO_EXTI_Callback  gpio.o
    0x08000834   0x00000018   Code   RO         1048    i.HAL_GPIO_EXTI_IRQHandler  stm32f4xx_hal_gpio.o
    0x0800084c   0x000001f0   Code   RO         1049    i.HAL_GPIO_Init     stm32f4xx_hal_gpio.o
    0x08000a3c   0x0000000a   Code   RO         1051    i.HAL_GPIO_ReadPin  stm32f4xx_hal_gpio.o
    0x08000a46   0x0000000a   Code   RO         1053    i.HAL_GPIO_WritePin  stm32f4xx_hal_gpio.o
    0x08000a50   0x0000000c   Code   RO         1587    i.HAL_GetTick       stm32f4xx_hal.o
    0x08000a5c   0x00000010   Code   RO         1593    i.HAL_IncTick       stm32f4xx_hal.o
    0x08000a6c   0x00000034   Code   RO         1594    i.HAL_Init          stm32f4xx_hal.o
    0x08000aa0   0x0000008c   Code   RO          655    i.HAL_InitTick      stm32f4xx_hal_timebase_tim.o
    0x08000b2c   0x00000038   Code   RO          631    i.HAL_MspInit       stm32f4xx_hal_msp.o
    0x08000b64   0x0000001a   Code   RO         1439    i.HAL_NVIC_EnableIRQ  stm32f4xx_hal_cortex.o
    0x08000b7e   0x00000002   PAD
    0x08000b80   0x00000040   Code   RO         1445    i.HAL_NVIC_SetPriority  stm32f4xx_hal_cortex.o
    0x08000bc0   0x00000024   Code   RO         1446    i.HAL_NVIC_SetPriorityGrouping  stm32f4xx_hal_cortex.o
    0x08000be4   0x0000013c   Code   RO          800    i.HAL_RCCEx_PeriphCLKConfig  stm32f4xx_hal_rcc_ex.o
    0x08000d20   0x00000134   Code   RO          695    i.HAL_RCC_ClockConfig  stm32f4xx_hal_rcc.o
    0x08000e54   0x00000040   Code   RO          699    i.HAL_RCC_GetClockConfig  stm32f4xx_hal_rcc.o
    0x08000e94   0x00000020   Code   RO          702    i.HAL_RCC_GetPCLK1Freq  stm32f4xx_hal_rcc.o
    0x08000eb4   0x00000020   Code   RO          703    i.HAL_RCC_GetPCLK2Freq  stm32f4xx_hal_rcc.o
    0x08000ed4   0x00000060   Code   RO          704    i.HAL_RCC_GetSysClockFreq  stm32f4xx_hal_rcc.o
    0x08000f34   0x0000036c   Code   RO          707    i.HAL_RCC_OscConfig  stm32f4xx_hal_rcc.o
    0x080012a0   0x00000044   Code   RO         1842    i.HAL_RTC_GetDate   stm32f4xx_hal_rtc.o
    0x080012e4   0x00000054   Code   RO         1844    i.HAL_RTC_GetTime   stm32f4xx_hal_rtc.o
    0x08001338   0x0000009c   Code   RO         1845    i.HAL_RTC_Init      stm32f4xx_hal_rtc.o
    0x080013d4   0x00000038   Code   RO          412    i.HAL_RTC_MspInit   rtc.o
    0x0800140c   0x00000098   Code   RO         1851    i.HAL_RTC_SetDate   stm32f4xx_hal_rtc.o
    0x080014a4   0x000000c0   Code   RO         1852    i.HAL_RTC_SetTime   stm32f4xx_hal_rtc.o
    0x08001564   0x00000038   Code   RO         1853    i.HAL_RTC_WaitForSynchro  stm32f4xx_hal_rtc.o
    0x0800159c   0x00000002   Code   RO         2938    i.HAL_TIMEx_BreakCallback  stm32f4xx_hal_tim_ex.o
    0x0800159e   0x00000002   Code   RO         2939    i.HAL_TIMEx_CommutCallback  stm32f4xx_hal_tim_ex.o
    0x080015a0   0x00000090   Code   RO         2957    i.HAL_TIMEx_MasterConfigSynchronization  stm32f4xx_hal_tim_ex.o
    0x08001630   0x0000005a   Code   RO         2234    i.HAL_TIM_Base_Init  stm32f4xx_hal_tim.o
    0x0800168a   0x00000002   PAD
    0x0800168c   0x0000003c   Code   RO          465    i.HAL_TIM_Base_MspInit  tim.o
    0x080016c8   0x00000080   Code   RO         2239    i.HAL_TIM_Base_Start_IT  stm32f4xx_hal_tim.o
    0x08001748   0x00000030   Code   RO         2242    i.HAL_TIM_Base_Stop_IT  stm32f4xx_hal_tim.o
    0x08001778   0x00000002   Code   RO         2268    i.HAL_TIM_IC_CaptureCallback  stm32f4xx_hal_tim.o
    0x0800177a   0x00000130   Code   RO         2282    i.HAL_TIM_IRQHandler  stm32f4xx_hal_tim.o
    0x080018aa   0x00000002   Code   RO         2285    i.HAL_TIM_OC_DelayElapsedCallback  stm32f4xx_hal_tim.o
    0x080018ac   0x00000002   Code   RO         2312    i.HAL_TIM_PWM_PulseFinishedCallback  stm32f4xx_hal_tim.o
    0x080018ae   0x00000002   PAD
    0x080018b0   0x00000038   Code   RO           14    i.HAL_TIM_PeriodElapsedCallback  main.o
    0x080018e8   0x00000002   Code   RO         2325    i.HAL_TIM_TriggerCallback  stm32f4xx_hal_tim.o
    0x080018ea   0x00000002   Code   RO         3217    i.HAL_UARTEx_RxEventCallback  stm32f4xx_hal_uart.o
    0x080018ec   0x00000002   Code   RO         3231    i.HAL_UART_ErrorCallback  stm32f4xx_hal_uart.o
    0x080018ee   0x00000002   PAD
    0x080018f0   0x00000270   Code   RO         3234    i.HAL_UART_IRQHandler  stm32f4xx_hal_uart.o
    0x08001b60   0x00000064   Code   RO         3235    i.HAL_UART_Init     stm32f4xx_hal_uart.o
    0x08001bc4   0x00000084   Code   RO          508    i.HAL_UART_MspInit  usart.o
    0x08001c48   0x00000002   Code   RO         3241    i.HAL_UART_RxCpltCallback  stm32f4xx_hal_uart.o
    0x08001c4a   0x00000002   Code   RO         3246    i.HAL_UART_TxCpltCallback  stm32f4xx_hal_uart.o
    0x08001c4c   0x00000002   Code   RO          552    i.HardFault_Handler  stm32f4xx_it.o
    0x08001c4e   0x00000002   PAD
    0x08001c50   0x0000003c   Code   RO          260    i.Key0_Task         freertos.o
    0x08001c8c   0x00000050   Code   RO          261    i.Ledx_Task         freertos.o
    0x08001cdc   0x000000b0   Code   RO          262    i.MX_FREERTOS_Init  freertos.o
    0x08001d8c   0x000000e8   Code   RO          226    i.MX_GPIO_Init      gpio.o
    0x08001e74   0x00000080   Code   RO          413    i.MX_RTC_Init       rtc.o
    0x08001ef4   0x00000044   Code   RO          466    i.MX_TIM6_Init      tim.o
    0x08001f38   0x00000038   Code   RO          509    i.MX_USART1_UART_Init  usart.o
    0x08001f70   0x00000002   Code   RO          553    i.MemManage_Handler  stm32f4xx_it.o
    0x08001f72   0x00000002   Code   RO          554    i.NMI_Handler       stm32f4xx_it.o
    0x08001f74   0x000001e4   Code   RO          263    i.ParseAlarmTimeString  freertos.o
    0x08002158   0x00000164   Code   RO          264    i.ParseRealTimeString  freertos.o
    0x080022bc   0x00000012   Code   RO         1854    i.RTC_Bcd2ToByte    stm32f4xx_hal_rtc.o
    0x080022ce   0x00000016   Code   RO         1855    i.RTC_ByteToBcd2    stm32f4xx_hal_rtc.o
    0x080022e4   0x00000048   Code   RO         1856    i.RTC_EnterInitMode  stm32f4xx_hal_rtc.o
    0x0800232c   0x0000002a   Code   RO         1857    i.RTC_ExitInitMode  stm32f4xx_hal_rtc.o
    0x08002356   0x0000000e   Code   RO          265    i.Rtc_Timer         freertos.o
    0x08002364   0x00000034   Code   RO          414    i.SetRTC            rtc.o
    0x08002398   0x0000002c   Code   RO         5082    i.SysTick_Handler   port.o
    0x080023c4   0x0000009c   Code   RO           15    i.SystemClock_Config  main.o
    0x08002460   0x00000010   Code   RO         3569    i.SystemInit        system_stm32f4xx.o
    0x08002470   0x0000000c   Code   RO          555    i.TIM1_UP_TIM10_IRQHandler  stm32f4xx_it.o
    0x0800247c   0x0000000c   Code   RO          556    i.TIM6_DAC_IRQHandler  stm32f4xx_it.o
    0x08002488   0x000000d8   Code   RO         2327    i.TIM_Base_SetConfig  stm32f4xx_hal_tim.o
    0x08002560   0x00000010   Code   RO         3248    i.UART_DMAAbortOnError  stm32f4xx_hal_uart.o
    0x08002570   0x0000004e   Code   RO         3258    i.UART_EndRxTransfer  stm32f4xx_hal_uart.o
    0x080025be   0x000000c2   Code   RO         3260    i.UART_Receive_IT   stm32f4xx_hal_uart.o
    0x08002680   0x0000010c   Code   RO         3261    i.UART_SetConfig    stm32f4xx_hal_uart.o
    0x0800278c   0x00000034   Code   RO          557    i.USART1_IRQHandler  stm32f4xx_it.o
    0x080027c0   0x00000002   Code   RO          558    i.UsageFault_Handler  stm32f4xx_it.o
    0x080027c2   0x00000002   PAD
    0x080027c4   0x00000050   Code   RO          266    i.Usart_Task        freertos.o
    0x08002814   0x00000020   Code   RO         5298    i.__0printf$4       mc_w.l(printf4.o)
    0x08002834   0x00000020   Code   RO         1452    i.__NVIC_SetPriority  stm32f4xx_hal_cortex.o
    0x08002854   0x00000008   Code   RO         5471    i.__aeabi_errno_addr  mc_w.l(errno.o)
    0x0800285c   0x0000000e   Code   RO         5531    i.__scatterload_copy  mc_w.l(handlers.o)
    0x0800286a   0x00000002   Code   RO         5532    i.__scatterload_null  mc_w.l(handlers.o)
    0x0800286c   0x0000000e   Code   RO         5533    i.__scatterload_zeroinit  mc_w.l(handlers.o)
    0x0800287a   0x00000002   PAD
    0x0800287c   0x0000022c   Code   RO         5305    i._printf_core      mc_w.l(printf4.o)
    0x08002aa8   0x00000018   Code   RO          267    i.configureTimerForRunTimeStats  freertos.o
    0x08002ac0   0x00000014   Code   RO           16    i.fputc             main.o
    0x08002ad4   0x0000000c   Code   RO          268    i.getRunTimeCounterValue  freertos.o
    0x08002ae0   0x0000000c   Code   RO         4657    i.inHandlerMode     cmsis_os.o
    0x08002aec   0x00000022   Code   RO           17    i.main              main.o
    0x08002b0e   0x0000000c   Code   RO         4659    i.makeFreeRtosPriority  cmsis_os.o
    0x08002b1a   0x0000000e   Code   RO         4661    i.osDelay           cmsis_os.o
    0x08002b28   0x0000000a   Code   RO         4664    i.osKernelStart     cmsis_os.o
    0x08002b32   0x00000026   Code   RO         4673    i.osMessageCreate   cmsis_os.o
    0x08002b58   0x00000054   Code   RO         4698    i.osThreadCreate    cmsis_os.o
    0x08002bac   0x00000040   Code   RO         4709    i.osTimerCreate     cmsis_os.o
    0x08002bec   0x0000005c   Code   RO         4711    i.osTimerStart      cmsis_os.o
    0x08002c48   0x00000070   Code   RO         4126    i.prvAddCurrentTaskToDelayedList  tasks.o
    0x08002cb8   0x000000d0   Code   RO         4127    i.prvAddNewTaskToReadyList  tasks.o
    0x08002d88   0x00000058   Code   RO         4501    i.prvCheckForValidListAndQueue  timers.o
    0x08002de0   0x00000026   Code   RO         3759    i.prvCopyDataFromQueue  queue.o
    0x08002e06   0x0000006c   Code   RO         3760    i.prvCopyDataToQueue  queue.o
    0x08002e72   0x00000034   Code   RO         4128    i.prvDeleteTCB      tasks.o
    0x08002ea6   0x00000002   PAD
    0x08002ea8   0x0000004c   Code   RO         5026    i.prvHeapInit       heap_4.o
    0x08002ef4   0x00000060   Code   RO         4129    i.prvIdleTask       tasks.o
    0x08002f54   0x00000022   Code   RO         3762    i.prvInitialiseNewQueue  queue.o
    0x08002f76   0x00000002   PAD
    0x08002f78   0x000000b2   Code   RO         4130    i.prvInitialiseNewTask  tasks.o
    0x0800302a   0x0000004e   Code   RO         4502    i.prvInitialiseNewTimer  timers.o
    0x08003078   0x0000004c   Code   RO         5027    i.prvInsertBlockIntoFreeList  heap_4.o
    0x080030c4   0x00000038   Code   RO         4503    i.prvInsertTimerInActiveList  timers.o
    0x080030fc   0x0000001c   Code   RO         3763    i.prvIsQueueEmpty   queue.o
    0x08003118   0x000000f0   Code   RO         4504    i.prvProcessReceivedCommands  timers.o
    0x08003208   0x000000c0   Code   RO         4505    i.prvProcessTimerOrBlockTask  timers.o
    0x080032c8   0x00000020   Code   RO         4132    i.prvResetNextTaskUnblockTime  tasks.o
    0x080032e8   0x00000028   Code   RO         4506    i.prvSampleTimeNow  timers.o
    0x08003310   0x0000006c   Code   RO         4507    i.prvSwitchTimerLists  timers.o
    0x0800337c   0x00000028   Code   RO         5083    i.prvTaskExitError  port.o
    0x080033a4   0x00000024   Code   RO         4508    i.prvTimerTask      timers.o
    0x080033c8   0x0000006a   Code   RO         3764    i.prvUnlockQueue    queue.o
    0x08003432   0x00000002   PAD
    0x08003434   0x000000dc   Code   RO         5028    i.pvPortMalloc      heap_4.o
    0x08003510   0x00000024   Code   RO         4509    i.pvTimerGetTimerID  timers.o
    0x08003534   0x0000002c   Code   RO         5084    i.pxPortInitialiseStack  port.o
    0x08003560   0x00000026   Code   RO         3719    i.uxListRemove      list.o
    0x08003586   0x00000002   PAD
    0x08003588   0x00000014   Code   RO          269    i.vApplicationGetIdleTaskMemory  freertos.o
    0x0800359c   0x00000018   Code   RO          270    i.vApplicationGetTimerTaskMemory  freertos.o
    0x080035b4   0x00000020   Code   RO          271    i.vApplicationStackOverflowHook  freertos.o
    0x080035d4   0x0000004c   Code   RO          272    i.vCmdParseString   freertos.o
    0x08003620   0x00000080   Code   RO          273    i.vLedParseString   freertos.o
    0x080036a0   0x00000016   Code   RO         3720    i.vListInitialise   list.o
    0x080036b6   0x00000006   Code   RO         3721    i.vListInitialiseItem  list.o
    0x080036bc   0x00000030   Code   RO         3722    i.vListInsert       list.o
    0x080036ec   0x00000018   Code   RO         3723    i.vListInsertEnd    list.o
    0x08003704   0x00000040   Code   RO         5086    i.vPortEnterCritical  port.o
    0x08003744   0x00000028   Code   RO         5087    i.vPortExitCritical  port.o
    0x0800376c   0x00000064   Code   RO         5029    i.vPortFree         heap_4.o
    0x080037d0   0x00000024   Code   RO         5088    i.vPortSetupTimerInterrupt  port.o
    0x080037f4   0x00000054   Code   RO         5089    i.vPortValidateInterruptPriority  port.o
    0x08003848   0x00000028   Code   RO         3770    i.vQueueAddToRegistry  queue.o
    0x08003870   0x00000044   Code   RO         3774    i.vQueueWaitForMessageRestricted  queue.o
    0x080038b4   0x0000004c   Code   RO         4144    i.vTaskDelay        tasks.o
    0x08003900   0x00000010   Code   RO         4150    i.vTaskInternalSetTimeOutState  tasks.o
    0x08003910   0x0000000c   Code   RO         4152    i.vTaskMissedYield  tasks.o
    0x0800391c   0x00000030   Code   RO         4154    i.vTaskPlaceOnEventList  tasks.o
    0x0800394c   0x00000038   Code   RO         4155    i.vTaskPlaceOnEventListRestricted  tasks.o
    0x08003984   0x0000008c   Code   RO         4163    i.vTaskStartScheduler  tasks.o
    0x08003a10   0x00000010   Code   RO         4165    i.vTaskSuspendAll   tasks.o
    0x08003a20   0x0000008c   Code   RO         4166    i.vTaskSwitchContext  tasks.o
    0x08003aac   0x00000094   Code   RO          275    i.vTimerCallback    freertos.o
    0x08003b40   0x000000f4   Code   RO         5090    i.xPortStartScheduler  port.o
    0x08003c34   0x00000042   Code   RO         3777    i.xQueueGenericCreate  queue.o
    0x08003c76   0x00000066   Code   RO         3778    i.xQueueGenericCreateStatic  queue.o
    0x08003cdc   0x00000088   Code   RO         3779    i.xQueueGenericReset  queue.o
    0x08003d64   0x00000160   Code   RO         3780    i.xQueueGenericSend  queue.o
    0x08003ec4   0x000000be   Code   RO         3781    i.xQueueGenericSendFromISR  queue.o
    0x08003f82   0x00000002   PAD
    0x08003f84   0x00000138   Code   RO         3787    i.xQueueReceive     queue.o
    0x080040bc   0x00000074   Code   RO         4168    i.xTaskCheckForTimeOut  tasks.o
    0x08004130   0x0000005a   Code   RO         4169    i.xTaskCreate       tasks.o
    0x0800418a   0x00000056   Code   RO         4170    i.xTaskCreateStatic  tasks.o
    0x080041e0   0x0000001c   Code   RO         4174    i.xTaskGetSchedulerState  tasks.o
    0x080041fc   0x0000000c   Code   RO         4175    i.xTaskGetTickCount  tasks.o
    0x08004208   0x000000cc   Code   RO         4177    i.xTaskIncrementTick  tasks.o
    0x080042d4   0x00000098   Code   RO         4180    i.xTaskPriorityDisinherit  tasks.o
    0x0800436c   0x00000074   Code   RO         4182    i.xTaskRemoveFromEventList  tasks.o
    0x080043e0   0x000000c4   Code   RO         4183    i.xTaskResumeAll    tasks.o
    0x080044a4   0x00000034   Code   RO         4515    i.xTimerCreate      timers.o
    0x080044d8   0x0000002e   Code   RO         4516    i.xTimerCreateStatic  timers.o
    0x08004506   0x00000002   PAD
    0x08004508   0x00000060   Code   RO         4517    i.xTimerCreateTimerTask  timers.o
    0x08004568   0x00000060   Code   RO         4518    i.xTimerGenericCommand  timers.o
    0x080045c8   0x00000098   Data   RO          279    .constdata          freertos.o
    0x08004660   0x00000010   Data   RO         3570    .constdata          system_stm32f4xx.o
    0x08004670   0x00000008   Data   RO         3571    .constdata          system_stm32f4xx.o
    0x08004678   0x00000081   Data   RO         5496    .constdata          mc_w.l(ctype_o.o)
    0x080046f9   0x00000003   PAD
    0x080046fc   0x00000004   Data   RO         5497    .constdata          mc_w.l(ctype_o.o)
    0x08004700   0x0000005e   Data   RO          280    .conststring        freertos.o
    0x0800475e   0x00000002   PAD
    0x08004760   0x00000020   Data   RO         5529    Region$$Table       anon$$obj.o


    Execution Region RW_IRAM1 (Base: 0x20000000, Size: 0x00004de0, Max: 0x0001c000, ABSOLUTE)

    Base Addr    Size         Type   Attr      Idx    E Section Name        Object

    0x20000000   0x00000001   Data   RW          227    .data               gpio.o
    0x20000001   0x00000003   PAD
    0x20000004   0x00000048   Data   RW          281    .data               freertos.o
    0x2000004c   0x00000004   Data   RW          468    .data               tim.o
    0x20000050   0x0000000c   Data   RW         1601    .data               stm32f4xx_hal.o
    0x2000005c   0x00000004   Data   RW         3572    .data               system_stm32f4xx.o
    0x20000060   0x00000044   Data   RW         4186    .data               tasks.o
    0x200000a4   0x00000014   Data   RW         4524    .data               timers.o
    0x200000b8   0x00000020   Data   RW         5035    .data               heap_4.o
    0x200000d8   0x0000000c   Data   RW         5091    .data               port.o
    0x200000e4   0x00000004   Data   RW         5180    .data               mc_w.l(strtok.o)
    0x200000e8   0x00000004   Data   RW         5464    .data               mc_w.l(stdout.o)
    0x200000ec   0x00000004   Data   RW         5474    .data               mc_w.l(errno.o)
    0x200000f0   0x00000774   Zero   RW          276    .bss                freertos.o
    0x20000864   0x00000200   Zero   RW          277    .bss                freertos.o
    0x20000a64   0x00000060   Zero   RW          278    .bss                freertos.o
    0x20000ac4   0x00000020   Zero   RW          415    .bss                rtc.o
    0x20000ae4   0x00000048   Zero   RW          467    .bss                tim.o
    0x20000b2c   0x00000048   Zero   RW          510    .bss                usart.o
    0x20000b74   0x00000048   Zero   RW          658    .bss                stm32f4xx_hal_timebase_tim.o
    0x20000bbc   0x00000040   Zero   RW         3790    .bss                queue.o
    0x20000bfc   0x000000f0   Zero   RW         4185    .bss                tasks.o
    0x20000cec   0x000000f0   Zero   RW         4523    .bss                timers.o
    0x20000ddc   0x00003c00   Zero   RW         5034    .bss                heap_4.o
    0x200049dc   0x00000004   PAD
    0x200049e0   0x00000400   Zero   RW            1    STACK               startup_stm32f407xx.o


    Execution Region RW_IRAM2 (Base: 0x2001c000, Size: 0x00000000, Max: 0x00004000, ABSOLUTE)

    **** No section assigned to this execution region ****


==============================================================================

Image component sizes


      Code (inc. data)   RO Data    RW Data    ZI Data      Debug   Object Name

       326          8          0          0          0      31574   cmsis_os.o
         0          0          0          0          0      19968   event_groups.o
      1914        456        246         72       2516      20626   freertos.o
       352         54          0          1          0       1940   gpio.o
       472         24          0         32      15360       4939   heap_4.o
       138          0          0          0          0       3618   list.o
       270         26          0          0          0     735400   main.o
       786         82          0         12          0      11997   port.o
      1580         20          0          0         64      18622   queue.o
       364         60          0          0         32       3237   rtc.o
        36          8        392          0       1024        848   startup_stm32f407xx.o
       116         18          0         12          0       8802   stm32f4xx_hal.o
       158         14          0          0          0      33094   stm32f4xx_hal_cortex.o
       182          0          0          0          0       2135   stm32f4xx_hal_dma.o
       540         52          0          0          0       3538   stm32f4xx_hal_gpio.o
        56          4          0          0          0        890   stm32f4xx_hal_msp.o
      1408         82          0          0          0       5981   stm32f4xx_hal_rcc.o
       316         20          0          0          0       1416   stm32f4xx_hal_rcc_ex.o
       862         36          0          0          0       8317   stm32f4xx_hal_rtc.o
       794         74          0          0          0       7696   stm32f4xx_hal_tim.o
       148         28          0          0          0       2533   stm32f4xx_hal_tim_ex.o
       140         20          0          0         72       1467   stm32f4xx_hal_timebase_tim.o
      1288         16          0          0          0       8496   stm32f4xx_hal_uart.o
        94         22          0          0          0       4865   stm32f4xx_it.o
         0          0          0          0          0        392   stream_buffer.o
        16          4         24          4          0       1163   system_stm32f4xx.o
      2182        158          0         68        240      27416   tasks.o
       128         20          0          4         72       1691   tim.o
      1164         80          0         20        240      34087   timers.o
       188         22          0          0         72       1770   usart.o

    ----------------------------------------------------------------------
     16046       1408        696        228      19696    1008518   Object Totals
         0          0         32          0          0          0   (incl. Generated)
        28          0          2          3          4          0   (incl. Padding)

    ----------------------------------------------------------------------

      Code (inc. data)   RO Data    RW Data    ZI Data      Debug   Library Member Name

        28          0          0          0          0         68   _chval.o
       158          0          0          0          0         92   _strtoul.o
        26          0          0          0          0         80   atoi.o
         8          4        133          0          0         68   ctype_o.o
         0          0          0          0          0          0   entry.o
         0          0          0          0          0          0   entry10a.o
         0          0          0          0          0          0   entry11a.o
         8          4          0          0          0          0   entry2.o
         4          0          0          0          0          0   entry5.o
         0          0          0          0          0          0   entry7b.o
         0          0          0          0          0          0   entry8b.o
         8          4          0          0          0          0   entry9a.o
         8          4          0          4          0         68   errno.o
        30          0          0          0          0          0   handlers.o
        36          8          0          0          0         68   init.o
        30          0          0          0          0         68   llshl.o
        32          0          0          0          0         68   llushr.o
        36          0          0          0          0         68   memcpya.o
        36          0          0          0          0        108   memseta.o
       588         14          0          0          0        184   printf4.o
         0          0          0          4          0          0   stdout.o
        28          0          0          0          0         76   strcmp.o
        14          0          0          0          0         68   strlen.o
        30          0          0          0          0         80   strncmp.o
        36          0          0          0          0         80   strstr.o
        68          6          0          4          0         80   strtok.o
       112          0          0          0          0         88   strtol.o
        98          0          0          0          0         92   uldiv.o

    ----------------------------------------------------------------------
      1426         44        136         12          0       1504   Library Totals
         4          0          3          0          0          0   (incl. Padding)

    ----------------------------------------------------------------------

      Code (inc. data)   RO Data    RW Data    ZI Data      Debug   Library Name

      1422         44        133         12          0       1504   mc_w.l

    ----------------------------------------------------------------------
      1426         44        136         12          0       1504   Library Totals

    ----------------------------------------------------------------------

==============================================================================


      Code (inc. data)   RO Data    RW Data    ZI Data      Debug   

     17472       1452        832        240      19696     992898   Grand Totals
     17472       1452        832        240      19696     992898   ELF Image Totals
     17472       1452        832        240          0          0   ROM Totals

==============================================================================

    Total RO  Size (Code + RO Data)                18304 (  17.88kB)
    Total RW  Size (RW Data + ZI Data)             19936 (  19.47kB)
    Total ROM Size (Code + RO Data + RW Data)      18544 (  18.11kB)

==============================================================================

