<html>
<body>
<pre>
<h1>礦ision Build Log</h1>
<h2>Tool Versions:</h2>
IDE-Version: μVision V5.23.0.0
Copyright (C) 2017 ARM Ltd and ARM Germany GmbH. All rights reserved.
License Information: yang yuan, duobao, LIC=8VRJ7-EW0AZ-FW62N-YBJTM-X8RHG-DJF7M
 
Tool Versions:
Toolchain:       MDK-ARM Plus  Version: 5.23
Toolchain Path:  C:\Keil_v5\ARM\ARMCC\Bin
C Compiler:      Armcc.exe V5.06 update 4 (build 422)
Assembler:       Armasm.exe V5.06 update 4 (build 422)
Linker/Locator:  ArmLink.exe V5.06 update 4 (build 422)
Library Manager: ArmAr.exe V5.06 update 4 (build 422)
Hex Converter:   FromElf.exe V5.06 update 4 (build 422)
CPU DLL:         SARMCM3.DLL V5.23
Dialog DLL:      DCM.DLL V1.15.0.0
Target DLL:      STLink\ST-LINKIII-KEIL_SWO.dll V2.0.18.0
Dialog DLL:      TCM.DLL V1.27.0.0
 
<h2>Project:</h2>
F:\正点原子\code\3.LWIP网络开发\3.FreeRTOS&lwIP\cubemx\MDK-ARM\CS.uvprojx
Project File Date:  06/19/2024

<h2>Output:</h2>
*** Using Compiler 'V5.06 update 4 (build 422)', folder: 'C:\Keil_v5\ARM\ARMCC\Bin'
Rebuild target 'CS'
assembling startup_stm32f407xx.s...
compiling stm32f4xx_it.c...
compiling gpio.c...
compiling stm32f4xx_hal_uart.c...
compiling freertos.c...
compiling stm32f4xx_hal_rcc_ex.c...
compiling stm32f4xx_hal_eth.c...
compiling stm32f4xx_hal_msp.c...
compiling stm32f4xx_hal_timebase_tim.c...
compiling usart.c...
compiling lwip.c...
compiling stm32f4xx_hal_rcc.c...
compiling stm32f4xx_hal_tim_ex.c...
compiling main.c...
compiling ethernetif.c...
compiling stm32f4xx_hal_tim.c...
compiling croutine.c...
compiling event_groups.c...
compiling list.c...
compiling queue.c...
compiling stream_buffer.c...
compiling timers.c...
compiling tasks.c...
compiling heap_4.c...
compiling cmsis_os.c...
compiling port.c...
compiling stm32f4xx_hal_cortex.c...
compiling system_stm32f4xx.c...
compiling stm32f4xx_hal_pwr.c...
compiling stm32f4xx_hal_flash.c...
compiling stm32f4xx_hal_gpio.c...
compiling stm32f4xx_hal_dma.c...
compiling stm32f4xx_hal_flash_ex.c...
compiling stm32f4xx_hal_exti.c...
compiling stm32f4xx_hal.c...
compiling stm32f4xx_hal_flash_ramfunc.c...
compiling stm32f4xx_hal_pwr_ex.c...
compiling stm32f4xx_hal_dma_ex.c...
compiling auth.c...
compiling ccp.c...
compiling chap_ms.c...
compiling ipcp.c...
compiling chap-md5.c...
compiling mppe.c...
compiling multilink.c...
compiling chap-new.c...
compiling ipv6cp.c...
compiling fsm.c...
compiling lcp.c...
compiling magic.c...
compiling eui64.c...
compiling demand.c...
compiling eap.c...
compiling ppp.c...
compiling pppapi.c...
compiling pppos.c...
compiling pppol2tp.c...
compiling ethernet.c...
compiling pppoe.c...
compiling ecp.c...
compiling lowpan6.c...
compiling upap.c...
compiling slipif.c...
compiling utils.c...
compiling pppcrypt.c...
compiling vj.c...
compiling err.c...
compiling if_api.c...
compiling api_lib.c...
compiling api_msg.c...
compiling dns.c...
compiling altcp_tcp.c...
compiling def.c...
compiling altcp.c...
compiling netifapi.c...
compiling netdb.c...
compiling netbuf.c...
compiling altcp_alloc.c...
compiling inet_chksum.c...
compiling ip.c...
compiling mem.c...
compiling tcpip.c...
compiling init.c...
compiling memp.c...
compiling sockets.c...
compiling autoip.c...
compiling dhcp.c...
compiling icmp.c...
compiling igmp.c...
compiling sys.c...
compiling tcp_out.c...
compiling timeouts.c...
compiling tcp_in.c...
compiling stats.c...
compiling raw.c...
compiling etharp.c...
compiling tcp.c...
compiling udp.c...
compiling netif.c...
compiling pbuf.c...
compiling ip6_addr.c...
compiling inet6.c...
compiling ethip6.c...
compiling ip6.c...
compiling mld6.c...
compiling ip4.c...
compiling ip4_addr.c...
compiling nd6.c...
compiling ip6_frag.c...
compiling ip4_frag.c...
compiling dhcp6.c...
compiling icmp6.c...
compiling sys_arch.c...
compiling mqtt.c...
linking...
Program Size: Code=53368 RO-data=1156 RW-data=364 ZI-data=44260  
FromELF: creating hex file...
"CS\CS.axf" - 0 Error(s), 0 Warning(s).

<h2>Software Packages used:</h2>

Package Vendor: ARM
                http://www.keil.com/pack/ARM.CMSIS.5.0.1.pack
                ARM::CMSIS:CORE:5.0.1
                CMSIS (Cortex Microcontroller Software Interface Standard)
   * Component: CORE Version: 5.0.1

<h2>Collection of Component include folders:</h2>
  .\RTE\_CS
  C:\Keil_v5\ARM\PACK\ARM\CMSIS\5.0.1\CMSIS\Include
  C:\Keil_v5\ARM\PACK\Keil\STM32F4xx_DFP\2.12.0\Drivers\CMSIS\Device\ST\STM32F4xx\Include

<h2>Collection of Component Files used:</h2>

   * Component: ARM::CMSIS:CORE:5.0.1
Build Time Elapsed:  00:00:33
</pre>
</body>
</html>
